
Optional file libmchp_peripheral.a not found

Optional file libmchp_peripheral_32MX795F512L.a not found
Archive member included to satisfy reference by file (symbol)

e:/microchip/xc32/v3.01/bin/bin/../../lib/gcc/pic32mx/8.3.1\libgcc.a(floatunsisf.o)
                              build/default/production/_ext/513455433/plib_i2c2_master.o (__floatunsisf)
e:/microchip/xc32/v3.01/bin/bin/../../lib/gcc/pic32mx/8.3.1\libgcc.a(floatunsidf.o)
                              build/default/production/_ext/1701374055/Para_Calculations.o (__floatunsidf)
e:/microchip/xc32/v3.01/bin/bin/../../lib/gcc/pic32mx/8.3.1/../../../../pic32mx/lib\libpic32.a(memcpy.o)
                              build/default/production/_ext/1701374055/AtmelFlashMem.o (memcpy)
e:/microchip/xc32/v3.01/bin/bin/../../lib/gcc/pic32mx/8.3.1/../../../../pic32mx/lib\libpic32.a(memset.o)
                              build/default/production/_ext/1701375116/ETH_Module_Com.o (memset)
e:/microchip/xc32/v3.01/bin/bin/../../lib/gcc/pic32mx/8.3.1/../../../../pic32mx/lib\libpic32.a(strcpy.o)
                              build/default/production/_ext/1701374055/Ampli_functions.o (strcpy)
e:/microchip/xc32/v3.01/bin/bin/../../lib/gcc/pic32mx/8.3.1/../../../../pic32mx/lib\libpic32.a(strlen.o)
                              build/default/production/_ext/1701374055/ETH_NetBurner.o (strlen)
e:/microchip/xc32/v3.01/bin/bin/../../lib/gcc/pic32mx/8.3.1/../../../../pic32mx/lib\libpic32.a(default-on-reset.o)
                              C:\Users\UT\AppData\Local\Temp\ccuy376N.o (_on_reset)
e:/microchip/xc32/v3.01/bin/bin/../../lib/gcc/pic32mx/8.3.1/../../../../pic32mx/lib\libpic32.a(default-on-bootstrap.o)
                              C:\Users\UT\AppData\Local\Temp\ccuy376N.o (_on_bootstrap)
e:/microchip/xc32/v3.01/bin/bin/../../lib/gcc/pic32mx/8.3.1/../../../../pic32mx/lib\libpic32.a(default-nmi-handler.o)
                              C:\Users\UT\AppData\Local\Temp\ccuy376N.o (_nmi_handler)
e:/microchip/xc32/v3.01/bin/bin/../../lib/gcc/pic32mx/8.3.1/../../../../pic32mx/lib\libpic32.a(pic32_data_init.o)
                              C:\Users\UT\AppData\Local\Temp\ccuy376N.o (__pic32_data_init)
e:/microchip/xc32/v3.01/bin/bin/../../lib/gcc/pic32mx/8.3.1/../../../../pic32mx/lib\libpic32.a(general-exception.o)
                              C:\Users\UT\AppData\Local\Temp\ccuy376N.o (_general_exception_context)
e:/microchip/xc32/v3.01/bin/bin/../../lib/gcc/pic32mx/8.3.1/../../../../pic32mx/lib\libpic32.a(vector1.o)
                              C:\Users\UT\AppData\Local\Temp\cccHofct.o (__vector_dispatch_1)
e:/microchip/xc32/v3.01/bin/bin/../../lib/gcc/pic32mx/8.3.1/../../../../pic32mx/lib\libpic32.a(vector2.o)
                              C:\Users\UT\AppData\Local\Temp\cccHofct.o (__vector_dispatch_2)
e:/microchip/xc32/v3.01/bin/bin/../../lib/gcc/pic32mx/8.3.1/../../../../pic32mx/lib\libpic32.a(vector3.o)
                              C:\Users\UT\AppData\Local\Temp\cccHofct.o (__vector_dispatch_3)
e:/microchip/xc32/v3.01/bin/bin/../../lib/gcc/pic32mx/8.3.1/../../../../pic32mx/lib\libpic32.a(vector4.o)
                              C:\Users\UT\AppData\Local\Temp\cccHofct.o (__vector_dispatch_4)
e:/microchip/xc32/v3.01/bin/bin/../../lib/gcc/pic32mx/8.3.1/../../../../pic32mx/lib\libpic32.a(vector5.o)
                              C:\Users\UT\AppData\Local\Temp\cccHofct.o (__vector_dispatch_5)
e:/microchip/xc32/v3.01/bin/bin/../../lib/gcc/pic32mx/8.3.1/../../../../pic32mx/lib\libpic32.a(vector6.o)
                              C:\Users\UT\AppData\Local\Temp\cccHofct.o (__vector_dispatch_6)
e:/microchip/xc32/v3.01/bin/bin/../../lib/gcc/pic32mx/8.3.1/../../../../pic32mx/lib\libpic32.a(vector7.o)
                              C:\Users\UT\AppData\Local\Temp\cccHofct.o (__vector_dispatch_7)
e:/microchip/xc32/v3.01/bin/bin/../../lib/gcc/pic32mx/8.3.1/../../../../pic32mx/lib\libpic32.a(vector8.o)
                              C:\Users\UT\AppData\Local\Temp\cccHofct.o (__vector_dispatch_8)
e:/microchip/xc32/v3.01/bin/bin/../../lib/gcc/pic32mx/8.3.1/../../../../pic32mx/lib\libpic32.a(vector9.o)
                              C:\Users\UT\AppData\Local\Temp\cccHofct.o (__vector_dispatch_9)
e:/microchip/xc32/v3.01/bin/bin/../../lib/gcc/pic32mx/8.3.1/../../../../pic32mx/lib\libpic32.a(vector10.o)
                              C:\Users\UT\AppData\Local\Temp\cccHofct.o (__vector_dispatch_10)
e:/microchip/xc32/v3.01/bin/bin/../../lib/gcc/pic32mx/8.3.1/../../../../pic32mx/lib\libpic32.a(vector11.o)
                              C:\Users\UT\AppData\Local\Temp\cccHofct.o (__vector_dispatch_11)
e:/microchip/xc32/v3.01/bin/bin/../../lib/gcc/pic32mx/8.3.1/../../../../pic32mx/lib\libpic32.a(vector12.o)
                              C:\Users\UT\AppData\Local\Temp\cccHofct.o (__vector_dispatch_12)
e:/microchip/xc32/v3.01/bin/bin/../../lib/gcc/pic32mx/8.3.1/../../../../pic32mx/lib\libpic32.a(vector13.o)
                              C:\Users\UT\AppData\Local\Temp\cccHofct.o (__vector_dispatch_13)
[...]
Memory Configuration

Name             Origin             Length             Attributes
kseg0_program_mem 0x000000009d000000 0x0000000000080000 xr
kseg0_boot_mem   0x000000009fc00490 0x0000000000000970
exception_mem    0x000000009fc01000 0x0000000000001000
kseg1_boot_mem   0x00000000bfc00000 0x0000000000000490
debug_exec_mem   0x00000000bfc02000 0x0000000000000ff0
config3          0x00000000bfc02ff0 0x0000000000000004
config2          0x00000000bfc02ff4 0x0000000000000004
config1          0x00000000bfc02ff8 0x0000000000000004
config0          0x00000000bfc02ffc 0x0000000000000004
kseg1_data_mem   0x00000000a0000000 0x0000000000020000 w !x
sfrs             0x00000000bf800000 0x0000000000100000
configsfrs       0x00000000bfc02ff0 0x0000000000000010
*default*        0x0000000000000000 0xffffffffffffffff

Linker script and memory map

LOAD e:/microchip/xc32/v3.01/bin/bin/../../lib/gcc/pic32mx/8.3.1/../../../../pic32mx/lib\debug-exception-return.o
LOAD build/default/production/_ext/1701374055/Ampli_functions.o
LOAD build/default/production/_ext/1701374055/Amplifier_Com.o
LOAD build/default/production/_ext/1701374055/Global_Vars.o
LOAD build/default/production/_ext/1701374055/Protocol.o
LOAD build/default/production/_ext/1701374055/BoardTemp.o
LOAD build/default/production/_ext/1701374055/AtmelFlashMem.o
LOAD build/default/production/_ext/1701374055/RTC.o
LOAD build/default/production/_ext/1701374055/KBD_5X8.o
LOAD build/default/production/_ext/1701374055/LCD_functions.o
LOAD build/default/production/_ext/1701374055/ETH_NetBurner.o
LOAD build/default/production/_ext/1701374055/Para_Calculations.o
LOAD build/default/production/_ext/1701374055/Gyro_Process.o
LOAD build/default/production/_ext/1701375116/CAN_Comm.o
LOAD build/default/production/_ext/1701375116/ETH_Module_Com.o
LOAD build/default/production/_ext/1701375116/Events.o
LOAD build/default/production/_ext/1701375116/SSI_Enco.o
LOAD build/default/production/_ext/1701375116/I2C_comm.o
LOAD build/default/production/_ext/1701375116/DataFlash_Comm.o
LOAD build/default/production/_ext/1701375116/Beeps.o
LOAD build/default/production/_ext/1701375116/RTC_Comm.o
LOAD build/default/production/_ext/1701375116/KBD_5X8_rd.o
LOAD build/default/production/_ext/1701375116/LCD_Comm.o
LOAD build/default/production/_ext/1701375116/Sys_Inits.o
LOAD build/default/production/_ext/1701375116/CAN_Enco_Com.o
LOAD build/default/production/_ext/60163342/plib_adc.o
LOAD build/default/production/_ext/60165182/plib_can1.o
LOAD build/default/production/_ext/60165520/plib_clk.o
LOAD build/default/production/_ext/1249264884/plib_coretimer.o
LOAD build/default/production/_ext/1865200349/plib_evic.o
LOAD build/default/production/_ext/1865254177/plib_gpio.o
LOAD build/default/production/_ext/513455433/plib_i2c2_master.o
LOAD build/default/production/_ext/298189674/plib_spi1_master.o
LOAD build/default/production/_ext/1865657120/plib_uart3.o
LOAD build/default/production/_ext/1865657120/plib_uart1.o
LOAD build/default/production/_ext/1865657120/plib_uart5.o
LOAD build/default/production/_ext/1865657120/plib_uart4.o
LOAD build/default/production/_ext/1865657120/plib_uart2.o
LOAD build/default/production/_ext/1865657120/plib_uart6.o
LOAD build/default/production/_ext/163028504/xc32_monitor.o
LOAD build/default/production/_ext/1171490990/initialization.o
LOAD build/default/production/_ext/1171490990/interrupts.o
LOAD build/default/production/_ext/1171490990/exceptions.o
LOAD build/default/production/_ext/1342495810/BCD_Utils.o
LOAD build/default/production/_ext/1342495810/Utils.o
LOAD build/default/production/_ext/1360937237/main.o
LOAD build/default/production/_ext/1360937237/App_Utils.o
LOAD build/default/production/_ext/1360937237/HW_Testing.o
LOAD build/default/production/_ext/1360937237/First_Test.o
LOAD build/default/production/_ext/1360937237/App_Globals.o
LOAD build/default/production/_ext/1360937237/App_Protocol.o
LOAD build/default/production/_ext/1360937237/BoundaryScan.o
                0x0000000000000001                __MPLAB_BUILD = 0x1
                0x0000000000000400                PROVIDE (_min_stack_size = 0x400)
START GROUP
LOAD libmchp_peripheral.a
END GROUP
START GROUP
LOAD libmchp_peripheral_32MX795F512L.a
END GROUP
                0x0000000000000001                PROVIDE (_vector_spacing = 0x1)
                0x000000009fc01000                PROVIDE (_ebase_address = 0x9fc01000)
                0x00000000bfc00000                _RESET_ADDR = 0xbfc00000
                0x00000000bfc00380                _BEV_EXCPT_ADDR = 0xbfc00380
                0x00000000bfc00480                _DBG_EXCPT_ADDR = 0xbfc00480
                0x00000000bfc02000                _DBG_CODE_ADDR = 0xbfc02000
                0x0000000000000ff0                _DBG_CODE_SIZE = 0xff0
                0x000000009fc01180                _GEN_EXCPT_ADDR = (_ebase_address + 0x180)

.config_BFC02FF0
                0x00000000bfc02ff0        0x4
 *(.config_BFC02FF0)
 .config_BFC02FF0
                0x00000000bfc02ff0        0x4 build/default/production/_ext/1171490990/initialization.o
                0x00000000bfc02ff0                __config_BFC02FF0

.config_BFC02FF4
                0x00000000bfc02ff4        0x4
 *(.config_BFC02FF4)
 .config_BFC02FF4
                0x00000000bfc02ff4        0x4 build/default/production/_ext/1171490990/initialization.o
                0x00000000bfc02ff4                __config_BFC02FF4

.config_BFC02FF8
                0x00000000bfc02ff8        0x4
 *(.config_BFC02FF8)
 .config_BFC02FF8
                0x00000000bfc02ff8        0x4 build/default/production/_ext/1171490990/initialization.o
                0x00000000bfc02ff8                __config_BFC02FF8

.config_BFC02FFC
                0x00000000bfc02ffc        0x4
 *(.config_BFC02FFC)
 .config_BFC02FFC
                0x00000000bfc02ffc        0x4 build/default/production/_ext/1171490990/initialization.o
                0x00000000bfc02ffc                __config_BFC02FFC

.reset          0x00000000bfc00000      0x19c
 *(.reset)
 .reset         0x00000000bfc00000        0x8 C:\Users\UT\AppData\Local\Temp\ccuy376N.o
                0x00000000bfc00000                _reset
 *(.reset.startup)
 .reset.startup
                0x00000000bfc00008      0x194 C:\Users\UT\AppData\Local\Temp\ccuy376N.o
                0x00000000bfc00008                _startup

.bev_excpt      0x00000000bfc00380       0x10
 *(.bev_handler)
 .bev_handler   0x00000000bfc00380       0x10 C:\Users\UT\AppData\Local\Temp\ccuy376N.o

.dbg_excpt      0x00000000bfc00480        0x0
                0x00000000bfc00480                . = (. + DEFINED (_DEBUGGER)?0x8:0x0)

.dbg_code       0x00000000bfc02000        0x0
                0x00000000bfc02000                . = (. + DEFINED (_DEBUGGER)?_DBG_CODE_SIZE:0x0)

.app_excpt      0x000000009fc01180       0x10
 *(.gen_handler)
 .gen_handler   0x000000009fc01180       0x10 C:\Users\UT\AppData\Local\Temp\ccuy376N.o

.vector_0       0x000000009fc01200        0x8
 *(.vector_0)
 .vector_0      0x000000009fc01200        0x8 build/default/production/_ext/1171490990/interrupts.o
                0x000000009fc01200                __vector_dispatch_0
                0x0000000000000001                ASSERT (((_vector_spacing == 0x0) || (SIZEOF (.vector_0) <= (_vector_spacing << 0x5))), function at exception vector 0 too large)

.vector_1       0x000000009fc01220        0x8
 *(.vector_1)
 .vector_1      0x000000009fc01220        0x8 e:/microchip/xc32/v3.01/bin/bin/../../lib/gcc/pic32mx/8.3.1/../../../../pic32mx/lib\libpic32.a(vector1.o)
                0x000000009fc01220                __vector_dispatch_1
                0x0000000000000001                ASSERT (((_vector_spacing == 0x0) || (SIZEOF (.vector_1) <= (_vector_spacing << 0x5))), function at exception vector 1 too large)

.vector_2       0x000000009fc01240        0x8
 *(.vector_2)
 .vector_2      0x000000009fc01240        0x8 e:/microchip/xc32/v3.01/bin/bin/../../lib/gcc/pic32mx/8.3.1/../../../../pic32mx/lib\libpic32.a(vector2.o)
                0x000000009fc01240                __vector_dispatch_2
                0x0000000000000001                ASSERT (((_vector_spacing == 0x0) || (SIZEOF (.vector_2) <= (_vector_spacing << 0x5))), function at exception vector 2 too large)

.vector_3       0x000000009fc01260        0x8
 *(.vector_3)
 .vector_3      0x000000009fc01260        0x8 e:/microchip/xc32/v3.01/bin/bin/../../lib/gcc/pic32mx/8.3.1/../../../../pic32mx/lib\libpic32.a(vector3.o)
                0x000000009fc01260                __vector_dispatch_3
                0x0000000000000001                ASSERT (((_vector_spacing == 0x0) || (SIZEOF (.vector_3) <= (_vector_spacing << 0x5))), function at exception vector 3 too large)

.vector_4       0x000000009fc01280        0x8
 *(.vector_4)
 .vector_4      0x000000009fc01280        0x8 e:/microchip/xc32/v3.01/bin/bin/../../lib/gcc/pic32mx/8.3.1/../../../../pic32mx/lib\libpic32.a(vector4.o)
                0x000000009fc01280                __vector_dispatch_4
                0x0000000000000001                ASSERT (((_vector_spacing == 0x0) || (SIZEOF (.vector_4) <= (_vector_spacing << 0x5))), function at exception vector 4 too large)

.vector_5       0x000000009fc012a0        0x8
 *(.vector_5)
 .vector_5      0x000000009fc012a0        0x8 e:/microchip/xc32/v3.01/bin/bin/../../lib/gcc/pic32mx/8.3.1/../../../../pic32mx/lib\libpic32.a(vector5.o)
                0x000000009fc012a0                __vector_dispatch_5
                0x0000000000000001                ASSERT (((_vector_spacing == 0x0) || (SIZEOF (.vector_5) <= (_vector_spacing << 0x5))), function at exception vector 5 too large)

.vector_6       0x000000009fc012c0        0x8
 *(.vector_6)
 .vector_6      0x000000009fc012c0        0x8 e:/microchip/xc32/v3.01/bin/bin/../../lib/gcc/pic32mx/8.3.1/../../../../pic32mx/lib\libpic32.a(vector6.o)
                0x000000009fc012c0                __vector_dispatch_6
                0x0000000000000001                ASSERT (((_vector_spacing == 0x0) || (SIZEOF (.vector_6) <= (_vector_spacing << 0x5))), function at exception vector 6 too large)

.vector_7       0x000000009fc012e0        0x8
 *(.vector_7)
 .vector_7      0x000000009fc012e0        0x8 e:/microchip/xc32/v3.01/bin/bin/../../lib/gcc/pic32mx/8.3.1/../../../../pic32mx/lib\libpic32.a(vector7.o)
                0x000000009fc012e0                __vector_dispatch_7
                0x0000000000000001                ASSERT (((_vector_spacing == 0x0) || (SIZEOF (.vector_7) <= (_vector_spacing << 0x5))), function at exception vector 7 too large)

.vector_8       0x000000009fc01300        0x8
 *(.vector_8)
 .vector_8      0x000000009fc01300        0x8 e:/microchip/xc32/v3.01/bin/bin/../../lib/gcc/pic32mx/8.3.1/../../../../pic32mx/lib\libpic32.a(vector8.o)
                0x000000009fc01300                __vector_dispatch_8
                0x0000000000000001                ASSERT (((_vector_spacing == 0x0) || (SIZEOF (.vector_8) <= (_vector_spacing << 0x5))), function at exception vector 8 too large)

.vector_9       0x000000009fc01320        0x8
 *(.vector_9)
 .vector_9      0x000000009fc01320        0x8 e:/microchip/xc32/v3.01/bin/bin/../../lib/gcc/pic32mx/8.3.1/../../../../pic32mx/lib\libpic32.a(vector9.o)
                0x000000009fc01320                __vector_dispatch_9
                0x0000000000000001                ASSERT (((_vector_spacing == 0x0) || (SIZEOF (.vector_9) <= (_vector_spacing << 0x5))), function at exception vector 9 too large)

.vector_10      0x000000009fc01340        0x8
 *(.vector_10)
 .vector_10     0x000000009fc01340        0x8 e:/microchip/xc32/v3.01/bin/bin/../../lib/gcc/pic32mx/8.3.1/../../../../pic32mx/lib\libpic32.a(vector10.o)
                0x000000009fc01340                __vector_dispatch_10
                0x0000000000000001                ASSERT (((_vector_spacing == 0x0) || (SIZEOF (.vector_10) <= (_vector_spacing << 0x5))), function at exception vector 10 too large)

.vector_11      0x000000009fc01360        0x8
 *(.vector_11)
 .vector_11     0x000000009fc01360        0x8 e:/microchip/xc32/v3.01/bin/bin/../../lib/gcc/pic32mx/8.3.1/../../../../pic32mx/lib\libpic32.a(vector11.o)
                0x000000009fc01360                __vector_dispatch_11
                0x0000000000000001                ASSERT (((_vector_spacing == 0x0) || (SIZEOF (.vector_11) <= (_vector_spacing << 0x5))), function at exception vector 11 too large)

.vector_12      0x000000009fc01380        0x8
 *(.vector_12)
 .vector_12     0x000000009fc01380        0x8 e:/microchip/xc32/v3.01/bin/bin/../../lib/gcc/pic32mx/8.3.1/../../../../pic32mx/lib\libpic32.a(vector12.o)
                0x000000009fc01380                __vector_dispatch_12
                0x0000000000000001                ASSERT (((_vector_spacing == 0x0) || (SIZEOF (.vector_12) <= (_vector_spacing << 0x5))), function at exception vector 12 too large)

.vector_13      0x000000009fc013a0        0x8
 *(.vector_13)
 .vector_13     0x000000009fc013a0        0x8 e:/microchip/xc32/v3.01/bin/bin/../../lib/gcc/pic32mx/8.3.1/../../../../pic32mx/lib\libpic32.a(vector13.o)
                0x000000009fc013a0                __vector_dispatch_13
                0x0000000000000001                ASSERT (((_vector_spacing == 0x0) || (SIZEOF (.vector_13) <= (_vector_spacing << 0x5))), function at exception vector 13 too large)

.vector_14      0x000000009fc013c0        0x8
 *(.vector_14)
 .vector_14     0x000000009fc013c0        0x8 e:/microchip/xc32/v3.01/bin/bin/../../lib/gcc/pic32mx/8.3.1/../../../../pic32mx/lib\libpic32.a(vector14.o)
                0x000000009fc013c0                __vector_dispatch_14
                0x0000000000000001                ASSERT (((_vector_spacing == 0x0) || (SIZEOF (.vector_14) <= (_vector_spacing << 0x5))), function at exception vector 14 too large)

.vector_15      0x000000009fc013e0        0x8
 *(.vector_15)
 .vector_15     0x000000009fc013e0        0x8 e:/microchip/xc32/v3.01/bin/bin/../../lib/gcc/pic32mx/8.3.1/../../../../pic32mx/lib\libpic32.a(vector15.o)
                0x000000009fc013e0                __vector_dispatch_15
                0x0000000000000001                ASSERT (((_vector_spacing == 0x0) || (SIZEOF (.vector_15) <= (_vector_spacing << 0x5))), function at exception vector 15 too large)

.vector_16      0x000000009fc01400        0x8
 *(.vector_16)
 .vector_16     0x000000009fc01400        0x8 e:/microchip/xc32/v3.01/bin/bin/../../lib/gcc/pic32mx/8.3.1/../../../../pic32mx/lib\libpic32.a(vector16.o)
                0x000000009fc01400                __vector_dispatch_16
                0x0000000000000001                ASSERT (((_vector_spacing == 0x0) || (SIZEOF (.vector_16) <= (_vector_spacing << 0x5))), function at exception vector 16 too large)

.vector_17      0x000000009fc01420        0x8
 *(.vector_17)
 .vector_17     0x000000009fc01420        0x8 e:/microchip/xc32/v3.01/bin/bin/../../lib/gcc/pic32mx/8.3.1/../../../../pic32mx/lib\libpic32.a(vector17.o)
                0x000000009fc01420                __vector_dispatch_17
                0x0000000000000001                ASSERT (((_vector_spacing == 0x0) || (SIZEOF (.vector_17) <= (_vector_spacing << 0x5))), function at exception vector 17 too large)

.vector_18      0x000000009fc01440        0x8
 *(.vector_18)
 .vector_18     0x000000009fc01440        0x8 e:/microchip/xc32/v3.01/bin/bin/../../lib/gcc/pic32mx/8.3.1/../../../../pic32mx/lib\libpic32.a(vector18.o)
                0x000000009fc01440                __vector_dispatch_18
                0x0000000000000001                ASSERT (((_vector_spacing == 0x0) || (SIZEOF (.vector_18) <= (_vector_spacing << 0x5))), function at exception vector 18 too large)

.vector_19      0x000000009fc01460        0x8
 *(.vector_19)
 .vector_19     0x000000009fc01460        0x8 e:/microchip/xc32/v3.01/bin/bin/../../lib/gcc/pic32mx/8.3.1/../../../../pic32mx/lib\libpic32.a(vector19.o)
                0x000000009fc01460                __vector_dispatch_19
                0x0000000000000001                ASSERT (((_vector_spacing == 0x0) || (SIZEOF (.vector_19) <= (_vector_spacing << 0x5))), function at exception vector 19 too large)

.vector_20      0x000000009fc01480        0x8
 *(.vector_20)
 .vector_20     0x000000009fc01480        0x8 e:/microchip/xc32/v3.01/bin/bin/../../lib/gcc/pic32mx/8.3.1/../../../../pic32mx/lib\libpic32.a(vector20.o)
                0x000000009fc01480                __vector_dispatch_20
                0x0000000000000001                ASSERT (((_vector_spacing == 0x0) || (SIZEOF (.vector_20) <= (_vector_spacing << 0x5))), function at exception vector 20 too large)

.vector_21      0x000000009fc014a0        0x8
 *(.vector_21)
 .vector_21     0x000000009fc014a0        0x8 e:/microchip/xc32/v3.01/bin/bin/../../lib/gcc/pic32mx/8.3.1/../../../../pic32mx/lib\libpic32.a(vector21.o)
                0x000000009fc014a0                __vector_dispatch_21
                0x0000000000000001                ASSERT (((_vector_spacing == 0x0) || (SIZEOF (.vector_21) <= (_vector_spacing << 0x5))), function at exception vector 21 too large)

.vector_22      0x000000009fc014c0        0x8
 *(.vector_22)
 .vector_22     0x000000009fc014c0        0x8 e:/microchip/xc32/v3.01/bin/bin/../../lib/gcc/pic32mx/8.3.1/../../../../pic32mx/lib\libpic32.a(vector22.o)
                0x000000009fc014c0                __vector_dispatch_22
                0x0000000000000001                ASSERT (((_vector_spacing == 0x0) || (SIZEOF (.vector_22) <= (_vector_spacing << 0x5))), function at exception vector 22 too large)

.vector_23      0x000000009fc014e0        0x8
 *(.vector_23)
 .vector_23     0x000000009fc014e0        0x8 e:/microchip/xc32/v3.01/bin/bin/../../lib/gcc/pic32mx/8.3.1/../../../../pic32mx/lib\libpic32.a(vector23.o)
                0x000000009fc014e0                __vector_dispatch_23
                0x0000000000000001                ASSERT (((_vector_spacing == 0x0) || (SIZEOF (.vector_23) <= (_vector_spacing << 0x5))), function at exception vector 23 too large)

.vector_24      0x000000009fc01500        0x8
 *(.vector_24)
 .vector_24     0x000000009fc01500        0x8 build/default/production/_ext/1171490990/interrupts.o
                0x000000009fc01500                __vector_dispatch_24
                0x0000000000000001                ASSERT (((_vector_spacing == 0x0) || (SIZEOF (.vector_24) <= (_vector_spacing << 0x5))), function at exception vector 24 too large)

.vector_25      0x000000009fc01520        0x8
 *(.vector_25)
 .vector_25     0x000000009fc01520        0x8 e:/microchip/xc32/v3.01/bin/bin/../../lib/gcc/pic32mx/8.3.1/../../../../pic32mx/lib\libpic32.a(vector25.o)
                0x000000009fc01520                __vector_dispatch_25
                0x0000000000000001                ASSERT (((_vector_spacing == 0x0) || (SIZEOF (.vector_25) <= (_vector_spacing << 0x5))), function at exception vector 25 too large)

.vector_26      0x000000009fc01540        0x8
 *(.vector_26)
 .vector_26     0x000000009fc01540        0x8 e:/microchip/xc32/v3.01/bin/bin/../../lib/gcc/pic32mx/8.3.1/../../../../pic32mx/lib\libpic32.a(vector26.o)
                0x000000009fc01540                __vector_dispatch_26
                0x0000000000000001                ASSERT (((_vector_spacing == 0x0) || (SIZEOF (.vector_26) <= (_vector_spacing << 0x5))), function at exception vector 26 too large)

.vector_27      0x000000009fc01560        0x8
 *(.vector_27)
 .vector_27     0x000000009fc01560        0x8 build/default/production/_ext/1171490990/interrupts.o
                0x000000009fc01560                __vector_dispatch_27
                0x0000000000000001                ASSERT (((_vector_spacing == 0x0) || (SIZEOF (.vector_27) <= (_vector_spacing << 0x5))), function at exception vector 27 too large)

.vector_28      0x000000009fc01580        0x8
 *(.vector_28)
 .vector_28     0x000000009fc01580        0x8 e:/microchip/xc32/v3.01/bin/bin/../../lib/gcc/pic32mx/8.3.1/../../../../pic32mx/lib\libpic32.a(vector28.o)
                0x000000009fc01580                __vector_dispatch_28
                0x0000000000000001                ASSERT (((_vector_spacing == 0x0) || (SIZEOF (.vector_28) <= (_vector_spacing << 0x5))), function at exception vector 28 too large)

.vector_29      0x000000009fc015a0        0x8
 *(.vector_29)
 .vector_29     0x000000009fc015a0        0x8 e:/microchip/xc32/v3.01/bin/bin/../../lib/gcc/pic32mx/8.3.1/../../../../pic32mx/lib\libpic32.a(vector29.o)
                0x000000009fc015a0                __vector_dispatch_29
                0x0000000000000001                ASSERT (((_vector_spacing == 0x0) || (SIZEOF (.vector_29) <= (_vector_spacing << 0x5))), function at exception vector 29 too large)

.vector_30      0x000000009fc015c0        0x8
 *(.vector_30)
 .vector_30     0x000000009fc015c0        0x8 e:/microchip/xc32/v3.01/bin/bin/../../lib/gcc/pic32mx/8.3.1/../../../../pic32mx/lib\libpic32.a(vector30.o)
                0x000000009fc015c0                __vector_dispatch_30
                0x0000000000000001                ASSERT (((_vector_spacing == 0x0) || (SIZEOF (.vector_30) <= (_vector_spacing << 0x5))), function at exception vector 30 too large)

.vector_31      0x000000009fc015e0        0x8
 *(.vector_31)
 .vector_31     0x000000009fc015e0        0x8 build/default/production/_ext/1171490990/interrupts.o
                0x000000009fc015e0                __vector_dispatch_31
                0x0000000000000001                ASSERT (((_vector_spacing == 0x0) || (SIZEOF (.vector_31) <= (_vector_spacing << 0x5))), function at exception vector 31 too large)

.vector_32      0x000000009fc01600        0x8
 *(.vector_32)
 .vector_32     0x000000009fc01600        0x8 e:/microchip/xc32/v3.01/bin/bin/../../lib/gcc/pic32mx/8.3.1/../../../../pic32mx/lib\libpic32.a(vector32.o)
                0x000000009fc01600                __vector_dispatch_32
                0x0000000000000001                ASSERT (((_vector_spacing == 0x0) || (SIZEOF (.vector_32) <= (_vector_spacing << 0x5))), function at exception vector 32 too large)

.vector_33      0x000000009fc01620        0x8
 *(.vector_33)
 .vector_33     0x000000009fc01620        0x8 build/default/production/_ext/1171490990/interrupts.o
                0x000000009fc01620                __vector_dispatch_33
                0x0000000000000001                ASSERT (((_vector_spacing == 0x0) || (SIZEOF (.vector_33) <= (_vector_spacing << 0x5))), function at exception vector 33 too large)

.vector_34      0x000000009fc01640        0x8
 *(.vector_34)
 .vector_34     0x000000009fc01640        0x8 e:/microchip/xc32/v3.01/bin/bin/../../lib/gcc/pic32mx/8.3.1/../../../../pic32mx/lib\libpic32.a(vector34.o)
                0x000000009fc01640                __vector_dispatch_34
                0x0000000000000001                ASSERT (((_vector_spacing == 0x0) || (SIZEOF (.vector_34) <= (_vector_spacing << 0x5))), function at exception vector 34 too large)

.vector_35      0x000000009fc01660        0x8
 *(.vector_35)
 .vector_35     0x000000009fc01660        0x8 e:/microchip/xc32/v3.01/bin/bin/../../lib/gcc/pic32mx/8.3.1/../../../../pic32mx/lib\libpic32.a(vector35.o)
                0x000000009fc01660                __vector_dispatch_35
                0x0000000000000001                ASSERT (((_vector_spacing == 0x0) || (SIZEOF (.vector_35) <= (_vector_spacing << 0x5))), function at exception vector 35 too large)

.vector_36      0x000000009fc01680        0x8
 *(.vector_36)
 .vector_36     0x000000009fc01680        0x8 e:/microchip/xc32/v3.01/bin/bin/../../lib/gcc/pic32mx/8.3.1/../../../../pic32mx/lib\libpic32.a(vector36.o)
                0x000000009fc01680                __vector_dispatch_36
                0x0000000000000001                ASSERT (((_vector_spacing == 0x0) || (SIZEOF (.vector_36) <= (_vector_spacing << 0x5))), function at exception vector 36 too large)

.vector_37      0x000000009fc016a0        0x8
 *(.vector_37)
 .vector_37     0x000000009fc016a0        0x8 e:/microchip/xc32/v3.01/bin/bin/../../lib/gcc/pic32mx/8.3.1/../../../../pic32mx/lib\libpic32.a(vector37.o)
                0x000000009fc016a0                __vector_dispatch_37
                0x0000000000000001                ASSERT (((_vector_spacing == 0x0) || (SIZEOF (.vector_37) <= (_vector_spacing << 0x5))), function at exception vector 37 too large)

.vector_38      0x000000009fc016c0        0x8
 *(.vector_38)
 .vector_38     0x000000009fc016c0        0x8 e:/microchip/xc32/v3.01/bin/bin/../../lib/gcc/pic32mx/8.3.1/../../../../pic32mx/lib\libpic32.a(vector38.o)
                0x000000009fc016c0                __vector_dispatch_38
                0x0000000000000001                ASSERT (((_vector_spacing == 0x0) || (SIZEOF (.vector_38) <= (_vector_spacing << 0x5))), function at exception vector 38 too large)

.vector_39      0x000000009fc016e0        0x8
 *(.vector_39)
 .vector_39     0x000000009fc016e0        0x8 e:/microchip/xc32/v3.01/bin/bin/../../lib/gcc/pic32mx/8.3.1/../../../../pic32mx/lib\libpic32.a(vector39.o)
                0x000000009fc016e0                __vector_dispatch_39
                0x0000000000000001                ASSERT (((_vector_spacing == 0x0) || (SIZEOF (.vector_39) <= (_vector_spacing << 0x5))), function at exception vector 39 too large)

.vector_40      0x000000009fc01700        0x8
 *(.vector_40)
 .vector_40     0x000000009fc01700        0x8 e:/microchip/xc32/v3.01/bin/bin/../../lib/gcc/pic32mx/8.3.1/../../../../pic32mx/lib\libpic32.a(vector40.o)
                0x000000009fc01700                __vector_dispatch_40
                0x0000000000000001                ASSERT (((_vector_spacing == 0x0) || (SIZEOF (.vector_40) <= (_vector_spacing << 0x5))), function at exception vector 40 too large)

.vector_41      0x000000009fc01720        0x8
 *(.vector_41)
 .vector_41     0x000000009fc01720        0x8 e:/microchip/xc32/v3.01/bin/bin/../../lib/gcc/pic32mx/8.3.1/../../../../pic32mx/lib\libpic32.a(vector41.o)
                0x000000009fc01720                __vector_dispatch_41
                0x0000000000000001                ASSERT (((_vector_spacing == 0x0) || (SIZEOF (.vector_41) <= (_vector_spacing << 0x5))), function at exception vector 41 too large)

.vector_42      0x000000009fc01740        0x8
 *(.vector_42)
 .vector_42     0x000000009fc01740        0x8 e:/microchip/xc32/v3.01/bin/bin/../../lib/gcc/pic32mx/8.3.1/../../../../pic32mx/lib\libpic32.a(vector42.o)
                0x000000009fc01740                __vector_dispatch_42
                0x0000000000000001                ASSERT (((_vector_spacing == 0x0) || (SIZEOF (.vector_42) <= (_vector_spacing << 0x5))), function at exception vector 42 too large)

.vector_43      0x000000009fc01760        0x8
 *(.vector_43)
 .vector_43     0x000000009fc01760        0x8 e:/microchip/xc32/v3.01/bin/bin/../../lib/gcc/pic32mx/8.3.1/../../../../pic32mx/lib\libpic32.a(vector43.o)
                0x000000009fc01760                __vector_dispatch_43
                0x0000000000000001                ASSERT (((_vector_spacing == 0x0) || (SIZEOF (.vector_43) <= (_vector_spacing << 0x5))), function at exception vector 43 too large)

.vector_44      0x000000009fc01780        0x8
 *(.vector_44)
 .vector_44     0x000000009fc01780        0x8 e:/microchip/xc32/v3.01/bin/bin/../../lib/gcc/pic32mx/8.3.1/../../../../pic32mx/lib\libpic32.a(vector44.o)
                0x000000009fc01780                __vector_dispatch_44
                0x0000000000000001                ASSERT (((_vector_spacing == 0x0) || (SIZEOF (.vector_44) <= (_vector_spacing << 0x5))), function at exception vector 44 too large)

.vector_45      0x000000009fc017a0        0x8
 *(.vector_45)
 .vector_45     0x000000009fc017a0        0x8 e:/microchip/xc32/v3.01/bin/bin/../../lib/gcc/pic32mx/8.3.1/../../../../pic32mx/lib\libpic32.a(vector45.o)
                0x000000009fc017a0                __vector_dispatch_45
                0x0000000000000001                ASSERT (((_vector_spacing == 0x0) || (SIZEOF (.vector_45) <= (_vector_spacing << 0x5))), function at exception vector 45 too large)

.vector_46      0x000000009fc017c0        0x8
 *(.vector_46)
 .vector_46     0x000000009fc017c0        0x8 build/default/production/_ext/1171490990/interrupts.o
                0x000000009fc017c0                __vector_dispatch_46
                0x0000000000000001                ASSERT (((_vector_spacing == 0x0) || (SIZEOF (.vector_46) <= (_vector_spacing << 0x5))), function at exception vector 46 too large)

.vector_47      0x000000009fc017e0        0x8
 *(.vector_47)
 .vector_47     0x000000009fc017e0        0x8 e:/microchip/xc32/v3.01/bin/bin/../../lib/gcc/pic32mx/8.3.1/../../../../pic32mx/lib\libpic32.a(vector47.o)
                0x000000009fc017e0                __vector_dispatch_47
                0x0000000000000001                ASSERT (((_vector_spacing == 0x0) || (SIZEOF (.vector_47) <= (_vector_spacing << 0x5))), function at exception vector 47 too large)

.vector_48      0x000000009fc01800        0x8
 *(.vector_48)
 .vector_48     0x000000009fc01800        0x8 e:/microchip/xc32/v3.01/bin/bin/../../lib/gcc/pic32mx/8.3.1/../../../../pic32mx/lib\libpic32.a(vector48.o)
                0x000000009fc01800                __vector_dispatch_48
                0x0000000000000001                ASSERT (((_vector_spacing == 0x0) || (SIZEOF (.vector_48) <= (_vector_spacing << 0x5))), function at exception vector 48 too large)

.vector_49      0x000000009fc01820        0x8
 *(.vector_49)
 .vector_49     0x000000009fc01820        0x8 build/default/production/_ext/1171490990/interrupts.o
                0x000000009fc01820                __vector_dispatch_49
                0x0000000000000001                ASSERT (((_vector_spacing == 0x0) || (SIZEOF (.vector_49) <= (_vector_spacing << 0x5))), function at exception vector 49 too large)

.vector_50      0x000000009fc01840        0x8
 *(.vector_50)
 .vector_50     0x000000009fc01840        0x8 build/default/production/_ext/1171490990/interrupts.o
                0x000000009fc01840                __vector_dispatch_50
                0x0000000000000001                ASSERT (((_vector_spacing == 0x0) || (SIZEOF (.vector_50) <= (_vector_spacing << 0x5))), function at exception vector 50 too large)

.vector_51      0x000000009fc01860        0x8
 *(.vector_51)
 .vector_51     0x000000009fc01860        0x8 build/default/production/_ext/1171490990/interrupts.o
                0x000000009fc01860                __vector_dispatch_51
                0x0000000000000001                ASSERT (((_vector_spacing == 0x0) || (SIZEOF (.vector_51) <= (_vector_spacing << 0x5))), function at exception vector 51 too large)

.vector_52      0x000000009fc01880        0x0
 *(.vector_52)
                0x0000000000000001                ASSERT (((_vector_spacing == 0x0) || (SIZEOF (.vector_52) <= (_vector_spacing << 0x5))), function at exception vector 52 too large)

.vector_53      0x000000009fc018a0        0x0
 *(.vector_53)
                0x0000000000000001                ASSERT (((_vector_spacing == 0x0) || (SIZEOF (.vector_53) <= (_vector_spacing << 0x5))), function at exception vector 53 too large)

.vector_54      0x000000009fc018c0        0x0
 *(.vector_54)
                0x0000000000000001                ASSERT (((_vector_spacing == 0x0) || (SIZEOF (.vector_54) <= (_vector_spacing << 0x5))), function at exception vector 54 too large)

.vector_55      0x000000009fc018e0        0x0
 *(.vector_55)
                0x0000000000000001                ASSERT (((_vector_spacing == 0x0) || (SIZEOF (.vector_55) <= (_vector_spacing << 0x5))), function at exception vector 55 too large)

.vector_56      0x000000009fc01900        0x0
 *(.vector_56)
                0x0000000000000001                ASSERT (((_vector_spacing == 0x0) || (SIZEOF (.vector_56) <= (_vector_spacing << 0x5))), function at exception vector 56 too large)

.vector_57      0x000000009fc01920        0x0
 *(.vector_57)
                0x0000000000000001                ASSERT (((_vector_spacing == 0x0) || (SIZEOF (.vector_57) <= (_vector_spacing << 0x5))), function at exception vector 57 too large)

.vector_58      0x000000009fc01940        0x0
 *(.vector_58)
                0x0000000000000001                ASSERT (((_vector_spacing == 0x0) || (SIZEOF (.vector_58) <= (_vector_spacing << 0x5))), function at exception vector 58 too large)

.vector_59      0x000000009fc01960        0x0
 *(.vector_59)
                0x0000000000000001                ASSERT (((_vector_spacing == 0x0) || (SIZEOF (.vector_59) <= (_vector_spacing << 0x5))), function at exception vector 59 too large)

.vector_60      0x000000009fc01980        0x0
 *(.vector_60)
                0x0000000000000001                ASSERT (((_vector_spacing == 0x0) || (SIZEOF (.vector_60) <= (_vector_spacing << 0x5))), function at exception vector 60 too large)

.vector_61      0x000000009fc019a0        0x0
 *(.vector_61)
                0x0000000000000001                ASSERT (((_vector_spacing == 0x0) || (SIZEOF (.vector_61) <= (_vector_spacing << 0x5))), function at exception vector 61 too large)

.vector_62      0x000000009fc019c0        0x0
 *(.vector_62)
                0x0000000000000001                ASSERT (((_vector_spacing == 0x0) || (SIZEOF (.vector_62) <= (_vector_spacing << 0x5))), function at exception vector 62 too large)

.vector_63      0x000000009fc019e0        0x0
 *(.vector_63)
                0x0000000000000001                ASSERT (((_vector_spacing == 0x0) || (SIZEOF (.vector_63) <= (_vector_spacing << 0x5))), function at exception vector 63 too large)

.startup
 *(.startup)

.text           0x000000009d000000        0x0
 *(.stub .gnu.linkonce.t.*)
 *(.text.*personality*)
 *(.mips16.fn.*)
 *(.mips16.call.*)
 *(.gnu.warning)
                0x000000009d000000                . = ALIGN (0x4)

.init           0x000000009d000000        0x0
 *crti.o(.init)
 *crtbegin.o(.init)
 *(EXCLUDE_FILE(*crtn.o *crtend?.o *crtend.o) .init)
 *crtend.o(.init)
 *crtn.o(.init)
                0x000000009d000000                . = ALIGN (0x4)

.fini           0x000000009d000000        0x0
 *(.fini)
                0x000000009d000000                . = ALIGN (0x4)

.preinit_array  0x000000009d000000        0x0
                [!provide]                        PROVIDE (__preinit_array_start = .)
 *(.preinit_array)
                [!provide]                        PROVIDE (__preinit_array_end = .)
                0x000000009d000000                . = ALIGN (0x4)

.init_array     0x000000009d000000        0x0
                [!provide]                        PROVIDE (__init_array_start = .)
 *(SORT_BY_NAME(.init_array.*))
 *(.init_array)
                [!provide]                        PROVIDE (__init_array_end = .)
                0x000000009d000000                . = ALIGN (0x4)

.fini_array     0x000000009d000000        0x0
                [!provide]                        PROVIDE (__fini_array_start = .)
 *(SORT_BY_NAME(.fini_array.*))
 *(.fini_array)
                [!provide]                        PROVIDE (__fini_array_end = .)
                0x000000009d000000                . = ALIGN (0x4)

.ctors          0x000000009d000000        0x0
 *crtbegin.o(.ctors)
 *crtbegin?.o(.ctors)
 *(EXCLUDE_FILE(*crtend?.o *crtend.o) .ctors)
 *(SORT_BY_NAME(.ctors.*))
 *(.ctors)
                0x000000009d000000                . = ALIGN (0x4)

.dtors          0x000000009d000000        0x0
 *crtbegin.o(.dtors)
 *crtbegin?.o(.dtors)
 *(EXCLUDE_FILE(*crtend?.o *crtend.o) .dtors)
 *(SORT_BY_NAME(.dtors.*))
 *(.dtors)
                0x000000009d000000                . = ALIGN (0x4)

.rodata         0x000000009d000000        0x0
 *(.gnu.linkonce.r.*)
 *(.rodata1)
                0x000000009d000000                . = ALIGN (0x4)

.sdata2         0x000000009d000000        0x0
 *(.sdata2 .sdata2.* .gnu.linkonce.s2.*)
                0x000000009d000000                . = ALIGN (0x4)

.sbss2          0x000000009d000000        0x0
 *(.sbss2 .sbss2.* .gnu.linkonce.sb2.*)
                0x000000009d000000                . = ALIGN (0x4)

.eh_frame_hdr
 *(.eh_frame_hdr)
                0x000000009d000000                . = ALIGN (0x4)

.eh_frame
 *(.eh_frame)
                0x000000009d000000                . = ALIGN (0x4)

.gcc_except_table
 *(.gcc_except_table .gcc_except_table.*)
                0x000000009d000000                . = ALIGN (0x4)

.dbg_data       0x00000000a0000000        0x0
                0x00000000a0000000                . = (. + DEFINED (_DEBUGGER)?0x200:0x0)

.jcr            0x00000000a0000000        0x0
 *(.jcr)
                0x00000000a0000000                . = ALIGN (0x4)

.eh_frame
 *(.eh_frame)
                0x00000000a0000000                . = ALIGN (0x4)

.gcc_except_table
 *(.gcc_except_table .gcc_except_table.*)
                0x00000000a0000000                . = ALIGN (0x4)

.persist        0x00000000a0000000        0x0
                0x00000000a0000000                _persist_begin = .
 *(.persist .persist.*)
                0x00000000a0000000                . = ALIGN (0x4)
                0x00000000a0000000                _persist_end = .

.data           0x00000000a0000000        0x0
 *(.gnu.linkonce.d.*)
 *(.data1)
                0x00000000a0000000                . = ALIGN (0x4)
                0x00000000a0000000                . = .
                0x00000000a0007ff0                _gp = (ALIGN (0x10) + 0x7ff0)

.got            0x00000000a0000000        0x0
 *(.got.plt)
 *(.got)
                0x00000000a0000000                . = ALIGN (0x4)

.sdata          0x00000000a0000000        0xc
                0x00000000a0000000                _sdata_begin = .
 *(.sdata .sdata.* .gnu.linkonce.s.*)
 .sdata         0x00000000a0000000        0x4 build/default/production/_ext/1701374055/Global_Vars.o
                0x00000000a0000000                transferStatus
 .sdata         0x00000000a0000004        0x5 build/default/production/_ext/1360937237/App_Globals.o
                0x00000000a0000004                EL_Enco_GR
                0x00000000a0000006                AZ_Enco_GR
                0x00000000a0000008                Status_Byte1_in_feedback
                0x00000000a000000c                . = ALIGN (0x4)
 *fill*         0x00000000a0000009        0x3 
                0x00000000a000000c                _sdata_end = .

.lit8
 *(.lit8)

.lit4
 *(.lit4)
                0x00000000a000000c                . = ALIGN (0x4)
                0x00000000a000000c                _data_end = .
                0x00000000a000000c                _bss_begin = .

.sbss           0x00000000a000000c       0xf8
                0x00000000a000000c                _sbss_begin = .
 *(.dynsbss)
 *(.sbss .sbss.* .gnu.linkonce.sb.*)
 .sbss          0x00000000a000000c       0xb2 build/default/production/_ext/1701374055/Global_Vars.o
                0x00000000a000000c                ADC_result_ready
                0x00000000a000000e                ADC_Spr2
                0x00000000a0000010                ADC_Spr1
                0x00000000a0000012                BIT_TX_BYTE
                0x00000000a0000013                FC_byte_in_feedback
                0x00000000a0000014                PNDNT_ByteRcvTimeOutCntr
                0x00000000a0000015                ETH_ByteRcvTimeOutCntr
                0x00000000a0000016                AmplStatus
                0x00000000a0000018                SSI_encode_Fault
                0x00000000a000001c                CAN_SDO_RESP_ERROR
                0x00000000a0000020                CAN_state
                0x00000000a0000024                GyroByte
                0x00000000a0000025                XmtATProgress
                0x00000000a0000026                XmtPNDNTProgress
                0x00000000a0000027                XmtETHProgress
                0x00000000a0000028                rcvdATResp
                0x00000000a000002c                PNDNT_fb_Cntr
                0x00000000a0000030                ETH_fb_Cntr
                0x00000000a0000034                Start_PNDNT_fb
                0x00000000a0000035                Start_ETH_fb
                0x00000000a0000038                IN_PNDNT_BUF
                0x00000000a000003c                IN_DAT_BUF
                0x00000000a0000040                IN_AT_BUF
                0x00000000a0000044                Dlycnt
                0x00000000a0000048                TmOut
                0x00000000a000004c                Count10mSec
                0x00000000a0000050                Countfor10mSec
                0x00000000a0000054                Cnt1Sec
                0x00000000a0000058                Countfor1Sec
                0x00000000a000005c                mSecCntr
                0x00000000a0000060                System_Booted
                0x00000000a0000064                AutoPageCnt
                0x00000000a0000068                FlashCap
                0x00000000a000006c                FlashSize
                0x00000000a0000070                I2C_Addrs
                0x00000000a0000078                BRK_IMG
                0x00000000a0000079                OUT_IMG
                0x00000000a000007c                debounceCount_INPIMG1
                0x00000000a0000084                lastStableState_INPIMG1
                0x00000000a0000086                lastStableState_INPIMG
                0x00000000a0000088                INP_IMG1
                0x00000000a000008a                INP_IMG
                0x00000000a000008c                TINP_IMG1
                0x00000000a000008e                TINP_IMG
                0x00000000a0000090                InputReadEnable
                0x00000000a0000091                RTC_Stat
                0x00000000a0000094                NoKeyTimeOut
                0x00000000a0000098                kCode
                0x00000000a000009c                KeyCode
                0x00000000a00000a0                KeyCounter
                0x00000000a00000a4                CheckStatus
                0x00000000a00000ac                LastStatus
                0x00000000a00000b4                KeyStatus
                0x00000000a00000bc                KeyBoardEnable
                0x00000000a00000bd                KeyPressed
 .sbss          0x00000000a00000be        0x5 build/default/production/_ext/1701374055/Gyro_Process.o
                0x00000000a00000be                frameReady
                0x00000000a00000bf                rdBuf
                0x00000000a00000c0                wrBuf
 *fill*         0x00000000a00000c3        0x1 
 .sbss          0x00000000a00000c4        0x8 build/default/production/_ext/60163342/plib_adc.o
                0x00000000a00000c4                ADC_CallbackObj
 .sbss          0x00000000a00000cc        0xc build/default/production/_ext/60165182/plib_can1.o
 .sbss          0x00000000a00000d8        0x4 build/default/production/_ext/1360937237/main.o
                0x00000000a00000d8                MyTimer
 *fill*         0x00000000a00000dc        0x4 
 .sbss          0x00000000a00000e0       0x24 build/default/production/_ext/1360937237/App_Globals.o
                0x00000000a00000e0                AZ_Motor_Position
                0x00000000a00000e4                EL_Motor_Position
                0x00000000a00000e8                AZ_Enco_Angle
                0x00000000a00000f0                AZ_Enco_Position
                0x00000000a00000f8                EL_Enco_Angle
                0x00000000a0000100                EL_Enco_Position
 *(.scommon)
                0x00000000a0000104                _sbss_end = .
                0x00000000a0000104                . = ALIGN (0x4)

.bss            0x00000000a0000104        0x0
 *(.dynbss)
 *(COMMON)
                0x00000000a0000104                . = ALIGN ((. != 0x0)?0x4:0x1)
                0x00000000a0000104                . = ALIGN (0x4)
                0x00000000a0000104                _end = .
                0x00000000a0000104                _bss_end = .
                0x0000000000020000                _bmxdudba_address = LENGTH (kseg1_data_mem)
                0x0000000000020000                _bmxdupba_address = LENGTH (kseg1_data_mem)

/DISCARD/
 *(.pdr)
 *(.rel.dyn)
 *(.note.GNU-stack)
 *(.note.GNU-stack)
 *(.gnu_debuglink)
 *(.gnu.lto_*)
 *(.discard)

.gptab.sdata
 *(.gptab.data)
 *(.gptab.sdata)

.gptab.sbss
 *(.gptab.bss)
 *(.gptab.sbss)

.mdebug.abi32   0x0000000000000000        0x0
 *(.mdebug.abi32)
 .mdebug.abi32  0x0000000000000000        0x0 build/default/production/_ext/1701374055/Ampli_functions.o
 .mdebug.abi32  0x0000000000000000        0x0 build/default/production/_ext/1701374055/Amplifier_Com.o
 .mdebug.abi32  0x0000000000000000        0x0 build/default/production/_ext/1701374055/Global_Vars.o
 .mdebug.abi32  0x0000000000000000        0x0 build/default/production/_ext/1701374055/Protocol.o
 .mdebug.abi32  0x0000000000000000        0x0 build/default/production/_ext/1701374055/BoardTemp.o
 .mdebug.abi32  0x0000000000000000        0x0 build/default/production/_ext/1701374055/AtmelFlashMem.o
 .mdebug.abi32  0x0000000000000000        0x0 build/default/production/_ext/1701374055/RTC.o
 .mdebug.abi32  0x0000000000000000        0x0 build/default/production/_ext/1701374055/KBD_5X8.o
 .mdebug.abi32  0x0000000000000000        0x0 build/default/production/_ext/1701374055/LCD_functions.o
 .mdebug.abi32  0x0000000000000000        0x0 build/default/production/_ext/1701374055/ETH_NetBurner.o
 .mdebug.abi32  0x0000000000000000        0x0 build/default/production/_ext/1701374055/Para_Calculations.o
 .mdebug.abi32  0x0000000000000000        0x0 build/default/production/_ext/1701374055/Gyro_Process.o
 .mdebug.abi32  0x0000000000000000        0x0 build/default/production/_ext/1701375116/CAN_Comm.o
 .mdebug.abi32  0x0000000000000000        0x0 build/default/production/_ext/1701375116/ETH_Module_Com.o
 .mdebug.abi32  0x0000000000000000        0x0 build/default/production/_ext/1701375116/Events.o
 .mdebug.abi32  0x0000000000000000        0x0 build/default/production/_ext/1701375116/SSI_Enco.o
 .mdebug.abi32  0x0000000000000000        0x0 build/default/production/_ext/1701375116/I2C_comm.o
 .mdebug.abi32  0x0000000000000000        0x0 build/default/production/_ext/1701375116/DataFlash_Comm.o
 .mdebug.abi32  0x0000000000000000        0x0 build/default/production/_ext/1701375116/Beeps.o
 .mdebug.abi32  0x0000000000000000        0x0 build/default/production/_ext/1701375116/RTC_Comm.o
 .mdebug.abi32  0x0000000000000000        0x0 build/default/production/_ext/1701375116/KBD_5X8_rd.o
 .mdebug.abi32  0x0000000000000000        0x0 build/default/production/_ext/1701375116/LCD_Comm.o
 .mdebug.abi32  0x0000000000000000        0x0 build/default/production/_ext/1701375116/Sys_Inits.o
 .mdebug.abi32  0x0000000000000000        0x0 build/default/production/_ext/1701375116/CAN_Enco_Com.o
 .mdebug.abi32  0x0000000000000000        0x0 build/default/production/_ext/60163342/plib_adc.o
 .mdebug.abi32  0x0000000000000000        0x0 build/default/production/_ext/60165182/plib_can1.o
 .mdebug.abi32  0x0000000000000000        0x0 build/default/production/_ext/60165520/plib_clk.o
 .mdebug.abi32  0x0000000000000000        0x0 build/default/production/_ext/1249264884/plib_coretimer.o
 .mdebug.abi32  0x0000000000000000        0x0 build/default/production/_ext/1865200349/plib_evic.o
 .mdebug.abi32  0x0000000000000000        0x0 build/default/production/_ext/1865254177/plib_gpio.o
 .mdebug.abi32  0x0000000000000000        0x0 build/default/production/_ext/513455433/plib_i2c2_master.o
 .mdebug.abi32  0x0000000000000000        0x0 build/default/production/_ext/298189674/plib_spi1_master.o
 .mdebug.abi32  0x0000000000000000        0x0 build/default/production/_ext/1865657120/plib_uart3.o
 .mdebug.abi32  0x0000000000000000        0x0 build/default/production/_ext/1865657120/plib_uart1.o
 .mdebug.abi32  0x0000000000000000        0x0 build/default/production/_ext/1865657120/plib_uart5.o
 .mdebug.abi32  0x0000000000000000        0x0 build/default/production/_ext/1865657120/plib_uart4.o
 .mdebug.abi32  0x0000000000000000        0x0 build/default/production/_ext/1865657120/plib_uart2.o
 .mdebug.abi32  0x0000000000000000        0x0 build/default/production/_ext/1865657120/plib_uart6.o
 .mdebug.abi32  0x0000000000000000        0x0 build/default/production/_ext/163028504/xc32_monitor.o
 .mdebug.abi32  0x0000000000000000        0x0 build/default/production/_ext/1171490990/initialization.o
 .mdebug.abi32  0x0000000000000000        0x0 build/default/production/_ext/1171490990/interrupts.o
 .mdebug.abi32  0x0000000000000000        0x0 build/default/production/_ext/1171490990/exceptions.o
 .mdebug.abi32  0x0000000000000000        0x0 build/default/production/_ext/1342495810/BCD_Utils.o
 .mdebug.abi32  0x0000000000000000        0x0 build/default/production/_ext/1342495810/Utils.o
 .mdebug.abi32  0x0000000000000000        0x0 build/default/production/_ext/1360937237/main.o
 .mdebug.abi32  0x0000000000000000        0x0 build/default/production/_ext/1360937237/App_Utils.o
 .mdebug.abi32  0x0000000000000000        0x0 build/default/production/_ext/1360937237/HW_Testing.o
 .mdebug.abi32  0x0000000000000000        0x0 build/default/production/_ext/1360937237/First_Test.o
 .mdebug.abi32  0x0000000000000000        0x0 build/default/production/_ext/1360937237/App_Globals.o
 .mdebug.abi32  0x0000000000000000        0x0 build/default/production/_ext/1360937237/App_Protocol.o
 .mdebug.abi32  0x0000000000000000        0x0 build/default/production/_ext/1360937237/BoundaryScan.o
 .mdebug.abi32  0x0000000000000000        0x0 e:/microchip/xc32/v3.01/bin/bin/../../lib/gcc/pic32mx/8.3.1\libgcc.a(floatunsisf.o)
 .mdebug.abi32  0x0000000000000000        0x0 e:/microchip/xc32/v3.01/bin/bin/../../lib/gcc/pic32mx/8.3.1\libgcc.a(floatunsidf.o)
 .mdebug.abi32  0x0000000000000000        0x0 e:/microchip/xc32/v3.01/bin/bin/../../lib/gcc/pic32mx/8.3.1/../../../../pic32mx/lib\libpic32.a(default-on-reset.o)
 .mdebug.abi32  0x0000000000000000        0x0 e:/microchip/xc32/v3.01/bin/bin/../../lib/gcc/pic32mx/8.3.1/../../../../pic32mx/lib\libpic32.a(default-on-bootstrap.o)
 .mdebug.abi32  0x0000000000000000        0x0 e:/microchip/xc32/v3.01/bin/bin/../../lib/gcc/pic32mx/8.3.1/../../../../pic32mx/lib\libpic32.a(defaultinterrupt.o)
 .mdebug.abi32  0x0000000000000000        0x0 e:/microchip/xc32/v3.01/bin/bin/../../lib/gcc/pic32mx/8.3.1/../../../../pic32mx/lib\libc.a(_iob.o)
 .mdebug.abi32  0x0000000000000000        0x0 e:/microchip/xc32/v3.01/bin/bin/../../lib/gcc/pic32mx/8.3.1/../../../../pic32mx/lib\libc.a(atoi.o)
 .mdebug.abi32  0x0000000000000000        0x0 e:/microchip/xc32/v3.01/bin/bin/../../lib/gcc/pic32mx/8.3.1/../../../../pic32mx/lib\libc.a(ctype.o)
 .mdebug.abi32  0x0000000000000000        0x0 e:/microchip/xc32/v3.01/bin/bin/../../lib/gcc/pic32mx/8.3.1/../../../../pic32mx/lib\libc.a(gets.o)
 .mdebug.abi32  0x0000000000000000        0x0 e:/microchip/xc32/v3.01/bin/bin/../../lib/gcc/pic32mx/8.3.1/../../../../pic32mx/lib\libc.a(putchar.o)
 .mdebug.abi32  0x0000000000000000        0x0 e:/microchip/xc32/v3.01/bin/bin/../../lib/gcc/pic32mx/8.3.1/../../../../pic32mx/lib\libc.a(setbuf.o)
 .mdebug.abi32  0x0000000000000000        0x0 e:/microchip/xc32/v3.01/bin/bin/../../lib/gcc/pic32mx/8.3.1/../../../../pic32mx/lib\libc.a(strcat.o)
 .mdebug.abi32  0x0000000000000000        0x0 e:/microchip/xc32/v3.01/bin/bin/../../lib/gcc/pic32mx/8.3.1/../../../../pic32mx/lib\libc.a(strchr.o)
 .mdebug.abi32  0x0000000000000000        0x0 e:/microchip/xc32/v3.01/bin/bin/../../lib/gcc/pic32mx/8.3.1/../../../../pic32mx/lib\libc.a(strncpy.o)
 .mdebug.abi32  0x0000000000000000        0x0 e:/microchip/xc32/v3.01/bin/bin/../../lib/gcc/pic32mx/8.3.1/../../../../pic32mx/lib\libc.a(strtod.o)
 .mdebug.abi32  0x0000000000000000        0x0 e:/microchip/xc32/v3.01/bin/bin/../../lib/gcc/pic32mx/8.3.1/../../../../pic32mx/lib\libc.a(strstr.o)
 .mdebug.abi32  0x0000000000000000        0x0 e:/microchip/xc32/v3.01/bin/bin/../../lib/gcc/pic32mx/8.3.1/../../../../pic32mx/lib\libc.a(printf_cdfFnopuxX.eo)
 .mdebug.abi32  0x0000000000000000        0x0 e:/microchip/xc32/v3.01/bin/bin/../../lib/gcc/pic32mx/8.3.1/../../../../pic32mx/lib\libc.a(printf_cdnopuxX.eo)
 .mdebug.abi32  0x0000000000000000        0x0 e:/microchip/xc32/v3.01/bin/bin/../../lib/gcc/pic32mx/8.3.1/../../../../pic32mx/lib\libc.a(printf_s.eo)
 .mdebug.abi32  0x0000000000000000        0x0 e:/microchip/xc32/v3.01/bin/bin/../../lib/gcc/pic32mx/8.3.1/../../../../pic32mx/lib\libc.a(printf.o)
 .mdebug.abi32  0x0000000000000000        0x0 e:/microchip/xc32/v3.01/bin/bin/../../lib/gcc/pic32mx/8.3.1/../../../../pic32mx/lib\libc.a(sprintf_cdfFnopuxX.eo)
 .mdebug.abi32  0x0000000000000000        0x0 e:/microchip/xc32/v3.01/bin/bin/../../lib/gcc/pic32mx/8.3.1/../../../../pic32mx/lib\libc.a(sprintf_cdnopuxX.eo)
 .mdebug.abi32  0x0000000000000000        0x0 e:/microchip/xc32/v3.01/bin/bin/../../lib/gcc/pic32mx/8.3.1/../../../../pic32mx/lib\libc.a(fgetc.o)
 .mdebug.abi32  0x0000000000000000        0x0 e:/microchip/xc32/v3.01/bin/bin/../../lib/gcc/pic32mx/8.3.1/../../../../pic32mx/lib\libc.a(_fputc_simple.o)
 .mdebug.abi32  0x0000000000000000        0x0 e:/microchip/xc32/v3.01/bin/bin/../../lib/gcc/pic32mx/8.3.1/../../../../pic32mx/lib\libc.a(buf.o)
 .mdebug.abi32  0x0000000000000000        0x0 e:/microchip/xc32/v3.01/bin/bin/../../lib/gcc/pic32mx/8.3.1/../../../../pic32mx/lib\libc.a(errno.o)
 .mdebug.abi32  0x0000000000000000        0x0 e:/microchip/xc32/v3.01/bin/bin/../../lib/gcc/pic32mx/8.3.1/../../../../pic32mx/lib\libc.a(strncmp.o)
 .mdebug.abi32  0x0000000000000000        0x0 e:/microchip/xc32/v3.01/bin/bin/../../lib/gcc/pic32mx/8.3.1/../../../../pic32mx/lib\libc.a(doprnt_cdfFnopuxX.eo)
 .mdebug.abi32  0x0000000000000000        0x0 e:/microchip/xc32/v3.01/bin/bin/../../lib/gcc/pic32mx/8.3.1/../../../../pic32mx/lib\libc.a(doprnt_cdnopuxX.eo)
 .mdebug.abi32  0x0000000000000000        0x0 e:/microchip/xc32/v3.01/bin/bin/../../lib/gcc/pic32mx/8.3.1/../../../../pic32mx/lib\libc.a(doprnt_s.eo)
 .mdebug.abi32  0x0000000000000000        0x0 e:/microchip/xc32/v3.01/bin/bin/../../lib/gcc/pic32mx/8.3.1/../../../../pic32mx/lib\libc.a(doprnt.o)
 .mdebug.abi32  0x0000000000000000        0x0 e:/microchip/xc32/v3.01/bin/bin/../../lib/gcc/pic32mx/8.3.1/../../../../pic32mx/lib\libc.a(filbuf.o)
 .mdebug.abi32  0x0000000000000000        0x0 e:/microchip/xc32/v3.01/bin/bin/../../lib/gcc/pic32mx/8.3.1/../../../../pic32mx/lib\libc.a(_flsbuf_simple.o)
 .mdebug.abi32  0x0000000000000000        0x0 e:/microchip/xc32/v3.01/bin/bin/../../lib/gcc/pic32mx/8.3.1/../../../../pic32mx/lib\libc.a(fflush.o)
 .mdebug.abi32  0x0000000000000000        0x0 e:/microchip/xc32/v3.01/bin/bin/../../lib/gcc/pic32mx/8.3.1/../../../../pic32mx/lib\libc.a(ldpowers.o)
 .mdebug.abi32  0x0000000000000000        0x0 e:/microchip/xc32/v3.01/bin/bin/../../lib/gcc/pic32mx/8.3.1/../../../../pic32mx/lib\libm.a(__strtod.o)
 .mdebug.abi32  0x0000000000000000        0x0 e:/microchip/xc32/v3.01/bin/bin/../../lib/gcc/pic32mx/8.3.1/../../../../pic32mx/lib\libe.a(_fixunsdfdi.o)
 .mdebug.abi32  0x0000000000000000        0x0 e:/microchip/xc32/v3.01/bin/bin/../../lib/gcc/pic32mx/8.3.1/../../../../pic32mx/lib\libe.a(_orderdf2.o)
 .mdebug.abi32  0x0000000000000000        0x0 e:/microchip/xc32/v3.01/bin/bin/../../lib/gcc/pic32mx/8.3.1/../../../../pic32mx/lib\libe.a(_ldexp.o)
 .mdebug.abi32  0x0000000000000000        0x0 e:/microchip/xc32/v3.01/bin/bin/../../lib/gcc/pic32mx/8.3.1/../../../../pic32mx/lib\libe.a(_fixdfdi.o)
 .mdebug.abi32  0x0000000000000000        0x0 e:/microchip/xc32/v3.01/bin/bin/../../lib/gcc/pic32mx/8.3.1\libgcc.a(_lshrdi3.o)
 .mdebug.abi32  0x0000000000000000        0x0 e:/microchip/xc32/v3.01/bin/bin/../../lib/gcc/pic32mx/8.3.1\libgcc.a(_floatundidf.o)
 .mdebug.abi32  0x0000000000000000        0x0 e:/microchip/xc32/v3.01/bin/bin/../../lib/gcc/pic32mx/8.3.1\libgcc.a(_divdi3.o)
 .mdebug.abi32  0x0000000000000000        0x0 e:/microchip/xc32/v3.01/bin/bin/../../lib/gcc/pic32mx/8.3.1\libgcc.a(_moddi3.o)
 .mdebug.abi32  0x0000000000000000        0x0 e:/microchip/xc32/v3.01/bin/bin/../../lib/gcc/pic32mx/8.3.1\libgcc.a(_udivdi3.o)
 .mdebug.abi32  0x0000000000000000        0x0 e:/microchip/xc32/v3.01/bin/bin/../../lib/gcc/pic32mx/8.3.1\libgcc.a(_umoddi3.o)
 .mdebug.abi32  0x0000000000000000        0x0 e:/microchip/xc32/v3.01/bin/bin/../../lib/gcc/pic32mx/8.3.1/../../../../pic32mx/lib\libpic32.a(sbrk.o)

.mdebug.abiN32
 *(.mdebug.abiN32)

.mdebug.abi64
 *(.mdebug.abi64)

.mdebug.abiO64
 *(.mdebug.abiO64)

.mdebug.eabi32
 *(.mdebug.eabi32)

.mdebug.eabi64
 *(.mdebug.eabi64)

.gcc_compiled_long32
 *(.gcc_compiled_long32)

.gcc_compiled_long64
 *(.gcc_compiled_long64)

.stab
 *(.stab)

.stabstr
 *(.stabstr)

.stab.excl
 *(.stab.excl)

.stab.exclstr
 *(.stab.exclstr)

.stab.index
 *(.stab.index)

.stab.indexstr
 *(.stab.indexstr)

.comment        0x0000000000000000      0x314
 *(.comment)
 .comment       0x0000000000000000       0x53 build/default/production/_ext/1701374055/Ampli_functions.o
                                         0x54 (size before relaxing)
 .comment       0x0000000000000053       0x54 build/default/production/_ext/1701374055/Amplifier_Com.o
 .comment       0x0000000000000053       0x54 build/default/production/_ext/1701374055/Global_Vars.o
 .comment       0x0000000000000053       0x54 build/default/production/_ext/1701374055/Protocol.o
 .comment       0x0000000000000053       0x54 build/default/production/_ext/1701374055/BoardTemp.o
 .comment       0x0000000000000053       0x54 build/default/production/_ext/1701374055/AtmelFlashMem.o
 .comment       0x0000000000000053       0x54 build/default/production/_ext/1701374055/RTC.o
 .comment       0x0000000000000053       0x54 build/default/production/_ext/1701374055/KBD_5X8.o
 .comment       0x0000000000000053       0x54 build/default/production/_ext/1701374055/LCD_functions.o
 .comment       0x0000000000000053       0x54 build/default/production/_ext/1701374055/ETH_NetBurner.o
 .comment       0x0000000000000053       0x54 build/default/production/_ext/1701374055/Para_Calculations.o
 .comment       0x0000000000000053       0x54 build/default/production/_ext/1701374055/Gyro_Process.o
 .comment       0x0000000000000053       0x54 build/default/production/_ext/1701375116/CAN_Comm.o
 .comment       0x0000000000000053       0x54 build/default/production/_ext/1701375116/ETH_Module_Com.o
 .comment       0x0000000000000053       0x54 build/default/production/_ext/1701375116/Events.o
 .comment       0x0000000000000053       0x54 build/default/production/_ext/1701375116/SSI_Enco.o
 .comment       0x0000000000000053       0x54 build/default/production/_ext/1701375116/I2C_comm.o
 .comment       0x0000000000000053       0x54 build/default/production/_ext/1701375116/DataFlash_Comm.o
 .comment       0x0000000000000053       0x54 build/default/production/_ext/1701375116/Beeps.o
 .comment       0x0000000000000053       0x54 build/default/production/_ext/1701375116/RTC_Comm.o
 .comment       0x0000000000000053       0x54 build/default/production/_ext/1701375116/KBD_5X8_rd.o
 .comment       0x0000000000000053       0x54 build/default/production/_ext/1701375116/LCD_Comm.o
 .comment       0x0000000000000053       0x54 build/default/production/_ext/1701375116/Sys_Inits.o
 .comment       0x0000000000000053       0x54 build/default/production/_ext/1701375116/CAN_Enco_Com.o
 .comment       0x0000000000000053       0x54 build/default/production/_ext/60163342/plib_adc.o
 .comment       0x0000000000000053       0x54 build/default/production/_ext/60165182/plib_can1.o
 .comment       0x0000000000000053       0x54 build/default/production/_ext/60165520/plib_clk.o
 .comment       0x0000000000000053       0x54 build/default/production/_ext/1249264884/plib_coretimer.o
 .comment       0x0000000000000053       0x54 build/default/production/_ext/1865200349/plib_evic.o
 .comment       0x0000000000000053       0x54 build/default/production/_ext/1865254177/plib_gpio.o
 .comment       0x0000000000000053       0x54 build/default/production/_ext/513455433/plib_i2c2_master.o
 .comment       0x0000000000000053       0x54 build/default/production/_ext/298189674/plib_spi1_master.o
 .comment       0x0000000000000053       0x54 build/default/production/_ext/1865657120/plib_uart3.o
 .comment       0x0000000000000053       0x54 build/default/production/_ext/1865657120/plib_uart1.o
 .comment       0x0000000000000053       0x54 build/default/production/_ext/1865657120/plib_uart5.o
 .comment       0x0000000000000053       0x54 build/default/production/_ext/1865657120/plib_uart4.o
 .comment       0x0000000000000053       0x54 build/default/production/_ext/1865657120/plib_uart2.o
 .comment       0x0000000000000053       0x54 build/default/production/_ext/1865657120/plib_uart6.o
 .comment       0x0000000000000053       0x54 build/default/production/_ext/163028504/xc32_monitor.o
 .comment       0x0000000000000053       0x54 build/default/production/_ext/1171490990/initialization.o
 .comment       0x0000000000000053       0x54 build/default/production/_ext/1171490990/interrupts.o
 .comment       0x0000000000000053       0x54 build/default/production/_ext/1171490990/exceptions.o
 .comment       0x0000000000000053       0x54 build/default/production/_ext/1342495810/BCD_Utils.o
 .comment       0x0000000000000053       0x54 build/default/production/_ext/1342495810/Utils.o
 .comment       0x0000000000000053       0x54 build/default/production/_ext/1360937237/main.o
 .comment       0x0000000000000053       0x54 build/default/production/_ext/1360937237/App_Utils.o
 .comment       0x0000000000000053       0x54 build/default/production/_ext/1360937237/HW_Testing.o
 .comment       0x0000000000000053       0x54 build/default/production/_ext/1360937237/First_Test.o
 .comment       0x0000000000000053       0x54 build/default/production/_ext/1360937237/App_Globals.o
 .comment       0x0000000000000053       0x54 build/default/production/_ext/1360937237/App_Protocol.o
 .comment       0x0000000000000053       0x54 build/default/production/_ext/1360937237/BoundaryScan.o
 .comment       0x0000000000000053       0x54 e:/microchip/xc32/v3.01/bin/bin/../../lib/gcc/pic32mx/8.3.1\libgcc.a(floatunsisf.o)
 .comment       0x0000000000000053       0x54 e:/microchip/xc32/v3.01/bin/bin/../../lib/gcc/pic32mx/8.3.1\libgcc.a(floatunsidf.o)
 .comment       0x0000000000000053       0x18 e:/microchip/xc32/v3.01/bin/bin/../../lib/gcc/pic32mx/8.3.1/../../../../pic32mx/lib\libpic32.a(memset.o)
                                         0x19 (size before relaxing)
 .comment       0x000000000000006b       0x19 e:/microchip/xc32/v3.01/bin/bin/../../lib/gcc/pic32mx/8.3.1/../../../../pic32mx/lib\libpic32.a(strcpy.o)
                                         0x1a (size before relaxing)
 .comment       0x0000000000000084       0x19 e:/microchip/xc32/v3.01/bin/bin/../../lib/gcc/pic32mx/8.3.1/../../../../pic32mx/lib\libpic32.a(strlen.o)
                                         0x1a (size before relaxing)
 .comment       0x000000000000009d       0x54 e:/microchip/xc32/v3.01/bin/bin/../../lib/gcc/pic32mx/8.3.1/../../../../pic32mx/lib\libpic32.a(default-on-reset.o)
 .comment       0x000000000000009d       0x54 e:/microchip/xc32/v3.01/bin/bin/../../lib/gcc/pic32mx/8.3.1/../../../../pic32mx/lib\libpic32.a(default-on-bootstrap.o)
 .comment       0x000000000000009d       0x54 e:/microchip/xc32/v3.01/bin/bin/../../lib/gcc/pic32mx/8.3.1/../../../../pic32mx/lib\libpic32.a(defaultinterrupt.o)
 .comment       0x000000000000009d       0x54 e:/microchip/xc32/v3.01/bin/bin/../../lib/gcc/pic32mx/8.3.1/../../../../pic32mx/lib\libc.a(_iob.o)
 .comment       0x000000000000009d       0x54 e:/microchip/xc32/v3.01/bin/bin/../../lib/gcc/pic32mx/8.3.1/../../../../pic32mx/lib\libc.a(atoi.o)
 .comment       0x000000000000009d       0x4e e:/microchip/xc32/v3.01/bin/bin/../../lib/gcc/pic32mx/8.3.1/../../../../pic32mx/lib\libc.a(ctype.o)
                                         0xa2 (size before relaxing)
 .comment       0x00000000000000eb       0x54 e:/microchip/xc32/v3.01/bin/bin/../../lib/gcc/pic32mx/8.3.1/../../../../pic32mx/lib\libc.a(gets.o)
 .comment       0x00000000000000eb       0x54 e:/microchip/xc32/v3.01/bin/bin/../../lib/gcc/pic32mx/8.3.1/../../../../pic32mx/lib\libc.a(putchar.o)
 .comment       0x00000000000000eb       0x54 e:/microchip/xc32/v3.01/bin/bin/../../lib/gcc/pic32mx/8.3.1/../../../../pic32mx/lib\libc.a(setbuf.o)
 .comment       0x00000000000000eb       0x54 e:/microchip/xc32/v3.01/bin/bin/../../lib/gcc/pic32mx/8.3.1/../../../../pic32mx/lib\libc.a(strcat.o)
 .comment       0x00000000000000eb       0x54 e:/microchip/xc32/v3.01/bin/bin/../../lib/gcc/pic32mx/8.3.1/../../../../pic32mx/lib\libc.a(strchr.o)
 .comment       0x00000000000000eb       0x54 e:/microchip/xc32/v3.01/bin/bin/../../lib/gcc/pic32mx/8.3.1/../../../../pic32mx/lib\libc.a(strncpy.o)
 .comment       0x00000000000000eb       0x54 e:/microchip/xc32/v3.01/bin/bin/../../lib/gcc/pic32mx/8.3.1/../../../../pic32mx/lib\libc.a(strtod.o)
 .comment       0x00000000000000eb       0x54 e:/microchip/xc32/v3.01/bin/bin/../../lib/gcc/pic32mx/8.3.1/../../../../pic32mx/lib\libc.a(strstr.o)
 .comment       0x00000000000000eb       0x54 e:/microchip/xc32/v3.01/bin/bin/../../lib/gcc/pic32mx/8.3.1/../../../../pic32mx/lib\libc.a(printf_cdfFnopuxX.eo)
 .comment       0x00000000000000eb       0x54 e:/microchip/xc32/v3.01/bin/bin/../../lib/gcc/pic32mx/8.3.1/../../../../pic32mx/lib\libc.a(printf_cdnopuxX.eo)
 .comment       0x00000000000000eb       0x54 e:/microchip/xc32/v3.01/bin/bin/../../lib/gcc/pic32mx/8.3.1/../../../../pic32mx/lib\libc.a(printf_s.eo)
 .comment       0x00000000000000eb       0x54 e:/microchip/xc32/v3.01/bin/bin/../../lib/gcc/pic32mx/8.3.1/../../../../pic32mx/lib\libc.a(printf.o)
 .comment       0x00000000000000eb       0x54 e:/microchip/xc32/v3.01/bin/bin/../../lib/gcc/pic32mx/8.3.1/../../../../pic32mx/lib\libc.a(sprintf_cdfFnopuxX.eo)
 .comment       0x00000000000000eb       0x54 e:/microchip/xc32/v3.01/bin/bin/../../lib/gcc/pic32mx/8.3.1/../../../../pic32mx/lib\libc.a(sprintf_cdnopuxX.eo)
 .comment       0x00000000000000eb       0x54 e:/microchip/xc32/v3.01/bin/bin/../../lib/gcc/pic32mx/8.3.1/../../../../pic32mx/lib\libc.a(fgetc.o)
 .comment       0x00000000000000eb       0x54 e:/microchip/xc32/v3.01/bin/bin/../../lib/gcc/pic32mx/8.3.1/../../../../pic32mx/lib\libc.a(_fputc_simple.o)
 .comment       0x00000000000000eb       0x54 e:/microchip/xc32/v3.01/bin/bin/../../lib/gcc/pic32mx/8.3.1/../../../../pic32mx/lib\libc.a(buf.o)
 .comment       0x00000000000000eb       0x54 e:/microchip/xc32/v3.01/bin/bin/../../lib/gcc/pic32mx/8.3.1/../../../../pic32mx/lib\libc.a(errno.o)
 .comment       0x00000000000000eb       0x54 e:/microchip/xc32/v3.01/bin/bin/../../lib/gcc/pic32mx/8.3.1/../../../../pic32mx/lib\libc.a(strncmp.o)
 .comment       0x00000000000000eb       0x54 e:/microchip/xc32/v3.01/bin/bin/../../lib/gcc/pic32mx/8.3.1/../../../../pic32mx/lib\libc.a(doprnt_cdfFnopuxX.eo)
 .comment       0x00000000000000eb       0x54 e:/microchip/xc32/v3.01/bin/bin/../../lib/gcc/pic32mx/8.3.1/../../../../pic32mx/lib\libc.a(doprnt_cdnopuxX.eo)
 .comment       0x00000000000000eb       0x54 e:/microchip/xc32/v3.01/bin/bin/../../lib/gcc/pic32mx/8.3.1/../../../../pic32mx/lib\libc.a(doprnt_s.eo)
 .comment       0x00000000000000eb       0x54 e:/microchip/xc32/v3.01/bin/bin/../../lib/gcc/pic32mx/8.3.1/../../../../pic32mx/lib\libc.a(doprnt.o)
 .comment       0x00000000000000eb       0x54 e:/microchip/xc32/v3.01/bin/bin/../../lib/gcc/pic32mx/8.3.1/../../../../pic32mx/lib\libc.a(filbuf.o)
 .comment       0x00000000000000eb       0x54 e:/microchip/xc32/v3.01/bin/bin/../../lib/gcc/pic32mx/8.3.1/../../../../pic32mx/lib\libc.a(_flsbuf_simple.o)
 .comment       0x00000000000000eb       0x54 e:/microchip/xc32/v3.01/bin/bin/../../lib/gcc/pic32mx/8.3.1/../../../../pic32mx/lib\libc.a(fflush.o)
 .comment       0x00000000000000eb       0x54 e:/microchip/xc32/v3.01/bin/bin/../../lib/gcc/pic32mx/8.3.1/../../../../pic32mx/lib\libc.a(ldpowers.o)
 .comment       0x00000000000000eb       0x9d e:/microchip/xc32/v3.01/bin/bin/../../lib/gcc/pic32mx/8.3.1/../../../../pic32mx/lib\libm.a(__strtod.o)
                                         0xf1 (size before relaxing)
 .comment       0x0000000000000188       0x51 e:/microchip/xc32/v3.01/bin/bin/../../lib/gcc/pic32mx/8.3.1/../../../../pic32mx/lib\libe.a(_fixunsdfdi.o)
                                         0xf3 (size before relaxing)
 .comment       0x00000000000001d9       0x50 e:/microchip/xc32/v3.01/bin/bin/../../lib/gcc/pic32mx/8.3.1/../../../../pic32mx/lib\libe.a(_orderdf2.o)
                                         0xf2 (size before relaxing)
 .comment       0x0000000000000229       0x50 e:/microchip/xc32/v3.01/bin/bin/../../lib/gcc/pic32mx/8.3.1/../../../../pic32mx/lib\libe.a(_ldexp.o)
                                         0xf2 (size before relaxing)
 .comment       0x0000000000000279       0x50 e:/microchip/xc32/v3.01/bin/bin/../../lib/gcc/pic32mx/8.3.1/../../../../pic32mx/lib\libe.a(_fixdfdi.o)
                                         0xf2 (size before relaxing)
 .comment       0x00000000000002c9       0x54 e:/microchip/xc32/v3.01/bin/bin/../../lib/gcc/pic32mx/8.3.1\libgcc.a(_lshrdi3.o)
 .comment       0x00000000000002c9       0x54 e:/microchip/xc32/v3.01/bin/bin/../../lib/gcc/pic32mx/8.3.1\libgcc.a(_floatundidf.o)
 .comment       0x00000000000002c9       0x54 e:/microchip/xc32/v3.01/bin/bin/../../lib/gcc/pic32mx/8.3.1\libgcc.a(_divdi3.o)
 .comment       0x00000000000002c9       0x54 e:/microchip/xc32/v3.01/bin/bin/../../lib/gcc/pic32mx/8.3.1\libgcc.a(_moddi3.o)
 .comment       0x00000000000002c9       0x54 e:/microchip/xc32/v3.01/bin/bin/../../lib/gcc/pic32mx/8.3.1\libgcc.a(_udivdi3.o)
 .comment       0x00000000000002c9       0x54 e:/microchip/xc32/v3.01/bin/bin/../../lib/gcc/pic32mx/8.3.1\libgcc.a(_umoddi3.o)
 .comment       0x00000000000002c9       0x4b e:/microchip/xc32/v3.01/bin/bin/../../lib/gcc/pic32mx/8.3.1/../../../../pic32mx/lib\libpic32.a(sbrk.o)
                                         0x9f (size before relaxing)

.debug
 *.elf(.debug)
 *(.debug)

.line
 *.elf(.line)
 *(.line)

.debug_srcinfo
 *.elf(.debug_srcinfo)
 *(.debug_srcinfo)

.debug_sfnames
 *.elf(.debug_sfnames)
 *(.debug_sfnames)

.debug_aranges  0x0000000000000000     0x1568
 *.elf(.debug_aranges)
 *(.debug_aranges)
 .debug_aranges
                0x0000000000000000       0x38 build/default/production/_ext/1701374055/Ampli_functions.o
 .debug_aranges
                0x0000000000000038       0xc8 build/default/production/_ext/1701374055/Amplifier_Com.o
 .debug_aranges
                0x0000000000000100       0x18 build/default/production/_ext/1701374055/Global_Vars.o
 .debug_aranges
                0x0000000000000118       0x60 build/default/production/_ext/1701374055/Protocol.o
 .debug_aranges
                0x0000000000000178       0x20 build/default/production/_ext/1701374055/BoardTemp.o
 .debug_aranges
                0x0000000000000198       0x60 build/default/production/_ext/1701374055/AtmelFlashMem.o
 .debug_aranges
                0x00000000000001f8       0x30 build/default/production/_ext/1701374055/RTC.o
 .debug_aranges
                0x0000000000000228       0x28 build/default/production/_ext/1701374055/KBD_5X8.o
 .debug_aranges
                0x0000000000000250       0x50 build/default/production/_ext/1701374055/LCD_functions.o
 .debug_aranges
                0x00000000000002a0       0x30 build/default/production/_ext/1701374055/ETH_NetBurner.o
 .debug_aranges
                0x00000000000002d0       0x58 build/default/production/_ext/1701374055/Para_Calculations.o
 .debug_aranges
                0x0000000000000328       0x38 build/default/production/_ext/1701374055/Gyro_Process.o
 .debug_aranges
                0x0000000000000360       0x40 build/default/production/_ext/1701375116/CAN_Comm.o
 .debug_aranges
                0x00000000000003a0       0x30 build/default/production/_ext/1701375116/ETH_Module_Com.o
 .debug_aranges
                0x00000000000003d0       0x68 build/default/production/_ext/1701375116/Events.o
 .debug_aranges
                0x0000000000000438       0x28 build/default/production/_ext/1701375116/SSI_Enco.o
 .debug_aranges
                0x0000000000000460       0x20 build/default/production/_ext/1701375116/I2C_comm.o
 .debug_aranges
                0x0000000000000480       0x40 build/default/production/_ext/1701375116/DataFlash_Comm.o
 .debug_aranges
                0x00000000000004c0       0x28 build/default/production/_ext/1701375116/Beeps.o
 .debug_aranges
                0x00000000000004e8       0x70 build/default/production/_ext/1701375116/RTC_Comm.o
 .debug_aranges
                0x0000000000000558       0x20 build/default/production/_ext/1701375116/KBD_5X8_rd.o
 .debug_aranges
                0x0000000000000578       0x38 build/default/production/_ext/1701375116/LCD_Comm.o
 .debug_aranges
                0x00000000000005b0       0x30 build/default/production/_ext/1701375116/Sys_Inits.o
 .debug_aranges
                0x00000000000005e0       0x48 build/default/production/_ext/1701375116/CAN_Enco_Com.o
 .debug_aranges
                0x0000000000000628       0x70 build/default/production/_ext/60163342/plib_adc.o
 .debug_aranges
                0x0000000000000698       0x98 build/default/production/_ext/60165182/plib_can1.o
 .debug_aranges
                0x0000000000000730       0x20 build/default/production/_ext/60165520/plib_clk.o
 .debug_aranges
                0x0000000000000750       0x60 build/default/production/_ext/1249264884/plib_coretimer.o
 .debug_aranges
                0x00000000000007b0       0x68 build/default/production/_ext/1865200349/plib_evic.o
 .debug_aranges
                0x0000000000000818       0x60 build/default/production/_ext/1865254177/plib_gpio.o
 .debug_aranges
                0x0000000000000878       0x68 build/default/production/_ext/513455433/plib_i2c2_master.o
 .debug_aranges
                0x00000000000008e0       0x48 build/default/production/_ext/298189674/plib_spi1_master.o
 .debug_aranges
                0x0000000000000928       0xa0 build/default/production/_ext/1865657120/plib_uart3.o
 .debug_aranges
                0x00000000000009c8       0xa0 build/default/production/_ext/1865657120/plib_uart1.o
 .debug_aranges
                0x0000000000000a68       0xa0 build/default/production/_ext/1865657120/plib_uart5.o
 .debug_aranges
                0x0000000000000b08       0xa0 build/default/production/_ext/1865657120/plib_uart4.o
 .debug_aranges
                0x0000000000000ba8       0x80 build/default/production/_ext/1865657120/plib_uart2.o
 .debug_aranges
                0x0000000000000c28       0xa0 build/default/production/_ext/1865657120/plib_uart6.o
 .debug_aranges
                0x0000000000000cc8       0x28 build/default/production/_ext/163028504/xc32_monitor.o
 .debug_aranges
                0x0000000000000cf0       0x20 build/default/production/_ext/1171490990/initialization.o
 .debug_aranges
                0x0000000000000d10       0x60 build/default/production/_ext/1171490990/interrupts.o
 .debug_aranges
                0x0000000000000d70       0x28 build/default/production/_ext/1171490990/exceptions.o
 .debug_aranges
                0x0000000000000d98       0x60 build/default/production/_ext/1342495810/BCD_Utils.o
 .debug_aranges
                0x0000000000000df8       0x48 build/default/production/_ext/1342495810/Utils.o
 .debug_aranges
                0x0000000000000e40       0x58 build/default/production/_ext/1360937237/main.o
 .debug_aranges
                0x0000000000000e98       0x20 build/default/production/_ext/1360937237/App_Utils.o
 .debug_aranges
                0x0000000000000eb8       0x90 build/default/production/_ext/1360937237/HW_Testing.o
 .debug_aranges
                0x0000000000000f48       0x20 build/default/production/_ext/1360937237/First_Test.o
 .debug_aranges
                0x0000000000000f68       0x18 build/default/production/_ext/1360937237/App_Globals.o
 .debug_aranges
                0x0000000000000f80       0x28 build/default/production/_ext/1360937237/App_Protocol.o
 .debug_aranges
                0x0000000000000fa8       0x20 e:/microchip/xc32/v3.01/bin/bin/../../lib/gcc/pic32mx/8.3.1\libgcc.a(floatunsisf.o)
 .debug_aranges
                0x0000000000000fc8       0x20 e:/microchip/xc32/v3.01/bin/bin/../../lib/gcc/pic32mx/8.3.1\libgcc.a(floatunsidf.o)
 .debug_aranges
                0x0000000000000fe8       0x20 e:/microchip/xc32/v3.01/bin/bin/../../lib/gcc/pic32mx/8.3.1/../../../../pic32mx/lib\libpic32.a(default-on-reset.o)
 .debug_aranges
                0x0000000000001008       0x20 e:/microchip/xc32/v3.01/bin/bin/../../lib/gcc/pic32mx/8.3.1/../../../../pic32mx/lib\libpic32.a(default-on-bootstrap.o)
 .debug_aranges
                0x0000000000001028       0x20 e:/microchip/xc32/v3.01/bin/bin/../../lib/gcc/pic32mx/8.3.1/../../../../pic32mx/lib\libpic32.a(defaultinterrupt.o)
 .debug_aranges
                0x0000000000001048       0x20 e:/microchip/xc32/v3.01/bin/bin/../../lib/gcc/pic32mx/8.3.1/../../../../pic32mx/lib\libc.a(atoi.o)
 .debug_aranges
                0x0000000000001068       0x30 e:/microchip/xc32/v3.01/bin/bin/../../lib/gcc/pic32mx/8.3.1/../../../../pic32mx/lib\libc.a(gets.o)
 .debug_aranges
                0x0000000000001098       0x20 e:/microchip/xc32/v3.01/bin/bin/../../lib/gcc/pic32mx/8.3.1/../../../../pic32mx/lib\libc.a(putchar.o)
 .debug_aranges
                0x00000000000010b8       0x28 e:/microchip/xc32/v3.01/bin/bin/../../lib/gcc/pic32mx/8.3.1/../../../../pic32mx/lib\libc.a(setbuf.o)
 .debug_aranges
                0x00000000000010e0       0x20 e:/microchip/xc32/v3.01/bin/bin/../../lib/gcc/pic32mx/8.3.1/../../../../pic32mx/lib\libc.a(strcat.o)
 .debug_aranges
                0x0000000000001100       0x20 e:/microchip/xc32/v3.01/bin/bin/../../lib/gcc/pic32mx/8.3.1/../../../../pic32mx/lib\libc.a(strchr.o)
 .debug_aranges
                0x0000000000001120       0x20 e:/microchip/xc32/v3.01/bin/bin/../../lib/gcc/pic32mx/8.3.1/../../../../pic32mx/lib\libc.a(strncpy.o)
 .debug_aranges
                0x0000000000001140       0x28 e:/microchip/xc32/v3.01/bin/bin/../../lib/gcc/pic32mx/8.3.1/../../../../pic32mx/lib\libc.a(strtod.o)
 .debug_aranges
                0x0000000000001168       0x20 e:/microchip/xc32/v3.01/bin/bin/../../lib/gcc/pic32mx/8.3.1/../../../../pic32mx/lib\libc.a(strstr.o)
 .debug_aranges
                0x0000000000001188       0x20 e:/microchip/xc32/v3.01/bin/bin/../../lib/gcc/pic32mx/8.3.1/../../../../pic32mx/lib\libc.a(printf_cdfFnopuxX.eo)
 .debug_aranges
                0x00000000000011a8       0x20 e:/microchip/xc32/v3.01/bin/bin/../../lib/gcc/pic32mx/8.3.1/../../../../pic32mx/lib\libc.a(printf_cdnopuxX.eo)
 .debug_aranges
                0x00000000000011c8       0x20 e:/microchip/xc32/v3.01/bin/bin/../../lib/gcc/pic32mx/8.3.1/../../../../pic32mx/lib\libc.a(printf_s.eo)
 .debug_aranges
                0x00000000000011e8       0x20 e:/microchip/xc32/v3.01/bin/bin/../../lib/gcc/pic32mx/8.3.1/../../../../pic32mx/lib\libc.a(printf.o)
 .debug_aranges
                0x0000000000001208       0x20 e:/microchip/xc32/v3.01/bin/bin/../../lib/gcc/pic32mx/8.3.1/../../../../pic32mx/lib\libc.a(sprintf_cdfFnopuxX.eo)
 .debug_aranges
                0x0000000000001228       0x20 e:/microchip/xc32/v3.01/bin/bin/../../lib/gcc/pic32mx/8.3.1/../../../../pic32mx/lib\libc.a(sprintf_cdnopuxX.eo)
 .debug_aranges
                0x0000000000001248       0x20 e:/microchip/xc32/v3.01/bin/bin/../../lib/gcc/pic32mx/8.3.1/../../../../pic32mx/lib\libc.a(fgetc.o)
 .debug_aranges
                0x0000000000001268       0x20 e:/microchip/xc32/v3.01/bin/bin/../../lib/gcc/pic32mx/8.3.1/../../../../pic32mx/lib\libc.a(_fputc_simple.o)
 .debug_aranges
                0x0000000000001288       0x28 e:/microchip/xc32/v3.01/bin/bin/../../lib/gcc/pic32mx/8.3.1/../../../../pic32mx/lib\libc.a(buf.o)
 .debug_aranges
                0x00000000000012b0       0x20 e:/microchip/xc32/v3.01/bin/bin/../../lib/gcc/pic32mx/8.3.1/../../../../pic32mx/lib\libc.a(strncmp.o)
 .debug_aranges
                0x00000000000012d0       0x28 e:/microchip/xc32/v3.01/bin/bin/../../lib/gcc/pic32mx/8.3.1/../../../../pic32mx/lib\libc.a(doprnt_cdfFnopuxX.eo)
 .debug_aranges
                0x00000000000012f8       0x20 e:/microchip/xc32/v3.01/bin/bin/../../lib/gcc/pic32mx/8.3.1/../../../../pic32mx/lib\libc.a(doprnt_cdnopuxX.eo)
 .debug_aranges
                0x0000000000001318       0x20 e:/microchip/xc32/v3.01/bin/bin/../../lib/gcc/pic32mx/8.3.1/../../../../pic32mx/lib\libc.a(doprnt_s.eo)
 .debug_aranges
                0x0000000000001338       0x30 e:/microchip/xc32/v3.01/bin/bin/../../lib/gcc/pic32mx/8.3.1/../../../../pic32mx/lib\libc.a(doprnt.o)
 .debug_aranges
                0x0000000000001368       0x20 e:/microchip/xc32/v3.01/bin/bin/../../lib/gcc/pic32mx/8.3.1/../../../../pic32mx/lib\libc.a(filbuf.o)
 .debug_aranges
                0x0000000000001388       0x20 e:/microchip/xc32/v3.01/bin/bin/../../lib/gcc/pic32mx/8.3.1/../../../../pic32mx/lib\libc.a(_flsbuf_simple.o)
 .debug_aranges
                0x00000000000013a8       0x20 e:/microchip/xc32/v3.01/bin/bin/../../lib/gcc/pic32mx/8.3.1/../../../../pic32mx/lib\libc.a(fflush.o)
 .debug_aranges
                0x00000000000013c8       0x20 e:/microchip/xc32/v3.01/bin/bin/../../lib/gcc/pic32mx/8.3.1/../../../../pic32mx/lib\libm.a(__strtod.o)
 .debug_aranges
                0x00000000000013e8       0x20 e:/microchip/xc32/v3.01/bin/bin/../../lib/gcc/pic32mx/8.3.1/../../../../pic32mx/lib\libe.a(_fixunsdfdi.o)
 .debug_aranges
                0x0000000000001408       0x20 e:/microchip/xc32/v3.01/bin/bin/../../lib/gcc/pic32mx/8.3.1/../../../../pic32mx/lib\libe.a(_orderdf2.o)
 .debug_aranges
                0x0000000000001428       0x20 e:/microchip/xc32/v3.01/bin/bin/../../lib/gcc/pic32mx/8.3.1/../../../../pic32mx/lib\libe.a(_ldexp.o)
 .debug_aranges
                0x0000000000001448       0x20 e:/microchip/xc32/v3.01/bin/bin/../../lib/gcc/pic32mx/8.3.1/../../../../pic32mx/lib\libe.a(_fixdfdi.o)
 .debug_aranges
                0x0000000000001468       0x20 e:/microchip/xc32/v3.01/bin/bin/../../lib/gcc/pic32mx/8.3.1\libgcc.a(_lshrdi3.o)
 .debug_aranges
                0x0000000000001488       0x20 e:/microchip/xc32/v3.01/bin/bin/../../lib/gcc/pic32mx/8.3.1\libgcc.a(_floatundidf.o)
 .debug_aranges
                0x00000000000014a8       0x20 e:/microchip/xc32/v3.01/bin/bin/../../lib/gcc/pic32mx/8.3.1\libgcc.a(_divdi3.o)
 .debug_aranges
                0x00000000000014c8       0x20 e:/microchip/xc32/v3.01/bin/bin/../../lib/gcc/pic32mx/8.3.1\libgcc.a(_moddi3.o)
 .debug_aranges
                0x00000000000014e8       0x20 e:/microchip/xc32/v3.01/bin/bin/../../lib/gcc/pic32mx/8.3.1\libgcc.a(_udivdi3.o)
 .debug_aranges
                0x0000000000001508       0x20 e:/microchip/xc32/v3.01/bin/bin/../../lib/gcc/pic32mx/8.3.1\libgcc.a(_umoddi3.o)
 .debug_aranges
                0x0000000000001528       0x40 e:/microchip/xc32/v3.01/bin/bin/../../lib/gcc/pic32mx/8.3.1/../../../../pic32mx/lib\libpic32.a(sbrk.o)

.debug_pubnames
 *.elf(.debug_pubnames)
 *(.debug_pubnames)

.debug_info     0x0000000000000000   0x9e53d6
 *.elf(.debug_info .gnu.linkonce.wi.*)
 *(.debug_info .gnu.linkonce.wi.*)
 .debug_info    0x0000000000000000    0x32c48 build/default/production/_ext/1701374055/Ampli_functions.o
 .debug_info    0x0000000000032c48    0x33778 build/default/production/_ext/1701374055/Amplifier_Com.o
 .debug_info    0x00000000000663c0    0x32b27 build/default/production/_ext/1701374055/Global_Vars.o
 .debug_info    0x0000000000098ee7    0x32763 build/default/production/_ext/1701374055/Protocol.o
 .debug_info    0x00000000000cb64a    0x325e2 build/default/production/_ext/1701374055/BoardTemp.o
 .debug_info    0x00000000000fdc2c    0x32acb build/default/production/_ext/1701374055/AtmelFlashMem.o
 .debug_info    0x00000000001306f7    0x3278f build/default/production/_ext/1701374055/RTC.o
 .debug_info    0x0000000000162e86    0x325c4 build/default/production/_ext/1701374055/KBD_5X8.o
 .debug_info    0x000000000019544a    0x32831 build/default/production/_ext/1701374055/LCD_functions.o
 .debug_info    0x00000000001c7c7b    0x32786 build/default/production/_ext/1701374055/ETH_NetBurner.o
 .debug_info    0x00000000001fa401    0x3288e build/default/production/_ext/1701374055/Para_Calculations.o
 .debug_info    0x000000000022cc8f    0x325fc build/default/production/_ext/1701374055/Gyro_Process.o
 .debug_info    0x000000000025f28b    0x32c65 build/default/production/_ext/1701375116/CAN_Comm.o
 .debug_info    0x0000000000291ef0    0x326f0 build/default/production/_ext/1701375116/ETH_Module_Com.o
 .debug_info    0x00000000002c45e0    0x32f3c build/default/production/_ext/1701375116/Events.o
 .debug_info    0x00000000002f751c    0x327a2 build/default/production/_ext/1701375116/SSI_Enco.o
 .debug_info    0x0000000000329cbe    0x32626 build/default/production/_ext/1701375116/I2C_comm.o
 .debug_info    0x000000000035c2e4    0x32685 build/default/production/_ext/1701375116/DataFlash_Comm.o
 .debug_info    0x000000000038e969    0x324b4 build/default/production/_ext/1701375116/Beeps.o
 .debug_info    0x00000000003c0e1d    0x33292 build/default/production/_ext/1701375116/RTC_Comm.o
 .debug_info    0x00000000003f40af    0x325e3 build/default/production/_ext/1701375116/KBD_5X8_rd.o
 .debug_info    0x0000000000426692    0x327ff build/default/production/_ext/1701375116/LCD_Comm.o
 .debug_info    0x0000000000458e91    0x32a16 build/default/production/_ext/1701375116/Sys_Inits.o
 .debug_info    0x000000000048b8a7    0x32a89 build/default/production/_ext/1701375116/CAN_Enco_Com.o
 .debug_info    0x00000000004be330    0x326e9 build/default/production/_ext/60163342/plib_adc.o
 .debug_info    0x00000000004f0a19    0x32c41 build/default/production/_ext/60165182/plib_can1.o
 .debug_info    0x000000000052365a    0x32354 build/default/production/_ext/60165520/plib_clk.o
 .debug_info    0x00000000005559ae    0x32583 build/default/production/_ext/1249264884/plib_coretimer.o
 .debug_info    0x0000000000587f31    0x327e0 build/default/production/_ext/1865200349/plib_evic.o
 .debug_info    0x00000000005ba711    0x32581 build/default/production/_ext/1865254177/plib_gpio.o
 .debug_info    0x00000000005ecc92    0x327ff build/default/production/_ext/513455433/plib_i2c2_master.o
 .debug_info    0x000000000061f491    0x326ee build/default/production/_ext/298189674/plib_spi1_master.o
 .debug_info    0x0000000000651b7f    0x329af build/default/production/_ext/1865657120/plib_uart3.o
 .debug_info    0x000000000068452e    0x329af build/default/production/_ext/1865657120/plib_uart1.o
 .debug_info    0x00000000006b6edd    0x329af build/default/production/_ext/1865657120/plib_uart5.o
 .debug_info    0x00000000006e988c    0x329af build/default/production/_ext/1865657120/plib_uart4.o
 .debug_info    0x000000000071c23b    0x32812 build/default/production/_ext/1865657120/plib_uart2.o
 .debug_info    0x000000000074ea4d    0x329af build/default/production/_ext/1865657120/plib_uart6.o
 .debug_info    0x00000000007813fc    0x32585 build/default/production/_ext/163028504/xc32_monitor.o
 .debug_info    0x00000000007b3981    0x3261c build/default/production/_ext/1171490990/initialization.o
 .debug_info    0x00000000007e5f9d    0x3260c build/default/production/_ext/1171490990/interrupts.o
 .debug_info    0x00000000008185a9    0x32506 build/default/production/_ext/1171490990/exceptions.o
 .debug_info    0x000000000084aaaf    0x32722 build/default/production/_ext/1342495810/BCD_Utils.o
 .debug_info    0x000000000087d1d1    0x3265e build/default/production/_ext/1342495810/Utils.o
 .debug_info    0x00000000008af82f    0x34340 build/default/production/_ext/1360937237/main.o
 .debug_info    0x00000000008e3b6f    0x32843 build/default/production/_ext/1360937237/App_Utils.o
 .debug_info    0x00000000009163b2    0x341a5 build/default/production/_ext/1360937237/HW_Testing.o
 .debug_info    0x000000000094a557    0x32e99 build/default/production/_ext/1360937237/First_Test.o
 .debug_info    0x000000000097d3f0    0x32659 build/default/production/_ext/1360937237/App_Globals.o
 .debug_info    0x00000000009afa49    0x3252c build/default/production/_ext/1360937237/App_Protocol.o
 .debug_info    0x00000000009e1f75       0x9d e:/microchip/xc32/v3.01/bin/bin/../../lib/gcc/pic32mx/8.3.1\libgcc.a(floatunsisf.o)
 .debug_info    0x00000000009e2012       0xaf e:/microchip/xc32/v3.01/bin/bin/../../lib/gcc/pic32mx/8.3.1\libgcc.a(floatunsidf.o)
 .debug_info    0x00000000009e20c1       0x3f e:/microchip/xc32/v3.01/bin/bin/../../lib/gcc/pic32mx/8.3.1/../../../../pic32mx/lib\libpic32.a(default-on-reset.o)
 .debug_info    0x00000000009e2100       0x3f e:/microchip/xc32/v3.01/bin/bin/../../lib/gcc/pic32mx/8.3.1/../../../../pic32mx/lib\libpic32.a(default-on-bootstrap.o)
 .debug_info    0x00000000009e213f       0x40 e:/microchip/xc32/v3.01/bin/bin/../../lib/gcc/pic32mx/8.3.1/../../../../pic32mx/lib\libpic32.a(defaultinterrupt.o)
 .debug_info    0x00000000009e217f       0x3e e:/microchip/xc32/v3.01/bin/bin/../../lib/gcc/pic32mx/8.3.1/../../../../pic32mx/lib\libc.a(atoi.o)
 .debug_info    0x00000000009e21bd       0x7d e:/microchip/xc32/v3.01/bin/bin/../../lib/gcc/pic32mx/8.3.1/../../../../pic32mx/lib\libc.a(gets.o)
 .debug_info    0x00000000009e223a       0x3e e:/microchip/xc32/v3.01/bin/bin/../../lib/gcc/pic32mx/8.3.1/../../../../pic32mx/lib\libc.a(putchar.o)
 .debug_info    0x00000000009e2278       0x52 e:/microchip/xc32/v3.01/bin/bin/../../lib/gcc/pic32mx/8.3.1/../../../../pic32mx/lib\libc.a(setbuf.o)
 .debug_info    0x00000000009e22ca       0x3e e:/microchip/xc32/v3.01/bin/bin/../../lib/gcc/pic32mx/8.3.1/../../../../pic32mx/lib\libc.a(strcat.o)
 .debug_info    0x00000000009e2308       0x3e e:/microchip/xc32/v3.01/bin/bin/../../lib/gcc/pic32mx/8.3.1/../../../../pic32mx/lib\libc.a(strchr.o)
 .debug_info    0x00000000009e2346       0x3e e:/microchip/xc32/v3.01/bin/bin/../../lib/gcc/pic32mx/8.3.1/../../../../pic32mx/lib\libc.a(strncpy.o)
 .debug_info    0x00000000009e2384       0x52 e:/microchip/xc32/v3.01/bin/bin/../../lib/gcc/pic32mx/8.3.1/../../../../pic32mx/lib\libc.a(strtod.o)
 .debug_info    0x00000000009e23d6       0x3e e:/microchip/xc32/v3.01/bin/bin/../../lib/gcc/pic32mx/8.3.1/../../../../pic32mx/lib\libc.a(strstr.o)
 .debug_info    0x00000000009e2414       0x3e e:/microchip/xc32/v3.01/bin/bin/../../lib/gcc/pic32mx/8.3.1/../../../../pic32mx/lib\libc.a(printf_cdfFnopuxX.eo)
 .debug_info    0x00000000009e2452       0x3e e:/microchip/xc32/v3.01/bin/bin/../../lib/gcc/pic32mx/8.3.1/../../../../pic32mx/lib\libc.a(printf_cdnopuxX.eo)
 .debug_info    0x00000000009e2490       0x3e e:/microchip/xc32/v3.01/bin/bin/../../lib/gcc/pic32mx/8.3.1/../../../../pic32mx/lib\libc.a(printf_s.eo)
 .debug_info    0x00000000009e24ce       0x3e e:/microchip/xc32/v3.01/bin/bin/../../lib/gcc/pic32mx/8.3.1/../../../../pic32mx/lib\libc.a(printf.o)
 .debug_info    0x00000000009e250c       0x3e e:/microchip/xc32/v3.01/bin/bin/../../lib/gcc/pic32mx/8.3.1/../../../../pic32mx/lib\libc.a(sprintf_cdfFnopuxX.eo)
 .debug_info    0x00000000009e254a       0x3e e:/microchip/xc32/v3.01/bin/bin/../../lib/gcc/pic32mx/8.3.1/../../../../pic32mx/lib\libc.a(sprintf_cdnopuxX.eo)
 .debug_info    0x00000000009e2588       0x3e e:/microchip/xc32/v3.01/bin/bin/../../lib/gcc/pic32mx/8.3.1/../../../../pic32mx/lib\libc.a(fgetc.o)
 .debug_info    0x00000000009e25c6       0x48 e:/microchip/xc32/v3.01/bin/bin/../../lib/gcc/pic32mx/8.3.1/../../../../pic32mx/lib\libc.a(_fputc_simple.o)
 .debug_info    0x00000000009e260e       0x5c e:/microchip/xc32/v3.01/bin/bin/../../lib/gcc/pic32mx/8.3.1/../../../../pic32mx/lib\libc.a(buf.o)
 .debug_info    0x00000000009e266a       0x3e e:/microchip/xc32/v3.01/bin/bin/../../lib/gcc/pic32mx/8.3.1/../../../../pic32mx/lib\libc.a(strncmp.o)
 .debug_info    0x00000000009e26a8       0x8b e:/microchip/xc32/v3.01/bin/bin/../../lib/gcc/pic32mx/8.3.1/../../../../pic32mx/lib\libc.a(doprnt_cdfFnopuxX.eo)
 .debug_info    0x00000000009e2733       0x3f e:/microchip/xc32/v3.01/bin/bin/../../lib/gcc/pic32mx/8.3.1/../../../../pic32mx/lib\libc.a(doprnt_cdnopuxX.eo)
 .debug_info    0x00000000009e2772       0x3f e:/microchip/xc32/v3.01/bin/bin/../../lib/gcc/pic32mx/8.3.1/../../../../pic32mx/lib\libc.a(doprnt_s.eo)
 .debug_info    0x00000000009e27b1       0x9b e:/microchip/xc32/v3.01/bin/bin/../../lib/gcc/pic32mx/8.3.1/../../../../pic32mx/lib\libc.a(doprnt.o)
 .debug_info    0x00000000009e284c       0x3e e:/microchip/xc32/v3.01/bin/bin/../../lib/gcc/pic32mx/8.3.1/../../../../pic32mx/lib\libc.a(filbuf.o)
 .debug_info    0x00000000009e288a       0x3e e:/microchip/xc32/v3.01/bin/bin/../../lib/gcc/pic32mx/8.3.1/../../../../pic32mx/lib\libc.a(_flsbuf_simple.o)
 .debug_info    0x00000000009e28c8       0x3e e:/microchip/xc32/v3.01/bin/bin/../../lib/gcc/pic32mx/8.3.1/../../../../pic32mx/lib\libc.a(fflush.o)
 .debug_info    0x00000000009e2906       0x4b e:/microchip/xc32/v3.01/bin/bin/../../lib/gcc/pic32mx/8.3.1/../../../../pic32mx/lib\libm.a(__strtod.o)
 .debug_info    0x00000000009e2951       0x46 e:/microchip/xc32/v3.01/bin/bin/../../lib/gcc/pic32mx/8.3.1/../../../../pic32mx/lib\libe.a(_fixunsdfdi.o)
 .debug_info    0x00000000009e2997       0x3f e:/microchip/xc32/v3.01/bin/bin/../../lib/gcc/pic32mx/8.3.1/../../../../pic32mx/lib\libe.a(_orderdf2.o)
 .debug_info    0x00000000009e29d6       0x77 e:/microchip/xc32/v3.01/bin/bin/../../lib/gcc/pic32mx/8.3.1/../../../../pic32mx/lib\libe.a(_ldexp.o)
 .debug_info    0x00000000009e2a4d       0x3f e:/microchip/xc32/v3.01/bin/bin/../../lib/gcc/pic32mx/8.3.1/../../../../pic32mx/lib\libe.a(_fixdfdi.o)
 .debug_info    0x00000000009e2a8c      0x33c e:/microchip/xc32/v3.01/bin/bin/../../lib/gcc/pic32mx/8.3.1\libgcc.a(_lshrdi3.o)
 .debug_info    0x00000000009e2dc8      0x27f e:/microchip/xc32/v3.01/bin/bin/../../lib/gcc/pic32mx/8.3.1\libgcc.a(_floatundidf.o)
 .debug_info    0x00000000009e3047      0x8aa e:/microchip/xc32/v3.01/bin/bin/../../lib/gcc/pic32mx/8.3.1\libgcc.a(_divdi3.o)
 .debug_info    0x00000000009e38f1      0x907 e:/microchip/xc32/v3.01/bin/bin/../../lib/gcc/pic32mx/8.3.1\libgcc.a(_moddi3.o)
 .debug_info    0x00000000009e41f8      0x85c e:/microchip/xc32/v3.01/bin/bin/../../lib/gcc/pic32mx/8.3.1\libgcc.a(_udivdi3.o)
 .debug_info    0x00000000009e4a54      0x8d4 e:/microchip/xc32/v3.01/bin/bin/../../lib/gcc/pic32mx/8.3.1\libgcc.a(_umoddi3.o)
 .debug_info    0x00000000009e5328       0xae e:/microchip/xc32/v3.01/bin/bin/../../lib/gcc/pic32mx/8.3.1/../../../../pic32mx/lib\libpic32.a(sbrk.o)

.debug_abbrev   0x0000000000000000     0x9a36
 *.elf(.debug_abbrev)
 *(.debug_abbrev)