
Optional file libmchp_peripheral.a not found

Optional file libmchp_peripheral_32MX795F512L.a not found
Archive member included to satisfy reference by file (symbol)

e:/microchip/xc32/v3.01/bin/bin/../../lib/gcc/pic32mx/8.3.1\libgcc.a(floatunsisf.o)
                              build/default/debug/_ext/513455433/plib_i2c2_master.o (__floatunsisf)
e:/microchip/xc32/v3.01/bin/bin/../../lib/gcc/pic32mx/8.3.1\libgcc.a(floatunsidf.o)
                              build/default/debug/_ext/1360937237/HW_Testing.o (__floatunsidf)
e:/microchip/xc32/v3.01/bin/bin/../../lib/gcc/pic32mx/8.3.1/../../../../pic32mx/lib\libpic32.a(memcpy.o)
                              build/default/debug/_ext/1701374055/AtmelFlashMem.o (memcpy)
e:/microchip/xc32/v3.01/bin/bin/../../lib/gcc/pic32mx/8.3.1/../../../../pic32mx/lib\libpic32.a(memset.o)
                              build/default/debug/_ext/1701375116/ETH_Module_Com.o (memset)
e:/microchip/xc32/v3.01/bin/bin/../../lib/gcc/pic32mx/8.3.1/../../../../pic32mx/lib\libpic32.a(strcpy.o)
                              build/default/debug/_ext/1701375116/ETH_Module_Com.o (strcpy)
e:/microchip/xc32/v3.01/bin/bin/../../lib/gcc/pic32mx/8.3.1/../../../../pic32mx/lib\libpic32.a(strlen.o)
                              build/default/debug/_ext/1701374055/ETH_NetBurner.o (strlen)
e:/microchip/xc32/v3.01/bin/bin/../../lib/gcc/pic32mx/8.3.1/../../../../pic32mx/lib\libpic32.a(default-on-reset.o)
                              C:\Users\UT\AppData\Local\Temp\ccu2itLu.o (_on_reset)
e:/microchip/xc32/v3.01/bin/bin/../../lib/gcc/pic32mx/8.3.1/../../../../pic32mx/lib\libpic32.a(default-on-bootstrap.o)
                              C:\Users\UT\AppData\Local\Temp\ccu2itLu.o (_on_bootstrap)
e:/microchip/xc32/v3.01/bin/bin/../../lib/gcc/pic32mx/8.3.1/../../../../pic32mx/lib\libpic32.a(default-nmi-handler.o)
                              C:\Users\UT\AppData\Local\Temp\ccu2itLu.o (_nmi_handler)
e:/microchip/xc32/v3.01/bin/bin/../../lib/gcc/pic32mx/8.3.1/../../../../pic32mx/lib\libpic32.a(pic32_data_init.o)
                              C:\Users\UT\AppData\Local\Temp\ccu2itLu.o (__pic32_data_init)
e:/microchip/xc32/v3.01/bin/bin/../../lib/gcc/pic32mx/8.3.1/../../../../pic32mx/lib\libpic32.a(general-exception.o)
                              C:\Users\UT\AppData\Local\Temp\ccu2itLu.o (_general_exception_context)
e:/microchip/xc32/v3.01/bin/bin/../../lib/gcc/pic32mx/8.3.1/../../../../pic32mx/lib\libpic32.a(vector1.o)
                              C:\Users\UT\AppData\Local\Temp\cc8YAoJE.o (__vector_dispatch_1)
e:/microchip/xc32/v3.01/bin/bin/../../lib/gcc/pic32mx/8.3.1/../../../../pic32mx/lib\libpic32.a(vector2.o)
                              C:\Users\UT\AppData\Local\Temp\cc8YAoJE.o (__vector_dispatch_2)
e:/microchip/xc32/v3.01/bin/bin/../../lib/gcc/pic32mx/8.3.1/../../../../pic32mx/lib\libpic32.a(vector3.o)
                              C:\Users\UT\AppData\Local\Temp\cc8YAoJE.o (__vector_dispatch_3)
e:/microchip/xc32/v3.01/bin/bin/../../lib/gcc/pic32mx/8.3.1/../../../../pic32mx/lib\libpic32.a(vector4.o)
                              C:\Users\UT\AppData\Local\Temp\cc8YAoJE.o (__vector_dispatch_4)
e:/microchip/xc32/v3.01/bin/bin/../../lib/gcc/pic32mx/8.3.1/../../../../pic32mx/lib\libpic32.a(vector5.o)
                              C:\Users\UT\AppData\Local\Temp\cc8YAoJE.o (__vector_dispatch_5)
e:/microchip/xc32/v3.01/bin/bin/../../lib/gcc/pic32mx/8.3.1/../../../../pic32mx/lib\libpic32.a(vector6.o)
                              C:\Users\UT\AppData\Local\Temp\cc8YAoJE.o (__vector_dispatch_6)
e:/microchip/xc32/v3.01/bin/bin/../../lib/gcc/pic32mx/8.3.1/../../../../pic32mx/lib\libpic32.a(vector7.o)
                              C:\Users\UT\AppData\Local\Temp\cc8YAoJE.o (__vector_dispatch_7)
e:/microchip/xc32/v3.01/bin/bin/../../lib/gcc/pic32mx/8.3.1/../../../../pic32mx/lib\libpic32.a(vector8.o)
                              C:\Users\UT\AppData\Local\Temp\cc8YAoJE.o (__vector_dispatch_8)
e:/microchip/xc32/v3.01/bin/bin/../../lib/gcc/pic32mx/8.3.1/../../../../pic32mx/lib\libpic32.a(vector9.o)
                              C:\Users\UT\AppData\Local\Temp\cc8YAoJE.o (__vector_dispatch_9)
e:/microchip/xc32/v3.01/bin/bin/../../lib/gcc/pic32mx/8.3.1/../../../../pic32mx/lib\libpic32.a(vector10.o)
                              C:\Users\UT\AppData\Local\Temp\cc8YAoJE.o (__vector_dispatch_10)
e:/microchip/xc32/v3.01/bin/bin/../../lib/gcc/pic32mx/8.3.1/../../../../pic32mx/lib\libpic32.a(vector11.o)
                              C:\Users\UT\AppData\Local\Temp\cc8YAoJE.o (__vector_dispatch_11)
e:/microchip/xc32/v3.01/bin/bin/../../lib/gcc/pic32mx/8.3.1/../../../../pic32mx/lib\libpic32.a(vector12.o)
                              C:\Users\UT\AppData\Local\Temp\cc8YAoJE.o (__vector_dispatch_12)
e:/microchip/xc32/v3.01/bin/bin/../../lib/gcc/pic32mx/8.3.1/../../../../pic32mx/lib\libpic32.a(vector13.o)
                              C:\Users\UT\AppData\Local\Temp\cc8YAoJE.o (__vector_dispatch_13)
[...]
Memory Configuration

Name             Origin             Length             Attributes
kseg0_data_mem   0x0000000080000000 0x0000000000000200
kseg1_data_mem   0x00000000a0000000 0x0000000000020000 w !x
kseg0_boot_mem   0x000000009fc00490 0x0000000000000970
kseg1_boot_mem   0x00000000bfc00000 0x0000000000000490
kseg0_program_mem 0x000000009d000000 0x0000000000080000 xr
exception_mem    0x000000009fc01000 0x0000000000001000
debug_exec_mem   0x00000000bfc02000 0x0000000000000ff0
config3          0x00000000bfc02ff0 0x0000000000000004
config2          0x00000000bfc02ff4 0x0000000000000004
config1          0x00000000bfc02ff8 0x0000000000000004
config0          0x00000000bfc02ffc 0x0000000000000004
sfrs             0x00000000bf800000 0x0000000000100000
configsfrs       0x00000000bfc02ff0 0x0000000000000010
*default*        0x0000000000000000 0xffffffffffffffff

Linker script and memory map


reserve_data_0_kseg0
                0x0000000080000000      0x200
                0x0000000080000000        0x2 SHORT 0x0
                0x00000000000001fd                . = 0x1fd
 *fill*         0x0000000080000002      0x1fb 
                0x0000000080000200                . = ALIGN (0x4)
 *fill*         0x00000000800001fd        0x3 

reserve_data_0_kseg1
                0x00000000a0000000      0x200
                0x00000000a0000000        0x2 SHORT 0x0
                0x00000000000001fd                . = 0x1fd
 *fill*         0x00000000a0000002      0x1fb 
                0x00000000a0000200                . = ALIGN (0x4)
 *fill*         0x00000000a00001fd        0x3 

reserve_boot_0x1fc02000_kseg0
                0x000000009fc02000      0xff0
                0x000000009fc02000        0x2 SHORT 0x0
                0x0000000000000500                . = 0x500
 *fill*         0x000000009fc02002      0x4fe 
                0x000000009fc02500                . = ALIGN (0x4)
                0x000000009fc02500        0x2 SHORT 0x0
                0x0000000000000ff0                . = 0xff0
 *fill*         0x000000009fc02502      0xaee 
                0x000000009fc02ff0                . = ALIGN (0x4)

reserve_boot_0x1fc02000_kseg1
                0x00000000bfc02000      0xff0
                0x00000000bfc02000        0x2 SHORT 0x0
                0x0000000000000500                . = 0x500
 *fill*         0x00000000bfc02002      0x4fe 
                0x00000000bfc02500                . = ALIGN (0x4)
                0x00000000bfc02500        0x2 SHORT 0x0
                0x0000000000000ff0                . = 0xff0
 *fill*         0x00000000bfc02502      0xaee 
                0x00000000bfc02ff0                . = ALIGN (0x4)
LOAD e:/microchip/xc32/v3.01/bin/bin/../../lib/gcc/pic32mx/8.3.1/../../../../pic32mx/lib\software-debug-break.o
LOAD build/default/debug/_ext/1701374055/Ampli_functions.o
LOAD build/default/debug/_ext/1701374055/Amplifier_Com.o
LOAD build/default/debug/_ext/1701374055/CAN_Enco_Com.o
LOAD build/default/debug/_ext/1701374055/Global_Vars.o
LOAD build/default/debug/_ext/1701374055/Protocol.o
LOAD build/default/debug/_ext/1701374055/BoardTemp.o
LOAD build/default/debug/_ext/1701374055/AtmelFlashMem.o
LOAD build/default/debug/_ext/1701374055/RTC.o
LOAD build/default/debug/_ext/1701374055/KBD_5X8.o
LOAD build/default/debug/_ext/1701374055/LCD_functions.o
LOAD build/default/debug/_ext/1701374055/ETH_NetBurner.o
LOAD build/default/debug/_ext/1701375116/CAN_Comm.o
LOAD build/default/debug/_ext/1701375116/ETH_Module_Com.o
LOAD build/default/debug/_ext/1701375116/Events.o
LOAD build/default/debug/_ext/1701375116/SSI_Enco.o
LOAD build/default/debug/_ext/1701375116/I2C_comm.o
LOAD build/default/debug/_ext/1701375116/DataFlash_Comm.o
LOAD build/default/debug/_ext/1701375116/Beeps.o
LOAD build/default/debug/_ext/1701375116/RTC_Comm.o
LOAD build/default/debug/_ext/1701375116/KBD_5X8_rd.o
LOAD build/default/debug/_ext/1701375116/LCD_Comm.o
LOAD build/default/debug/_ext/1701375116/Sys_Inits.o
LOAD build/default/debug/_ext/60163342/plib_adc.o
LOAD build/default/debug/_ext/60165182/plib_can1.o
LOAD build/default/debug/_ext/60165520/plib_clk.o
LOAD build/default/debug/_ext/1249264884/plib_coretimer.o
LOAD build/default/debug/_ext/1865200349/plib_evic.o
LOAD build/default/debug/_ext/1865254177/plib_gpio.o
LOAD build/default/debug/_ext/513455433/plib_i2c2_master.o
LOAD build/default/debug/_ext/298189674/plib_spi1_master.o
LOAD build/default/debug/_ext/1865657120/plib_uart3.o
LOAD build/default/debug/_ext/1865657120/plib_uart1.o
LOAD build/default/debug/_ext/1865657120/plib_uart5.o
LOAD build/default/debug/_ext/1865657120/plib_uart4.o
LOAD build/default/debug/_ext/1865657120/plib_uart2.o
LOAD build/default/debug/_ext/1865657120/plib_uart6.o
LOAD build/default/debug/_ext/163028504/xc32_monitor.o
LOAD build/default/debug/_ext/1171490990/initialization.o
LOAD build/default/debug/_ext/1171490990/interrupts.o
LOAD build/default/debug/_ext/1171490990/exceptions.o
LOAD build/default/debug/_ext/1342495810/BCD_Utils.o
LOAD build/default/debug/_ext/1342495810/Utils.o
LOAD build/default/debug/_ext/1360937237/main.o
LOAD build/default/debug/_ext/1360937237/Global.o
LOAD build/default/debug/_ext/1360937237/App_Utils.o
LOAD build/default/debug/_ext/1360937237/HW_Testing.o
LOAD build/default/debug/_ext/1360937237/First_Test.o
LOAD build/default/debug/_ext/1701374055/Para_Calculations.o
                0x0000000000000001                __MPLAB_BUILD = 0x1
                0x0000000000000400                PROVIDE (_min_stack_size = 0x400)
START GROUP
LOAD libmchp_peripheral.a
END GROUP
START GROUP
LOAD libmchp_peripheral_32MX795F512L.a
END GROUP
                0x0000000000000001                PROVIDE (_vector_spacing = 0x1)
                0x000000009fc01000                PROVIDE (_ebase_address = 0x9fc01000)
                0x00000000bfc00000                _RESET_ADDR = 0xbfc00000
                0x00000000bfc00380                _BEV_EXCPT_ADDR = 0xbfc00380
                0x00000000bfc00480                _DBG_EXCPT_ADDR = 0xbfc00480
                0x00000000bfc02000                _DBG_CODE_ADDR = 0xbfc02000
                0x0000000000000ff0                _DBG_CODE_SIZE = 0xff0
                0x000000009fc01180                _GEN_EXCPT_ADDR = (_ebase_address + 0x180)

.config_BFC02FF0
                0x00000000bfc02ff0        0x4
 *(.config_BFC02FF0)
 .config_BFC02FF0
                0x00000000bfc02ff0        0x4 build/default/debug/_ext/1171490990/initialization.o
                0x00000000bfc02ff0                __config_BFC02FF0

.config_BFC02FF4
                0x00000000bfc02ff4        0x4
 *(.config_BFC02FF4)
 .config_BFC02FF4
                0x00000000bfc02ff4        0x4 build/default/debug/_ext/1171490990/initialization.o
                0x00000000bfc02ff4                __config_BFC02FF4

.config_BFC02FF8
                0x00000000bfc02ff8        0x4
 *(.config_BFC02FF8)
 .config_BFC02FF8
                0x00000000bfc02ff8        0x4 build/default/debug/_ext/1171490990/initialization.o
                0x00000000bfc02ff8                __config_BFC02FF8

.config_BFC02FFC
                0x00000000bfc02ffc        0x4
 *(.config_BFC02FFC)
 .config_BFC02FFC
                0x00000000bfc02ffc        0x4 build/default/debug/_ext/1171490990/initialization.o
                0x00000000bfc02ffc                __config_BFC02FFC

.reset          0x00000000bfc00000      0x19c
 *(.reset)
 .reset         0x00000000bfc00000        0x8 C:\Users\UT\AppData\Local\Temp\ccu2itLu.o
                0x00000000bfc00000                _reset
 *(.reset.startup)
 .reset.startup
                0x00000000bfc00008      0x194 C:\Users\UT\AppData\Local\Temp\ccu2itLu.o
                0x00000000bfc00008                _startup

.bev_excpt      0x00000000bfc00380       0x10
 *(.bev_handler)
 .bev_handler   0x00000000bfc00380       0x10 C:\Users\UT\AppData\Local\Temp\ccu2itLu.o

.dbg_excpt      0x00000000bfc00480        0x0
                0x00000000bfc00480                . = (. + DEFINED (_DEBUGGER)?0x8:0x0)

.dbg_code       0x00000000bfc02000        0x0
                0x00000000bfc02000                . = (. + DEFINED (_DEBUGGER)?_DBG_CODE_SIZE:0x0)

.app_excpt      0x000000009fc01180       0x10
 *(.gen_handler)
 .gen_handler   0x000000009fc01180       0x10 C:\Users\UT\AppData\Local\Temp\ccu2itLu.o

.vector_0       0x000000009fc01200        0x8
 *(.vector_0)
 .vector_0      0x000000009fc01200        0x8 build/default/debug/_ext/1171490990/interrupts.o
                0x000000009fc01200                __vector_dispatch_0
                0x0000000000000001                ASSERT (((_vector_spacing == 0x0) || (SIZEOF (.vector_0) <= (_vector_spacing << 0x5))), function at exception vector 0 too large)

.vector_1       0x000000009fc01220        0x8
 *(.vector_1)
 .vector_1      0x000000009fc01220        0x8 e:/microchip/xc32/v3.01/bin/bin/../../lib/gcc/pic32mx/8.3.1/../../../../pic32mx/lib\libpic32.a(vector1.o)
                0x000000009fc01220                __vector_dispatch_1
                0x0000000000000001                ASSERT (((_vector_spacing == 0x0) || (SIZEOF (.vector_1) <= (_vector_spacing << 0x5))), function at exception vector 1 too large)

.vector_2       0x000000009fc01240        0x8
 *(.vector_2)
 .vector_2      0x000000009fc01240        0x8 e:/microchip/xc32/v3.01/bin/bin/../../lib/gcc/pic32mx/8.3.1/../../../../pic32mx/lib\libpic32.a(vector2.o)
                0x000000009fc01240                __vector_dispatch_2
                0x0000000000000001                ASSERT (((_vector_spacing == 0x0) || (SIZEOF (.vector_2) <= (_vector_spacing << 0x5))), function at exception vector 2 too large)

.vector_3       0x000000009fc01260        0x8
 *(.vector_3)
 .vector_3      0x000000009fc01260        0x8 e:/microchip/xc32/v3.01/bin/bin/../../lib/gcc/pic32mx/8.3.1/../../../../pic32mx/lib\libpic32.a(vector3.o)
                0x000000009fc01260                __vector_dispatch_3
                0x0000000000000001                ASSERT (((_vector_spacing == 0x0) || (SIZEOF (.vector_3) <= (_vector_spacing << 0x5))), function at exception vector 3 too large)

.vector_4       0x000000009fc01280        0x8
 *(.vector_4)
 .vector_4      0x000000009fc01280        0x8 e:/microchip/xc32/v3.01/bin/bin/../../lib/gcc/pic32mx/8.3.1/../../../../pic32mx/lib\libpic32.a(vector4.o)
                0x000000009fc01280                __vector_dispatch_4
                0x0000000000000001                ASSERT (((_vector_spacing == 0x0) || (SIZEOF (.vector_4) <= (_vector_spacing << 0x5))), function at exception vector 4 too large)

.vector_5       0x000000009fc012a0        0x8
 *(.vector_5)
 .vector_5      0x000000009fc012a0        0x8 e:/microchip/xc32/v3.01/bin/bin/../../lib/gcc/pic32mx/8.3.1/../../../../pic32mx/lib\libpic32.a(vector5.o)
                0x000000009fc012a0                __vector_dispatch_5
                0x0000000000000001                ASSERT (((_vector_spacing == 0x0) || (SIZEOF (.vector_5) <= (_vector_spacing << 0x5))), function at exception vector 5 too large)

.vector_6       0x000000009fc012c0        0x8
 *(.vector_6)
 .vector_6      0x000000009fc012c0        0x8 e:/microchip/xc32/v3.01/bin/bin/../../lib/gcc/pic32mx/8.3.1/../../../../pic32mx/lib\libpic32.a(vector6.o)
                0x000000009fc012c0                __vector_dispatch_6
                0x0000000000000001                ASSERT (((_vector_spacing == 0x0) || (SIZEOF (.vector_6) <= (_vector_spacing << 0x5))), function at exception vector 6 too large)

.vector_7       0x000000009fc012e0        0x8
 *(.vector_7)
 .vector_7      0x000000009fc012e0        0x8 e:/microchip/xc32/v3.01/bin/bin/../../lib/gcc/pic32mx/8.3.1/../../../../pic32mx/lib\libpic32.a(vector7.o)
                0x000000009fc012e0                __vector_dispatch_7
                0x0000000000000001                ASSERT (((_vector_spacing == 0x0) || (SIZEOF (.vector_7) <= (_vector_spacing << 0x5))), function at exception vector 7 too large)

.vector_8       0x000000009fc01300        0x8
 *(.vector_8)
 .vector_8      0x000000009fc01300        0x8 e:/microchip/xc32/v3.01/bin/bin/../../lib/gcc/pic32mx/8.3.1/../../../../pic32mx/lib\libpic32.a(vector8.o)
                0x000000009fc01300                __vector_dispatch_8
                0x0000000000000001                ASSERT (((_vector_spacing == 0x0) || (SIZEOF (.vector_8) <= (_vector_spacing << 0x5))), function at exception vector 8 too large)

.vector_9       0x000000009fc01320        0x8
 *(.vector_9)
 .vector_9      0x000000009fc01320        0x8 e:/microchip/xc32/v3.01/bin/bin/../../lib/gcc/pic32mx/8.3.1/../../../../pic32mx/lib\libpic32.a(vector9.o)
                0x000000009fc01320                __vector_dispatch_9
                0x0000000000000001                ASSERT (((_vector_spacing == 0x0) || (SIZEOF (.vector_9) <= (_vector_spacing << 0x5))), function at exception vector 9 too large)

.vector_10      0x000000009fc01340        0x8
 *(.vector_10)
 .vector_10     0x000000009fc01340        0x8 e:/microchip/xc32/v3.01/bin/bin/../../lib/gcc/pic32mx/8.3.1/../../../../pic32mx/lib\libpic32.a(vector10.o)
                0x000000009fc01340                __vector_dispatch_10
                0x0000000000000001                ASSERT (((_vector_spacing == 0x0) || (SIZEOF (.vector_10) <= (_vector_spacing << 0x5))), function at exception vector 10 too large)

.vector_11      0x000000009fc01360        0x8
 *(.vector_11)
 .vector_11     0x000000009fc01360        0x8 e:/microchip/xc32/v3.01/bin/bin/../../lib/gcc/pic32mx/8.3.1/../../../../pic32mx/lib\libpic32.a(vector11.o)
                0x000000009fc01360                __vector_dispatch_11
                0x0000000000000001                ASSERT (((_vector_spacing == 0x0) || (SIZEOF (.vector_11) <= (_vector_spacing << 0x5))), function at exception vector 11 too large)

.vector_12      0x000000009fc01380        0x8
 *(.vector_12)
 .vector_12     0x000000009fc01380        0x8 e:/microchip/xc32/v3.01/bin/bin/../../lib/gcc/pic32mx/8.3.1/../../../../pic32mx/lib\libpic32.a(vector12.o)
                0x000000009fc01380                __vector_dispatch_12
                0x0000000000000001                ASSERT (((_vector_spacing == 0x0) || (SIZEOF (.vector_12) <= (_vector_spacing << 0x5))), function at exception vector 12 too large)

.vector_13      0x000000009fc013a0        0x8
 *(.vector_13)
 .vector_13     0x000000009fc013a0        0x8 e:/microchip/xc32/v3.01/bin/bin/../../lib/gcc/pic32mx/8.3.1/../../../../pic32mx/lib\libpic32.a(vector13.o)
                0x000000009fc013a0                __vector_dispatch_13
                0x0000000000000001                ASSERT (((_vector_spacing == 0x0) || (SIZEOF (.vector_13) <= (_vector_spacing << 0x5))), function at exception vector 13 too large)

.vector_14      0x000000009fc013c0        0x8
 *(.vector_14)
 .vector_14     0x000000009fc013c0        0x8 e:/microchip/xc32/v3.01/bin/bin/../../lib/gcc/pic32mx/8.3.1/../../../../pic32mx/lib\libpic32.a(vector14.o)
                0x000000009fc013c0                __vector_dispatch_14
                0x0000000000000001                ASSERT (((_vector_spacing == 0x0) || (SIZEOF (.vector_14) <= (_vector_spacing << 0x5))), function at exception vector 14 too large)

.vector_15      0x000000009fc013e0        0x8
 *(.vector_15)
 .vector_15     0x000000009fc013e0        0x8 e:/microchip/xc32/v3.01/bin/bin/../../lib/gcc/pic32mx/8.3.1/../../../../pic32mx/lib\libpic32.a(vector15.o)
                0x000000009fc013e0                __vector_dispatch_15
                0x0000000000000001                ASSERT (((_vector_spacing == 0x0) || (SIZEOF (.vector_15) <= (_vector_spacing << 0x5))), function at exception vector 15 too large)

.vector_16      0x000000009fc01400        0x8
 *(.vector_16)
 .vector_16     0x000000009fc01400        0x8 e:/microchip/xc32/v3.01/bin/bin/../../lib/gcc/pic32mx/8.3.1/../../../../pic32mx/lib\libpic32.a(vector16.o)
                0x000000009fc01400                __vector_dispatch_16
                0x0000000000000001                ASSERT (((_vector_spacing == 0x0) || (SIZEOF (.vector_16) <= (_vector_spacing << 0x5))), function at exception vector 16 too large)

.vector_17      0x000000009fc01420        0x8
 *(.vector_17)
 .vector_17     0x000000009fc01420        0x8 e:/microchip/xc32/v3.01/bin/bin/../../lib/gcc/pic32mx/8.3.1/../../../../pic32mx/lib\libpic32.a(vector17.o)
                0x000000009fc01420                __vector_dispatch_17
                0x0000000000000001                ASSERT (((_vector_spacing == 0x0) || (SIZEOF (.vector_17) <= (_vector_spacing << 0x5))), function at exception vector 17 too large)

.vector_18      0x000000009fc01440        0x8
 *(.vector_18)
 .vector_18     0x000000009fc01440        0x8 e:/microchip/xc32/v3.01/bin/bin/../../lib/gcc/pic32mx/8.3.1/../../../../pic32mx/lib\libpic32.a(vector18.o)
                0x000000009fc01440                __vector_dispatch_18
                0x0000000000000001                ASSERT (((_vector_spacing == 0x0) || (SIZEOF (.vector_18) <= (_vector_spacing << 0x5))), function at exception vector 18 too large)

.vector_19      0x000000009fc01460        0x8
 *(.vector_19)
 .vector_19     0x000000009fc01460        0x8 e:/microchip/xc32/v3.01/bin/bin/../../lib/gcc/pic32mx/8.3.1/../../../../pic32mx/lib\libpic32.a(vector19.o)
                0x000000009fc01460                __vector_dispatch_19
                0x0000000000000001                ASSERT (((_vector_spacing == 0x0) || (SIZEOF (.vector_19) <= (_vector_spacing << 0x5))), function at exception vector 19 too large)

.vector_20      0x000000009fc01480        0x8
 *(.vector_20)
 .vector_20     0x000000009fc01480        0x8 e:/microchip/xc32/v3.01/bin/bin/../../lib/gcc/pic32mx/8.3.1/../../../../pic32mx/lib\libpic32.a(vector20.o)
                0x000000009fc01480                __vector_dispatch_20
                0x0000000000000001                ASSERT (((_vector_spacing == 0x0) || (SIZEOF (.vector_20) <= (_vector_spacing << 0x5))), function at exception vector 20 too large)

.vector_21      0x000000009fc014a0        0x8
 *(.vector_21)
 .vector_21     0x000000009fc014a0        0x8 e:/microchip/xc32/v3.01/bin/bin/../../lib/gcc/pic32mx/8.3.1/../../../../pic32mx/lib\libpic32.a(vector21.o)
                0x000000009fc014a0                __vector_dispatch_21
                0x0000000000000001                ASSERT (((_vector_spacing == 0x0) || (SIZEOF (.vector_21) <= (_vector_spacing << 0x5))), function at exception vector 21 too large)

.vector_22      0x000000009fc014c0        0x8
 *(.vector_22)
 .vector_22     0x000000009fc014c0        0x8 e:/microchip/xc32/v3.01/bin/bin/../../lib/gcc/pic32mx/8.3.1/../../../../pic32mx/lib\libpic32.a(vector22.o)
                0x000000009fc014c0                __vector_dispatch_22
                0x0000000000000001                ASSERT (((_vector_spacing == 0x0) || (SIZEOF (.vector_22) <= (_vector_spacing << 0x5))), function at exception vector 22 too large)

.vector_23      0x000000009fc014e0        0x8
 *(.vector_23)
 .vector_23     0x000000009fc014e0        0x8 e:/microchip/xc32/v3.01/bin/bin/../../lib/gcc/pic32mx/8.3.1/../../../../pic32mx/lib\libpic32.a(vector23.o)
                0x000000009fc014e0                __vector_dispatch_23
                0x0000000000000001                ASSERT (((_vector_spacing == 0x0) || (SIZEOF (.vector_23) <= (_vector_spacing << 0x5))), function at exception vector 23 too large)

.vector_24      0x000000009fc01500        0x8
 *(.vector_24)
 .vector_24     0x000000009fc01500        0x8 e:/microchip/xc32/v3.01/bin/bin/../../lib/gcc/pic32mx/8.3.1/../../../../pic32mx/lib\libpic32.a(vector24.o)
                0x000000009fc01500                __vector_dispatch_24
                0x0000000000000001                ASSERT (((_vector_spacing == 0x0) || (SIZEOF (.vector_24) <= (_vector_spacing << 0x5))), function at exception vector 24 too large)

.vector_25      0x000000009fc01520        0x8
 *(.vector_25)
 .vector_25     0x000000009fc01520        0x8 e:/microchip/xc32/v3.01/bin/bin/../../lib/gcc/pic32mx/8.3.1/../../../../pic32mx/lib\libpic32.a(vector25.o)
                0x000000009fc01520                __vector_dispatch_25
                0x0000000000000001                ASSERT (((_vector_spacing == 0x0) || (SIZEOF (.vector_25) <= (_vector_spacing << 0x5))), function at exception vector 25 too large)

.vector_26      0x000000009fc01540        0x8
 *(.vector_26)
 .vector_26     0x000000009fc01540        0x8 e:/microchip/xc32/v3.01/bin/bin/../../lib/gcc/pic32mx/8.3.1/../../../../pic32mx/lib\libpic32.a(vector26.o)
                0x000000009fc01540                __vector_dispatch_26
                0x0000000000000001                ASSERT (((_vector_spacing == 0x0) || (SIZEOF (.vector_26) <= (_vector_spacing << 0x5))), function at exception vector 26 too large)

.vector_27      0x000000009fc01560        0x8
 *(.vector_27)
 .vector_27     0x000000009fc01560        0x8 build/default/debug/_ext/1171490990/interrupts.o
                0x000000009fc01560                __vector_dispatch_27
                0x0000000000000001                ASSERT (((_vector_spacing == 0x0) || (SIZEOF (.vector_27) <= (_vector_spacing << 0x5))), function at exception vector 27 too large)

.vector_28      0x000000009fc01580        0x8
 *(.vector_28)
 .vector_28     0x000000009fc01580        0x8 e:/microchip/xc32/v3.01/bin/bin/../../lib/gcc/pic32mx/8.3.1/../../../../pic32mx/lib\libpic32.a(vector28.o)
                0x000000009fc01580                __vector_dispatch_28
                0x0000000000000001                ASSERT (((_vector_spacing == 0x0) || (SIZEOF (.vector_28) <= (_vector_spacing << 0x5))), function at exception vector 28 too large)

.vector_29      0x000000009fc015a0        0x8
 *(.vector_29)
 .vector_29     0x000000009fc015a0        0x8 e:/microchip/xc32/v3.01/bin/bin/../../lib/gcc/pic32mx/8.3.1/../../../../pic32mx/lib\libpic32.a(vector29.o)
                0x000000009fc015a0                __vector_dispatch_29
                0x0000000000000001                ASSERT (((_vector_spacing == 0x0) || (SIZEOF (.vector_29) <= (_vector_spacing << 0x5))), function at exception vector 29 too large)

.vector_30      0x000000009fc015c0        0x8
 *(.vector_30)
 .vector_30     0x000000009fc015c0        0x8 e:/microchip/xc32/v3.01/bin/bin/../../lib/gcc/pic32mx/8.3.1/../../../../pic32mx/lib\libpic32.a(vector30.o)
                0x000000009fc015c0                __vector_dispatch_30
                0x0000000000000001                ASSERT (((_vector_spacing == 0x0) || (SIZEOF (.vector_30) <= (_vector_spacing << 0x5))), function at exception vector 30 too large)

.vector_31      0x000000009fc015e0        0x8
 *(.vector_31)
 .vector_31     0x000000009fc015e0        0x8 build/default/debug/_ext/1171490990/interrupts.o
                0x000000009fc015e0                __vector_dispatch_31
                0x0000000000000001                ASSERT (((_vector_spacing == 0x0) || (SIZEOF (.vector_31) <= (_vector_spacing << 0x5))), function at exception vector 31 too large)

.vector_32      0x000000009fc01600        0x8
 *(.vector_32)
 .vector_32     0x000000009fc01600        0x8 build/default/debug/_ext/1171490990/interrupts.o
                0x000000009fc01600                __vector_dispatch_32
                0x0000000000000001                ASSERT (((_vector_spacing == 0x0) || (SIZEOF (.vector_32) <= (_vector_spacing << 0x5))), function at exception vector 32 too large)

.vector_33      0x000000009fc01620        0x8
 *(.vector_33)
 .vector_33     0x000000009fc01620        0x8 build/default/debug/_ext/1171490990/interrupts.o
                0x000000009fc01620                __vector_dispatch_33
                0x0000000000000001                ASSERT (((_vector_spacing == 0x0) || (SIZEOF (.vector_33) <= (_vector_spacing << 0x5))), function at exception vector 33 too large)

.vector_34      0x000000009fc01640        0x8
 *(.vector_34)
 .vector_34     0x000000009fc01640        0x8 e:/microchip/xc32/v3.01/bin/bin/../../lib/gcc/pic32mx/8.3.1/../../../../pic32mx/lib\libpic32.a(vector34.o)
                0x000000009fc01640                __vector_dispatch_34
                0x0000000000000001                ASSERT (((_vector_spacing == 0x0) || (SIZEOF (.vector_34) <= (_vector_spacing << 0x5))), function at exception vector 34 too large)

.vector_35      0x000000009fc01660        0x8
 *(.vector_35)
 .vector_35     0x000000009fc01660        0x8 e:/microchip/xc32/v3.01/bin/bin/../../lib/gcc/pic32mx/8.3.1/../../../../pic32mx/lib\libpic32.a(vector35.o)
                0x000000009fc01660                __vector_dispatch_35
                0x0000000000000001                ASSERT (((_vector_spacing == 0x0) || (SIZEOF (.vector_35) <= (_vector_spacing << 0x5))), function at exception vector 35 too large)

.vector_36      0x000000009fc01680        0x8
 *(.vector_36)
 .vector_36     0x000000009fc01680        0x8 e:/microchip/xc32/v3.01/bin/bin/../../lib/gcc/pic32mx/8.3.1/../../../../pic32mx/lib\libpic32.a(vector36.o)
                0x000000009fc01680                __vector_dispatch_36
                0x0000000000000001                ASSERT (((_vector_spacing == 0x0) || (SIZEOF (.vector_36) <= (_vector_spacing << 0x5))), function at exception vector 36 too large)

.vector_37      0x000000009fc016a0        0x8
 *(.vector_37)
 .vector_37     0x000000009fc016a0        0x8 e:/microchip/xc32/v3.01/bin/bin/../../lib/gcc/pic32mx/8.3.1/../../../../pic32mx/lib\libpic32.a(vector37.o)
                0x000000009fc016a0                __vector_dispatch_37
                0x0000000000000001                ASSERT (((_vector_spacing == 0x0) || (SIZEOF (.vector_37) <= (_vector_spacing << 0x5))), function at exception vector 37 too large)

.vector_38      0x000000009fc016c0        0x8
 *(.vector_38)
 .vector_38     0x000000009fc016c0        0x8 e:/microchip/xc32/v3.01/bin/bin/../../lib/gcc/pic32mx/8.3.1/../../../../pic32mx/lib\libpic32.a(vector38.o)
                0x000000009fc016c0                __vector_dispatch_38
                0x0000000000000001                ASSERT (((_vector_spacing == 0x0) || (SIZEOF (.vector_38) <= (_vector_spacing << 0x5))), function at exception vector 38 too large)

.vector_39      0x000000009fc016e0        0x8
 *(.vector_39)
 .vector_39     0x000000009fc016e0        0x8 e:/microchip/xc32/v3.01/bin/bin/../../lib/gcc/pic32mx/8.3.1/../../../../pic32mx/lib\libpic32.a(vector39.o)
                0x000000009fc016e0                __vector_dispatch_39
                0x0000000000000001                ASSERT (((_vector_spacing == 0x0) || (SIZEOF (.vector_39) <= (_vector_spacing << 0x5))), function at exception vector 39 too large)

.vector_40      0x000000009fc01700        0x8
 *(.vector_40)
 .vector_40     0x000000009fc01700        0x8 e:/microchip/xc32/v3.01/bin/bin/../../lib/gcc/pic32mx/8.3.1/../../../../pic32mx/lib\libpic32.a(vector40.o)
                0x000000009fc01700                __vector_dispatch_40
                0x0000000000000001                ASSERT (((_vector_spacing == 0x0) || (SIZEOF (.vector_40) <= (_vector_spacing << 0x5))), function at exception vector 40 too large)

.vector_41      0x000000009fc01720        0x8
 *(.vector_41)
 .vector_41     0x000000009fc01720        0x8 e:/microchip/xc32/v3.01/bin/bin/../../lib/gcc/pic32mx/8.3.1/../../../../pic32mx/lib\libpic32.a(vector41.o)
                0x000000009fc01720                __vector_dispatch_41
                0x0000000000000001                ASSERT (((_vector_spacing == 0x0) || (SIZEOF (.vector_41) <= (_vector_spacing << 0x5))), function at exception vector 41 too large)

.vector_42      0x000000009fc01740        0x8
 *(.vector_42)
 .vector_42     0x000000009fc01740        0x8 e:/microchip/xc32/v3.01/bin/bin/../../lib/gcc/pic32mx/8.3.1/../../../../pic32mx/lib\libpic32.a(vector42.o)
                0x000000009fc01740                __vector_dispatch_42
                0x0000000000000001                ASSERT (((_vector_spacing == 0x0) || (SIZEOF (.vector_42) <= (_vector_spacing << 0x5))), function at exception vector 42 too large)

.vector_43      0x000000009fc01760        0x8
 *(.vector_43)
 .vector_43     0x000000009fc01760        0x8 e:/microchip/xc32/v3.01/bin/bin/../../lib/gcc/pic32mx/8.3.1/../../../../pic32mx/lib\libpic32.a(vector43.o)
                0x000000009fc01760                __vector_dispatch_43
                0x0000000000000001                ASSERT (((_vector_spacing == 0x0) || (SIZEOF (.vector_43) <= (_vector_spacing << 0x5))), function at exception vector 43 too large)

.vector_44      0x000000009fc01780        0x8
 *(.vector_44)
 .vector_44     0x000000009fc01780        0x8 e:/microchip/xc32/v3.01/bin/bin/../../lib/gcc/pic32mx/8.3.1/../../../../pic32mx/lib\libpic32.a(vector44.o)
                0x000000009fc01780                __vector_dispatch_44
                0x0000000000000001                ASSERT (((_vector_spacing == 0x0) || (SIZEOF (.vector_44) <= (_vector_spacing << 0x5))), function at exception vector 44 too large)

.vector_45      0x000000009fc017a0        0x8
 *(.vector_45)
 .vector_45     0x000000009fc017a0        0x8 e:/microchip/xc32/v3.01/bin/bin/../../lib/gcc/pic32mx/8.3.1/../../../../pic32mx/lib\libpic32.a(vector45.o)
                0x000000009fc017a0                __vector_dispatch_45
                0x0000000000000001                ASSERT (((_vector_spacing == 0x0) || (SIZEOF (.vector_45) <= (_vector_spacing << 0x5))), function at exception vector 45 too large)

.vector_46      0x000000009fc017c0        0x8
 *(.vector_46)
 .vector_46     0x000000009fc017c0        0x8 build/default/debug/_ext/1171490990/interrupts.o
                0x000000009fc017c0                __vector_dispatch_46
                0x0000000000000001                ASSERT (((_vector_spacing == 0x0) || (SIZEOF (.vector_46) <= (_vector_spacing << 0x5))), function at exception vector 46 too large)

.vector_47      0x000000009fc017e0        0x8
 *(.vector_47)
 .vector_47     0x000000009fc017e0        0x8 e:/microchip/xc32/v3.01/bin/bin/../../lib/gcc/pic32mx/8.3.1/../../../../pic32mx/lib\libpic32.a(vector47.o)
                0x000000009fc017e0                __vector_dispatch_47
                0x0000000000000001                ASSERT (((_vector_spacing == 0x0) || (SIZEOF (.vector_47) <= (_vector_spacing << 0x5))), function at exception vector 47 too large)

.vector_48      0x000000009fc01800        0x8
 *(.vector_48)
 .vector_48     0x000000009fc01800        0x8 e:/microchip/xc32/v3.01/bin/bin/../../lib/gcc/pic32mx/8.3.1/../../../../pic32mx/lib\libpic32.a(vector48.o)
                0x000000009fc01800                __vector_dispatch_48
                0x0000000000000001                ASSERT (((_vector_spacing == 0x0) || (SIZEOF (.vector_48) <= (_vector_spacing << 0x5))), function at exception vector 48 too large)

.vector_49      0x000000009fc01820        0x8
 *(.vector_49)
 .vector_49     0x000000009fc01820        0x8 build/default/debug/_ext/1171490990/interrupts.o
                0x000000009fc01820                __vector_dispatch_49
                0x0000000000000001                ASSERT (((_vector_spacing == 0x0) || (SIZEOF (.vector_49) <= (_vector_spacing << 0x5))), function at exception vector 49 too large)

.vector_50      0x000000009fc01840        0x8
 *(.vector_50)
 .vector_50     0x000000009fc01840        0x8 build/default/debug/_ext/1171490990/interrupts.o
                0x000000009fc01840                __vector_dispatch_50
                0x0000000000000001                ASSERT (((_vector_spacing == 0x0) || (SIZEOF (.vector_50) <= (_vector_spacing << 0x5))), function at exception vector 50 too large)

.vector_51      0x000000009fc01860        0x8
 *(.vector_51)
 .vector_51     0x000000009fc01860        0x8 e:/microchip/xc32/v3.01/bin/bin/../../lib/gcc/pic32mx/8.3.1/../../../../pic32mx/lib\libpic32.a(vector51.o)
                0x000000009fc01860                __vector_dispatch_51
                0x0000000000000001                ASSERT (((_vector_spacing == 0x0) || (SIZEOF (.vector_51) <= (_vector_spacing << 0x5))), function at exception vector 51 too large)

.vector_52      0x000000009fc01880        0x0
 *(.vector_52)
                0x0000000000000001                ASSERT (((_vector_spacing == 0x0) || (SIZEOF (.vector_52) <= (_vector_spacing << 0x5))), function at exception vector 52 too large)

.vector_53      0x000000009fc018a0        0x0
 *(.vector_53)
                0x0000000000000001                ASSERT (((_vector_spacing == 0x0) || (SIZEOF (.vector_53) <= (_vector_spacing << 0x5))), function at exception vector 53 too large)

.vector_54      0x000000009fc018c0        0x0
 *(.vector_54)
                0x0000000000000001                ASSERT (((_vector_spacing == 0x0) || (SIZEOF (.vector_54) <= (_vector_spacing << 0x5))), function at exception vector 54 too large)

.vector_55      0x000000009fc018e0        0x0
 *(.vector_55)
                0x0000000000000001                ASSERT (((_vector_spacing == 0x0) || (SIZEOF (.vector_55) <= (_vector_spacing << 0x5))), function at exception vector 55 too large)

.vector_56      0x000000009fc01900        0x0
 *(.vector_56)
                0x0000000000000001                ASSERT (((_vector_spacing == 0x0) || (SIZEOF (.vector_56) <= (_vector_spacing << 0x5))), function at exception vector 56 too large)

.vector_57      0x000000009fc01920        0x0
 *(.vector_57)
                0x0000000000000001                ASSERT (((_vector_spacing == 0x0) || (SIZEOF (.vector_57) <= (_vector_spacing << 0x5))), function at exception vector 57 too large)

.vector_58      0x000000009fc01940        0x0
 *(.vector_58)
                0x0000000000000001                ASSERT (((_vector_spacing == 0x0) || (SIZEOF (.vector_58) <= (_vector_spacing << 0x5))), function at exception vector 58 too large)

.vector_59      0x000000009fc01960        0x0
 *(.vector_59)
                0x0000000000000001                ASSERT (((_vector_spacing == 0x0) || (SIZEOF (.vector_59) <= (_vector_spacing << 0x5))), function at exception vector 59 too large)

.vector_60      0x000000009fc01980        0x0
 *(.vector_60)
                0x0000000000000001                ASSERT (((_vector_spacing == 0x0) || (SIZEOF (.vector_60) <= (_vector_spacing << 0x5))), function at exception vector 60 too large)

.vector_61      0x000000009fc019a0        0x0
 *(.vector_61)
                0x0000000000000001                ASSERT (((_vector_spacing == 0x0) || (SIZEOF (.vector_61) <= (_vector_spacing << 0x5))), function at exception vector 61 too large)

.vector_62      0x000000009fc019c0        0x0
 *(.vector_62)
                0x0000000000000001                ASSERT (((_vector_spacing == 0x0) || (SIZEOF (.vector_62) <= (_vector_spacing << 0x5))), function at exception vector 62 too large)

.vector_63      0x000000009fc019e0        0x0
 *(.vector_63)
                0x0000000000000001                ASSERT (((_vector_spacing == 0x0) || (SIZEOF (.vector_63) <= (_vector_spacing << 0x5))), function at exception vector 63 too large)

.startup
 *(.startup)

.text           0x000000009d000000        0x0
 *(.stub .gnu.linkonce.t.*)
 *(.text.*personality*)
 *(.mips16.fn.*)
 *(.mips16.call.*)
 *(.gnu.warning)
                0x000000009d000000                . = ALIGN (0x4)

.init           0x000000009d000000        0x0
 *crti.o(.init)
 *crtbegin.o(.init)
 *(EXCLUDE_FILE(*crtn.o *crtend?.o *crtend.o) .init)
 *crtend.o(.init)
 *crtn.o(.init)
                0x000000009d000000                . = ALIGN (0x4)

.fini           0x000000009d000000        0x0
 *(.fini)
                0x000000009d000000                . = ALIGN (0x4)

.preinit_array  0x000000009d000000        0x0
                [!provide]                        PROVIDE (__preinit_array_start = .)
 *(.preinit_array)
                [!provide]                        PROVIDE (__preinit_array_end = .)
                0x000000009d000000                . = ALIGN (0x4)

.init_array     0x000000009d000000        0x0
                [!provide]                        PROVIDE (__init_array_start = .)
 *(SORT_BY_NAME(.init_array.*))
 *(.init_array)
                [!provide]                        PROVIDE (__init_array_end = .)
                0x000000009d000000                . = ALIGN (0x4)

.fini_array     0x000000009d000000        0x0
                [!provide]                        PROVIDE (__fini_array_start = .)
 *(SORT_BY_NAME(.fini_array.*))
 *(.fini_array)
                [!provide]                        PROVIDE (__fini_array_end = .)
                0x000000009d000000                . = ALIGN (0x4)

.ctors          0x000000009d000000        0x0
 *crtbegin.o(.ctors)
 *crtbegin?.o(.ctors)
 *(EXCLUDE_FILE(*crtend?.o *crtend.o) .ctors)
 *(SORT_BY_NAME(.ctors.*))
 *(.ctors)
                0x000000009d000000                . = ALIGN (0x4)

.dtors          0x000000009d000000        0x0
 *crtbegin.o(.dtors)
 *crtbegin?.o(.dtors)
 *(EXCLUDE_FILE(*crtend?.o *crtend.o) .dtors)
 *(SORT_BY_NAME(.dtors.*))
 *(.dtors)
                0x000000009d000000                . = ALIGN (0x4)

.rodata         0x000000009d000000        0x0
 *(.gnu.linkonce.r.*)
 *(.rodata1)
                0x000000009d000000                . = ALIGN (0x4)

.sdata2         0x000000009d000000        0x0
 *(.sdata2 .sdata2.* .gnu.linkonce.s2.*)
                0x000000009d000000                . = ALIGN (0x4)

.sbss2          0x000000009d000000        0x0
 *(.sbss2 .sbss2.* .gnu.linkonce.sb2.*)
                0x000000009d000000                . = ALIGN (0x4)

.eh_frame_hdr
 *(.eh_frame_hdr)
                0x000000009d000000                . = ALIGN (0x4)

.eh_frame
 *(.eh_frame)
                0x000000009d000000                . = ALIGN (0x4)

.gcc_except_table
 *(.gcc_except_table .gcc_except_table.*)
                0x000000009d000000                . = ALIGN (0x4)

.dbg_data       0x00000000a0000200        0x0
                0x00000000a0000200                . = (. + DEFINED (_DEBUGGER)?0x200:0x0)

.jcr            0x00000000a0000200        0x0
 *(.jcr)
                0x00000000a0000200                . = ALIGN (0x4)

.eh_frame
 *(.eh_frame)
                0x00000000a0000200                . = ALIGN (0x4)

.gcc_except_table
 *(.gcc_except_table .gcc_except_table.*)
                0x00000000a0000200                . = ALIGN (0x4)

.persist        0x00000000a0000200        0x0
                0x00000000a0000200                _persist_begin = .
 *(.persist .persist.*)
                0x00000000a0000200                . = ALIGN (0x4)
                0x00000000a0000200                _persist_end = .

.data           0x00000000a0000200        0x0
 *(.gnu.linkonce.d.*)
 *(.data1)
                0x00000000a0000200                . = ALIGN (0x4)
                0x00000000a0000200                . = .
                0x00000000a00081f0                _gp = (ALIGN (0x10) + 0x7ff0)

.got            0x00000000a0000200        0x0
 *(.got.plt)
 *(.got)
                0x00000000a0000200                . = ALIGN (0x4)

.sdata          0x00000000a0000200        0x4
                0x00000000a0000200                _sdata_begin = .
 *(.sdata .sdata.* .gnu.linkonce.s.*)
 .sdata         0x00000000a0000200        0x4 build/default/debug/_ext/1701374055/Global_Vars.o
                0x00000000a0000200                transferStatus
                0x00000000a0000204                . = ALIGN (0x4)
                0x00000000a0000204                _sdata_end = .

.lit8
 *(.lit8)

.lit4
 *(.lit4)
                0x00000000a0000204                . = ALIGN (0x4)
                0x00000000a0000204                _data_end = .
                0x00000000a0000204                _bss_begin = .

.sbss           0x00000000a0000204       0xd8
                0x00000000a0000204                _sbss_begin = .
 *(.dynsbss)
 *(.sbss .sbss.* .gnu.linkonce.sb.*)
 *fill*         0x00000000a0000204        0x4 
 .sbss          0x00000000a0000208       0xbc build/default/debug/_ext/1701374055/Global_Vars.o
                0x00000000a0000208                ADC_result_ready
                0x00000000a000020a                ADC_Spr2
                0x00000000a000020c                ADC_Spr1
                0x00000000a000020e                BIT_TX_BYTE
                0x00000000a000020f                Status_Byte1_in_feedback
                0x00000000a0000210                FC_byte_in_feedback
                0x00000000a0000211                PNDNT_ByteRcvTimeOutCntr
                0x00000000a0000212                ETH_ByteRcvTimeOutCntr
                0x00000000a0000214                AmplStatus
                0x00000000a0000216                SSI_encode_Fault
                0x00000000a0000218                CAN_SDO_RESP_ERROR
                0x00000000a000021c                CAN_state
                0x00000000a0000220                XmtATProgress
                0x00000000a0000221                XmtETHProgress
                0x00000000a0000222                rcvdETHCmd
                0x00000000a0000223                rcvdATResp
                0x00000000a0000224                Start_ETH_fb
                0x00000000a0000228                IN_PNDNT_BUF
                0x00000000a000022c                IN_DAT_BUF
                0x00000000a0000230                IN_AT_BUF
                0x00000000a0000234                Dlycnt
                0x00000000a0000238                TmOut
                0x00000000a000023c                Count10mSec
                0x00000000a0000240                Countfor10mSec
                0x00000000a0000244                Cnt1Sec
                0x00000000a0000248                Countfor1Sec
                0x00000000a000024c                mSecCntr
                0x00000000a0000250                System_Booted
                0x00000000a0000254                AutoPageCnt
                0x00000000a0000258                FlashCap
                0x00000000a000025c                FlashSize
                0x00000000a0000260                I2C_Addrs
                0x00000000a0000268                BRK_IMG
                0x00000000a0000269                OUT_IMG
                0x00000000a000026a                INP_IMG
                0x00000000a000026c                InputReadEnable
                0x00000000a000026d                RTC_Stat
                0x00000000a0000270                NoKeyTimeOut
                0x00000000a0000274                kCode
                0x00000000a0000278                KeyCode
                0x00000000a000027c                KeyCounter
                0x00000000a0000280                CheckStatus
                0x00000000a0000288                LastStatus
                0x00000000a0000290                KeyStatus
                0x00000000a0000298                KeyBoardEnable
                0x00000000a0000299                KeyPressed
                0x00000000a000029c                AZ_Motor_Position
                0x00000000a00002a0                EL_Motor_Position
                0x00000000a00002a8                AZ_Enco_Angle
                0x00000000a00002b0                AZ_Enco_Position
                0x00000000a00002b8                EL_Enco_Angle
                0x00000000a00002c0                EL_Enco_Position
 .sbss          0x00000000a00002c4        0x8 build/default/debug/_ext/60163342/plib_adc.o
                0x00000000a00002c4                ADC_CallbackObj
 .sbss          0x00000000a00002cc        0xc build/default/debug/_ext/60165182/plib_can1.o
 .sbss          0x00000000a00002d8        0x4 build/default/debug/_ext/1360937237/main.o
                0x00000000a00002d8                MyTimer
 *(.scommon)
                0x00000000a00002dc                _sbss_end = .
                0x00000000a00002dc                . = ALIGN (0x4)

.bss            0x00000000a00002dc        0x0
 *(.dynbss)
 *(COMMON)
                0x00000000a00002dc                . = ALIGN ((. != 0x0)?0x4:0x1)
                0x00000000a00002dc                . = ALIGN (0x4)
                0x00000000a00002dc                _end = .
                0x00000000a00002dc                _bss_end = .
                0x0000000000020000                _bmxdudba_address = LENGTH (kseg1_data_mem)
                0x0000000000020000                _bmxdupba_address = LENGTH (kseg1_data_mem)

/DISCARD/
 *(.pdr)
 *(.rel.dyn)
 *(.note.GNU-stack)
 *(.note.GNU-stack)
 *(.gnu_debuglink)
 *(.gnu.lto_*)
 *(.discard)

.gptab.sdata
 *(.gptab.data)
 *(.gptab.sdata)

.gptab.sbss
 *(.gptab.bss)
 *(.gptab.sbss)

.mdebug.abi32   0x0000000000000000        0x0
 *(.mdebug.abi32)
 .mdebug.abi32  0x0000000000000000        0x0 e:/microchip/xc32/v3.01/bin/bin/../../lib/gcc/pic32mx/8.3.1/../../../../pic32mx/lib\software-debug-break.o
 .mdebug.abi32  0x0000000000000000        0x0 build/default/debug/_ext/1701374055/Ampli_functions.o
 .mdebug.abi32  0x0000000000000000        0x0 build/default/debug/_ext/1701374055/Amplifier_Com.o
 .mdebug.abi32  0x0000000000000000        0x0 build/default/debug/_ext/1701374055/CAN_Enco_Com.o
 .mdebug.abi32  0x0000000000000000        0x0 build/default/debug/_ext/1701374055/Global_Vars.o
 .mdebug.abi32  0x0000000000000000        0x0 build/default/debug/_ext/1701374055/Protocol.o
 .mdebug.abi32  0x0000000000000000        0x0 build/default/debug/_ext/1701374055/BoardTemp.o
 .mdebug.abi32  0x0000000000000000        0x0 build/default/debug/_ext/1701374055/AtmelFlashMem.o
 .mdebug.abi32  0x0000000000000000        0x0 build/default/debug/_ext/1701374055/RTC.o
 .mdebug.abi32  0x0000000000000000        0x0 build/default/debug/_ext/1701374055/KBD_5X8.o
 .mdebug.abi32  0x0000000000000000        0x0 build/default/debug/_ext/1701374055/LCD_functions.o
 .mdebug.abi32  0x0000000000000000        0x0 build/default/debug/_ext/1701374055/ETH_NetBurner.o
 .mdebug.abi32  0x0000000000000000        0x0 build/default/debug/_ext/1701375116/CAN_Comm.o
 .mdebug.abi32  0x0000000000000000        0x0 build/default/debug/_ext/1701375116/ETH_Module_Com.o
 .mdebug.abi32  0x0000000000000000        0x0 build/default/debug/_ext/1701375116/Events.o
 .mdebug.abi32  0x0000000000000000        0x0 build/default/debug/_ext/1701375116/SSI_Enco.o
 .mdebug.abi32  0x0000000000000000        0x0 build/default/debug/_ext/1701375116/I2C_comm.o
 .mdebug.abi32  0x0000000000000000        0x0 build/default/debug/_ext/1701375116/DataFlash_Comm.o
 .mdebug.abi32  0x0000000000000000        0x0 build/default/debug/_ext/1701375116/Beeps.o
 .mdebug.abi32  0x0000000000000000        0x0 build/default/debug/_ext/1701375116/RTC_Comm.o
 .mdebug.abi32  0x0000000000000000        0x0 build/default/debug/_ext/1701375116/KBD_5X8_rd.o
 .mdebug.abi32  0x0000000000000000        0x0 build/default/debug/_ext/1701375116/LCD_Comm.o
 .mdebug.abi32  0x0000000000000000        0x0 build/default/debug/_ext/1701375116/Sys_Inits.o
 .mdebug.abi32  0x0000000000000000        0x0 build/default/debug/_ext/60163342/plib_adc.o
 .mdebug.abi32  0x0000000000000000        0x0 build/default/debug/_ext/60165182/plib_can1.o
 .mdebug.abi32  0x0000000000000000        0x0 build/default/debug/_ext/60165520/plib_clk.o
 .mdebug.abi32  0x0000000000000000        0x0 build/default/debug/_ext/1249264884/plib_coretimer.o
 .mdebug.abi32  0x0000000000000000        0x0 build/default/debug/_ext/1865200349/plib_evic.o
 .mdebug.abi32  0x0000000000000000        0x0 build/default/debug/_ext/1865254177/plib_gpio.o
 .mdebug.abi32  0x0000000000000000        0x0 build/default/debug/_ext/513455433/plib_i2c2_master.o
 .mdebug.abi32  0x0000000000000000        0x0 build/default/debug/_ext/298189674/plib_spi1_master.o
 .mdebug.abi32  0x0000000000000000        0x0 build/default/debug/_ext/1865657120/plib_uart3.o
 .mdebug.abi32  0x0000000000000000        0x0 build/default/debug/_ext/1865657120/plib_uart1.o
 .mdebug.abi32  0x0000000000000000        0x0 build/default/debug/_ext/1865657120/plib_uart5.o
 .mdebug.abi32  0x0000000000000000        0x0 build/default/debug/_ext/1865657120/plib_uart4.o
 .mdebug.abi32  0x0000000000000000        0x0 build/default/debug/_ext/1865657120/plib_uart2.o
 .mdebug.abi32  0x0000000000000000        0x0 build/default/debug/_ext/1865657120/plib_uart6.o
 .mdebug.abi32  0x0000000000000000        0x0 build/default/debug/_ext/163028504/xc32_monitor.o
 .mdebug.abi32  0x0000000000000000        0x0 build/default/debug/_ext/1171490990/initialization.o
 .mdebug.abi32  0x0000000000000000        0x0 build/default/debug/_ext/1171490990/interrupts.o
 .mdebug.abi32  0x0000000000000000        0x0 build/default/debug/_ext/1171490990/exceptions.o
 .mdebug.abi32  0x0000000000000000        0x0 build/default/debug/_ext/1342495810/BCD_Utils.o
 .mdebug.abi32  0x0000000000000000        0x0 build/default/debug/_ext/1342495810/Utils.o
 .mdebug.abi32  0x0000000000000000        0x0 build/default/debug/_ext/1360937237/main.o
 .mdebug.abi32  0x0000000000000000        0x0 build/default/debug/_ext/1360937237/Global.o
 .mdebug.abi32  0x0000000000000000        0x0 build/default/debug/_ext/1360937237/App_Utils.o
 .mdebug.abi32  0x0000000000000000        0x0 build/default/debug/_ext/1360937237/HW_Testing.o
 .mdebug.abi32  0x0000000000000000        0x0 build/default/debug/_ext/1360937237/First_Test.o
 .mdebug.abi32  0x0000000000000000        0x0 build/default/debug/_ext/1701374055/Para_Calculations.o
 .mdebug.abi32  0x0000000000000000        0x0 e:/microchip/xc32/v3.01/bin/bin/../../lib/gcc/pic32mx/8.3.1\libgcc.a(floatunsisf.o)
 .mdebug.abi32  0x0000000000000000        0x0 e:/microchip/xc32/v3.01/bin/bin/../../lib/gcc/pic32mx/8.3.1\libgcc.a(floatunsidf.o)
 .mdebug.abi32  0x0000000000000000        0x0 e:/microchip/xc32/v3.01/bin/bin/../../lib/gcc/pic32mx/8.3.1/../../../../pic32mx/lib\libpic32.a(default-on-reset.o)
 .mdebug.abi32  0x0000000000000000        0x0 e:/microchip/xc32/v3.01/bin/bin/../../lib/gcc/pic32mx/8.3.1/../../../../pic32mx/lib\libpic32.a(default-on-bootstrap.o)
 .mdebug.abi32  0x0000000000000000        0x0 e:/microchip/xc32/v3.01/bin/bin/../../lib/gcc/pic32mx/8.3.1/../../../../pic32mx/lib\libpic32.a(defaultinterrupt.o)
 .mdebug.abi32  0x0000000000000000        0x0 e:/microchip/xc32/v3.01/bin/bin/../../lib/gcc/pic32mx/8.3.1/../../../../pic32mx/lib\libc.a(_iob.o)
 .mdebug.abi32  0x0000000000000000        0x0 e:/microchip/xc32/v3.01/bin/bin/../../lib/gcc/pic32mx/8.3.1/../../../../pic32mx/lib\libc.a(atoi.o)
 .mdebug.abi32  0x0000000000000000        0x0 e:/microchip/xc32/v3.01/bin/bin/../../lib/gcc/pic32mx/8.3.1/../../../../pic32mx/lib\libc.a(ctype.o)
 .mdebug.abi32  0x0000000000000000        0x0 e:/microchip/xc32/v3.01/bin/bin/../../lib/gcc/pic32mx/8.3.1/../../../../pic32mx/lib\libc.a(gets.o)
 .mdebug.abi32  0x0000000000000000        0x0 e:/microchip/xc32/v3.01/bin/bin/../../lib/gcc/pic32mx/8.3.1/../../../../pic32mx/lib\libc.a(putchar.o)
 .mdebug.abi32  0x0000000000000000        0x0 e:/microchip/xc32/v3.01/bin/bin/../../lib/gcc/pic32mx/8.3.1/../../../../pic32mx/lib\libc.a(setbuf.o)
 .mdebug.abi32  0x0000000000000000        0x0 e:/microchip/xc32/v3.01/bin/bin/../../lib/gcc/pic32mx/8.3.1/../../../../pic32mx/lib\libc.a(strcat.o)
 .mdebug.abi32  0x0000000000000000        0x0 e:/microchip/xc32/v3.01/bin/bin/../../lib/gcc/pic32mx/8.3.1/../../../../pic32mx/lib\libc.a(strchr.o)
 .mdebug.abi32  0x0000000000000000        0x0 e:/microchip/xc32/v3.01/bin/bin/../../lib/gcc/pic32mx/8.3.1/../../../../pic32mx/lib\libc.a(strncpy.o)
 .mdebug.abi32  0x0000000000000000        0x0 e:/microchip/xc32/v3.01/bin/bin/../../lib/gcc/pic32mx/8.3.1/../../../../pic32mx/lib\libc.a(strtod.o)
 .mdebug.abi32  0x0000000000000000        0x0 e:/microchip/xc32/v3.01/bin/bin/../../lib/gcc/pic32mx/8.3.1/../../../../pic32mx/lib\libc.a(strstr.o)
 .mdebug.abi32  0x0000000000000000        0x0 e:/microchip/xc32/v3.01/bin/bin/../../lib/gcc/pic32mx/8.3.1/../../../../pic32mx/lib\libc.a(printf_cdfFnopuxX.eo)
 .mdebug.abi32  0x0000000000000000        0x0 e:/microchip/xc32/v3.01/bin/bin/../../lib/gcc/pic32mx/8.3.1/../../../../pic32mx/lib\libc.a(printf_cdnopuxX.eo)
 .mdebug.abi32  0x0000000000000000        0x0 e:/microchip/xc32/v3.01/bin/bin/../../lib/gcc/pic32mx/8.3.1/../../../../pic32mx/lib\libc.a(printf_s.eo)
 .mdebug.abi32  0x0000000000000000        0x0 e:/microchip/xc32/v3.01/bin/bin/../../lib/gcc/pic32mx/8.3.1/../../../../pic32mx/lib\libc.a(printf.o)
 .mdebug.abi32  0x0000000000000000        0x0 e:/microchip/xc32/v3.01/bin/bin/../../lib/gcc/pic32mx/8.3.1/../../../../pic32mx/lib\libc.a(sprintf_cdfFnopuxX.eo)
 .mdebug.abi32  0x0000000000000000        0x0 e:/microchip/xc32/v3.01/bin/bin/../../lib/gcc/pic32mx/8.3.1/../../../../pic32mx/lib\libc.a(sprintf_cdnopuxX.eo)
 .mdebug.abi32  0x0000000000000000        0x0 e:/microchip/xc32/v3.01/bin/bin/../../lib/gcc/pic32mx/8.3.1/../../../../pic32mx/lib\libc.a(fgetc.o)
 .mdebug.abi32  0x0000000000000000        0x0 e:/microchip/xc32/v3.01/bin/bin/../../lib/gcc/pic32mx/8.3.1/../../../../pic32mx/lib\libc.a(_fputc_simple.o)
 .mdebug.abi32  0x0000000000000000        0x0 e:/microchip/xc32/v3.01/bin/bin/../../lib/gcc/pic32mx/8.3.1/../../../../pic32mx/lib\libc.a(buf.o)
 .mdebug.abi32  0x0000000000000000        0x0 e:/microchip/xc32/v3.01/bin/bin/../../lib/gcc/pic32mx/8.3.1/../../../../pic32mx/lib\libc.a(errno.o)
 .mdebug.abi32  0x0000000000000000        0x0 e:/microchip/xc32/v3.01/bin/bin/../../lib/gcc/pic32mx/8.3.1/../../../../pic32mx/lib\libc.a(strncmp.o)
 .mdebug.abi32  0x0000000000000000        0x0 e:/microchip/xc32/v3.01/bin/bin/../../lib/gcc/pic32mx/8.3.1/../../../../pic32mx/lib\libc.a(doprnt_cdfFnopuxX.eo)
 .mdebug.abi32  0x0000000000000000        0x0 e:/microchip/xc32/v3.01/bin/bin/../../lib/gcc/pic32mx/8.3.1/../../../../pic32mx/lib\libc.a(doprnt_cdnopuxX.eo)
 .mdebug.abi32  0x0000000000000000        0x0 e:/microchip/xc32/v3.01/bin/bin/../../lib/gcc/pic32mx/8.3.1/../../../../pic32mx/lib\libc.a(doprnt_s.eo)
 .mdebug.abi32  0x0000000000000000        0x0 e:/microchip/xc32/v3.01/bin/bin/../../lib/gcc/pic32mx/8.3.1/../../../../pic32mx/lib\libc.a(doprnt.o)
 .mdebug.abi32  0x0000000000000000        0x0 e:/microchip/xc32/v3.01/bin/bin/../../lib/gcc/pic32mx/8.3.1/../../../../pic32mx/lib\libc.a(filbuf.o)
 .mdebug.abi32  0x0000000000000000        0x0 e:/microchip/xc32/v3.01/bin/bin/../../lib/gcc/pic32mx/8.3.1/../../../../pic32mx/lib\libc.a(_flsbuf_simple.o)
 .mdebug.abi32  0x0000000000000000        0x0 e:/microchip/xc32/v3.01/bin/bin/../../lib/gcc/pic32mx/8.3.1/../../../../pic32mx/lib\libc.a(fflush.o)
 .mdebug.abi32  0x0000000000000000        0x0 e:/microchip/xc32/v3.01/bin/bin/../../lib/gcc/pic32mx/8.3.1/../../../../pic32mx/lib\libc.a(ldpowers.o)
 .mdebug.abi32  0x0000000000000000        0x0 e:/microchip/xc32/v3.01/bin/bin/../../lib/gcc/pic32mx/8.3.1/../../../../pic32mx/lib\libm.a(__strtod.o)
 .mdebug.abi32  0x0000000000000000        0x0 e:/microchip/xc32/v3.01/bin/bin/../../lib/gcc/pic32mx/8.3.1/../../../../pic32mx/lib\libe.a(_fixunsdfdi.o)
 .mdebug.abi32  0x0000000000000000        0x0 e:/microchip/xc32/v3.01/bin/bin/../../lib/gcc/pic32mx/8.3.1/../../../../pic32mx/lib\libe.a(_orderdf2.o)
 .mdebug.abi32  0x0000000000000000        0x0 e:/microchip/xc32/v3.01/bin/bin/../../lib/gcc/pic32mx/8.3.1/../../../../pic32mx/lib\libe.a(_ldexp.o)
 .mdebug.abi32  0x0000000000000000        0x0 e:/microchip/xc32/v3.01/bin/bin/../../lib/gcc/pic32mx/8.3.1/../../../../pic32mx/lib\libe.a(_fixdfdi.o)
 .mdebug.abi32  0x0000000000000000        0x0 e:/microchip/xc32/v3.01/bin/bin/../../lib/gcc/pic32mx/8.3.1\libgcc.a(_lshrdi3.o)
 .mdebug.abi32  0x0000000000000000        0x0 e:/microchip/xc32/v3.01/bin/bin/../../lib/gcc/pic32mx/8.3.1\libgcc.a(_floatundidf.o)
 .mdebug.abi32  0x0000000000000000        0x0 e:/microchip/xc32/v3.01/bin/bin/../../lib/gcc/pic32mx/8.3.1\libgcc.a(_divdi3.o)
 .mdebug.abi32  0x0000000000000000        0x0 e:/microchip/xc32/v3.01/bin/bin/../../lib/gcc/pic32mx/8.3.1\libgcc.a(_moddi3.o)
 .mdebug.abi32  0x0000000000000000        0x0 e:/microchip/xc32/v3.01/bin/bin/../../lib/gcc/pic32mx/8.3.1\libgcc.a(_udivdi3.o)
 .mdebug.abi32  0x0000000000000000        0x0 e:/microchip/xc32/v3.01/bin/bin/../../lib/gcc/pic32mx/8.3.1\libgcc.a(_umoddi3.o)
 .mdebug.abi32  0x0000000000000000        0x0 e:/microchip/xc32/v3.01/bin/bin/../../lib/gcc/pic32mx/8.3.1/../../../../pic32mx/lib\libpic32.a(sbrk.o)

.mdebug.abiN32
 *(.mdebug.abiN32)

.mdebug.abi64
 *(.mdebug.abi64)

.mdebug.abiO64
 *(.mdebug.abiO64)

.mdebug.eabi32
 *(.mdebug.eabi32)

.mdebug.eabi64
 *(.mdebug.eabi64)

.gcc_compiled_long32
 *(.gcc_compiled_long32)

.gcc_compiled_long64
 *(.gcc_compiled_long64)

.stab
 *(.stab)

.stabstr
 *(.stabstr)

.stab.excl
 *(.stab.excl)

.stab.exclstr
 *(.stab.exclstr)

.stab.index
 *(.stab.index)

.stab.indexstr
 *(.stab.indexstr)

.comment        0x0000000000000000      0x314
 *(.comment)
 .comment       0x0000000000000000       0x53 e:/microchip/xc32/v3.01/bin/bin/../../lib/gcc/pic32mx/8.3.1/../../../../pic32mx/lib\software-debug-break.o
                                         0x54 (size before relaxing)
 .comment       0x0000000000000053       0x54 build/default/debug/_ext/1701374055/Ampli_functions.o
 .comment       0x0000000000000053       0x54 build/default/debug/_ext/1701374055/Amplifier_Com.o
 .comment       0x0000000000000053       0x54 build/default/debug/_ext/1701374055/CAN_Enco_Com.o
 .comment       0x0000000000000053       0x54 build/default/debug/_ext/1701374055/Global_Vars.o
 .comment       0x0000000000000053       0x54 build/default/debug/_ext/1701374055/Protocol.o
 .comment       0x0000000000000053       0x54 build/default/debug/_ext/1701374055/BoardTemp.o
 .comment       0x0000000000000053       0x54 build/default/debug/_ext/1701374055/AtmelFlashMem.o
 .comment       0x0000000000000053       0x54 build/default/debug/_ext/1701374055/RTC.o
 .comment       0x0000000000000053       0x54 build/default/debug/_ext/1701374055/KBD_5X8.o
 .comment       0x0000000000000053       0x54 build/default/debug/_ext/1701374055/LCD_functions.o
 .comment       0x0000000000000053       0x54 build/default/debug/_ext/1701374055/ETH_NetBurner.o
 .comment       0x0000000000000053       0x54 build/default/debug/_ext/1701375116/CAN_Comm.o
 .comment       0x0000000000000053       0x54 build/default/debug/_ext/1701375116/ETH_Module_Com.o
 .comment       0x0000000000000053       0x54 build/default/debug/_ext/1701375116/Events.o
 .comment       0x0000000000000053       0x54 build/default/debug/_ext/1701375116/SSI_Enco.o
 .comment       0x0000000000000053       0x54 build/default/debug/_ext/1701375116/I2C_comm.o
 .comment       0x0000000000000053       0x54 build/default/debug/_ext/1701375116/DataFlash_Comm.o
 .comment       0x0000000000000053       0x54 build/default/debug/_ext/1701375116/Beeps.o
 .comment       0x0000000000000053       0x54 build/default/debug/_ext/1701375116/RTC_Comm.o
 .comment       0x0000000000000053       0x54 build/default/debug/_ext/1701375116/KBD_5X8_rd.o
 .comment       0x0000000000000053       0x54 build/default/debug/_ext/1701375116/LCD_Comm.o
 .comment       0x0000000000000053       0x54 build/default/debug/_ext/1701375116/Sys_Inits.o
 .comment       0x0000000000000053       0x54 build/default/debug/_ext/60163342/plib_adc.o
 .comment       0x0000000000000053       0x54 build/default/debug/_ext/60165182/plib_can1.o
 .comment       0x0000000000000053       0x54 build/default/debug/_ext/60165520/plib_clk.o
 .comment       0x0000000000000053       0x54 build/default/debug/_ext/1249264884/plib_coretimer.o
 .comment       0x0000000000000053       0x54 build/default/debug/_ext/1865200349/plib_evic.o
 .comment       0x0000000000000053       0x54 build/default/debug/_ext/1865254177/plib_gpio.o
 .comment       0x0000000000000053       0x54 build/default/debug/_ext/513455433/plib_i2c2_master.o
 .comment       0x0000000000000053       0x54 build/default/debug/_ext/298189674/plib_spi1_master.o
 .comment       0x0000000000000053       0x54 build/default/debug/_ext/1865657120/plib_uart3.o
 .comment       0x0000000000000053       0x54 build/default/debug/_ext/1865657120/plib_uart1.o
 .comment       0x0000000000000053       0x54 build/default/debug/_ext/1865657120/plib_uart5.o
 .comment       0x0000000000000053       0x54 build/default/debug/_ext/1865657120/plib_uart4.o
 .comment       0x0000000000000053       0x54 build/default/debug/_ext/1865657120/plib_uart2.o
 .comment       0x0000000000000053       0x54 build/default/debug/_ext/1865657120/plib_uart6.o
 .comment       0x0000000000000053       0x54 build/default/debug/_ext/163028504/xc32_monitor.o
 .comment       0x0000000000000053       0x54 build/default/debug/_ext/1171490990/initialization.o
 .comment       0x0000000000000053       0x54 build/default/debug/_ext/1171490990/interrupts.o
 .comment       0x0000000000000053       0x54 build/default/debug/_ext/1171490990/exceptions.o
 .comment       0x0000000000000053       0x54 build/default/debug/_ext/1342495810/BCD_Utils.o
 .comment       0x0000000000000053       0x54 build/default/debug/_ext/1342495810/Utils.o
 .comment       0x0000000000000053       0x54 build/default/debug/_ext/1360937237/main.o
 .comment       0x0000000000000053       0x54 build/default/debug/_ext/1360937237/Global.o
 .comment       0x0000000000000053       0x54 build/default/debug/_ext/1360937237/App_Utils.o
 .comment       0x0000000000000053       0x54 build/default/debug/_ext/1360937237/HW_Testing.o
 .comment       0x0000000000000053       0x54 build/default/debug/_ext/1360937237/First_Test.o
 .comment       0x0000000000000053       0x54 build/default/debug/_ext/1701374055/Para_Calculations.o
 .comment       0x0000000000000053       0x54 e:/microchip/xc32/v3.01/bin/bin/../../lib/gcc/pic32mx/8.3.1\libgcc.a(floatunsisf.o)
 .comment       0x0000000000000053       0x54 e:/microchip/xc32/v3.01/bin/bin/../../lib/gcc/pic32mx/8.3.1\libgcc.a(floatunsidf.o)
 .comment       0x0000000000000053       0x18 e:/microchip/xc32/v3.01/bin/bin/../../lib/gcc/pic32mx/8.3.1/../../../../pic32mx/lib\libpic32.a(memset.o)
                                         0x19 (size before relaxing)
 .comment       0x000000000000006b       0x19 e:/microchip/xc32/v3.01/bin/bin/../../lib/gcc/pic32mx/8.3.1/../../../../pic32mx/lib\libpic32.a(strcpy.o)
                                         0x1a (size before relaxing)
 .comment       0x0000000000000084       0x19 e:/microchip/xc32/v3.01/bin/bin/../../lib/gcc/pic32mx/8.3.1/../../../../pic32mx/lib\libpic32.a(strlen.o)
                                         0x1a (size before relaxing)
 .comment       0x000000000000009d       0x54 e:/microchip/xc32/v3.01/bin/bin/../../lib/gcc/pic32mx/8.3.1/../../../../pic32mx/lib\libpic32.a(default-on-reset.o)
 .comment       0x000000000000009d       0x54 e:/microchip/xc32/v3.01/bin/bin/../../lib/gcc/pic32mx/8.3.1/../../../../pic32mx/lib\libpic32.a(default-on-bootstrap.o)
 .comment       0x000000000000009d       0x54 e:/microchip/xc32/v3.01/bin/bin/../../lib/gcc/pic32mx/8.3.1/../../../../pic32mx/lib\libpic32.a(defaultinterrupt.o)
 .comment       0x000000000000009d       0x54 e:/microchip/xc32/v3.01/bin/bin/../../lib/gcc/pic32mx/8.3.1/../../../../pic32mx/lib\libc.a(_iob.o)
 .comment       0x000000000000009d       0x54 e:/microchip/xc32/v3.01/bin/bin/../../lib/gcc/pic32mx/8.3.1/../../../../pic32mx/lib\libc.a(atoi.o)
 .comment       0x000000000000009d       0x4e e:/microchip/xc32/v3.01/bin/bin/../../lib/gcc/pic32mx/8.3.1/../../../../pic32mx/lib\libc.a(ctype.o)
                                         0xa2 (size before relaxing)
 .comment       0x00000000000000eb       0x54 e:/microchip/xc32/v3.01/bin/bin/../../lib/gcc/pic32mx/8.3.1/../../../../pic32mx/lib\libc.a(gets.o)
 .comment       0x00000000000000eb       0x54 e:/microchip/xc32/v3.01/bin/bin/../../lib/gcc/pic32mx/8.3.1/../../../../pic32mx/lib\libc.a(putchar.o)
 .comment       0x00000000000000eb       0x54 e:/microchip/xc32/v3.01/bin/bin/../../lib/gcc/pic32mx/8.3.1/../../../../pic32mx/lib\libc.a(setbuf.o)
 .comment       0x00000000000000eb       0x54 e:/microchip/xc32/v3.01/bin/bin/../../lib/gcc/pic32mx/8.3.1/../../../../pic32mx/lib\libc.a(strcat.o)
 .comment       0x00000000000000eb       0x54 e:/microchip/xc32/v3.01/bin/bin/../../lib/gcc/pic32mx/8.3.1/../../../../pic32mx/lib\libc.a(strchr.o)
 .comment       0x00000000000000eb       0x54 e:/microchip/xc32/v3.01/bin/bin/../../lib/gcc/pic32mx/8.3.1/../../../../pic32mx/lib\libc.a(strncpy.o)
 .comment       0x00000000000000eb       0x54 e:/microchip/xc32/v3.01/bin/bin/../../lib/gcc/pic32mx/8.3.1/../../../../pic32mx/lib\libc.a(strtod.o)
 .comment       0x00000000000000eb       0x54 e:/microchip/xc32/v3.01/bin/bin/../../lib/gcc/pic32mx/8.3.1/../../../../pic32mx/lib\libc.a(strstr.o)
 .comment       0x00000000000000eb       0x54 e:/microchip/xc32/v3.01/bin/bin/../../lib/gcc/pic32mx/8.3.1/../../../../pic32mx/lib\libc.a(printf_cdfFnopuxX.eo)
 .comment       0x00000000000000eb       0x54 e:/microchip/xc32/v3.01/bin/bin/../../lib/gcc/pic32mx/8.3.1/../../../../pic32mx/lib\libc.a(printf_cdnopuxX.eo)
 .comment       0x00000000000000eb       0x54 e:/microchip/xc32/v3.01/bin/bin/../../lib/gcc/pic32mx/8.3.1/../../../../pic32mx/lib\libc.a(printf_s.eo)
 .comment       0x00000000000000eb       0x54 e:/microchip/xc32/v3.01/bin/bin/../../lib/gcc/pic32mx/8.3.1/../../../../pic32mx/lib\libc.a(printf.o)
 .comment       0x00000000000000eb       0x54 e:/microchip/xc32/v3.01/bin/bin/../../lib/gcc/pic32mx/8.3.1/../../../../pic32mx/lib\libc.a(sprintf_cdfFnopuxX.eo)
 .comment       0x00000000000000eb       0x54 e:/microchip/xc32/v3.01/bin/bin/../../lib/gcc/pic32mx/8.3.1/../../../../pic32mx/lib\libc.a(sprintf_cdnopuxX.eo)
 .comment       0x00000000000000eb       0x54 e:/microchip/xc32/v3.01/bin/bin/../../lib/gcc/pic32mx/8.3.1/../../../../pic32mx/lib\libc.a(fgetc.o)
 .comment       0x00000000000000eb       0x54 e:/microchip/xc32/v3.01/bin/bin/../../lib/gcc/pic32mx/8.3.1/../../../../pic32mx/lib\libc.a(_fputc_simple.o)
 .comment       0x00000000000000eb       0x54 e:/microchip/xc32/v3.01/bin/bin/../../lib/gcc/pic32mx/8.3.1/../../../../pic32mx/lib\libc.a(buf.o)
 .comment       0x00000000000000eb       0x54 e:/microchip/xc32/v3.01/bin/bin/../../lib/gcc/pic32mx/8.3.1/../../../../pic32mx/lib\libc.a(errno.o)
 .comment       0x00000000000000eb       0x54 e:/microchip/xc32/v3.01/bin/bin/../../lib/gcc/pic32mx/8.3.1/../../../../pic32mx/lib\libc.a(strncmp.o)
 .comment       0x00000000000000eb       0x54 e:/microchip/xc32/v3.01/bin/bin/../../lib/gcc/pic32mx/8.3.1/../../../../pic32mx/lib\libc.a(doprnt_cdfFnopuxX.eo)
 .comment       0x00000000000000eb       0x54 e:/microchip/xc32/v3.01/bin/bin/../../lib/gcc/pic32mx/8.3.1/../../../../pic32mx/lib\libc.a(doprnt_cdnopuxX.eo)
 .comment       0x00000000000000eb       0x54 e:/microchip/xc32/v3.01/bin/bin/../../lib/gcc/pic32mx/8.3.1/../../../../pic32mx/lib\libc.a(doprnt_s.eo)
 .comment       0x00000000000000eb       0x54 e:/microchip/xc32/v3.01/bin/bin/../../lib/gcc/pic32mx/8.3.1/../../../../pic32mx/lib\libc.a(doprnt.o)
 .comment       0x00000000000000eb       0x54 e:/microchip/xc32/v3.01/bin/bin/../../lib/gcc/pic32mx/8.3.1/../../../../pic32mx/lib\libc.a(filbuf.o)
 .comment       0x00000000000000eb       0x54 e:/microchip/xc32/v3.01/bin/bin/../../lib/gcc/pic32mx/8.3.1/../../../../pic32mx/lib\libc.a(_flsbuf_simple.o)
 .comment       0x00000000000000eb       0x54 e:/microchip/xc32/v3.01/bin/bin/../../lib/gcc/pic32mx/8.3.1/../../../../pic32mx/lib\libc.a(fflush.o)
 .comment       0x00000000000000eb       0x54 e:/microchip/xc32/v3.01/bin/bin/../../lib/gcc/pic32mx/8.3.1/../../../../pic32mx/lib\libc.a(ldpowers.o)
 .comment       0x00000000000000eb       0x9d e:/microchip/xc32/v3.01/bin/bin/../../lib/gcc/pic32mx/8.3.1/../../../../pic32mx/lib\libm.a(__strtod.o)
                                         0xf1 (size before relaxing)
 .comment       0x0000000000000188       0x51 e:/microchip/xc32/v3.01/bin/bin/../../lib/gcc/pic32mx/8.3.1/../../../../pic32mx/lib\libe.a(_fixunsdfdi.o)
                                         0xf3 (size before relaxing)
 .comment       0x00000000000001d9       0x50 e:/microchip/xc32/v3.01/bin/bin/../../lib/gcc/pic32mx/8.3.1/../../../../pic32mx/lib\libe.a(_orderdf2.o)
                                         0xf2 (size before relaxing)
 .comment       0x0000000000000229       0x50 e:/microchip/xc32/v3.01/bin/bin/../../lib/gcc/pic32mx/8.3.1/../../../../pic32mx/lib\libe.a(_ldexp.o)
                                         0xf2 (size before relaxing)
 .comment       0x0000000000000279       0x50 e:/microchip/xc32/v3.01/bin/bin/../../lib/gcc/pic32mx/8.3.1/../../../../pic32mx/lib\libe.a(_fixdfdi.o)
                                         0xf2 (size before relaxing)
 .comment       0x00000000000002c9       0x54 e:/microchip/xc32/v3.01/bin/bin/../../lib/gcc/pic32mx/8.3.1\libgcc.a(_lshrdi3.o)
 .comment       0x00000000000002c9       0x54 e:/microchip/xc32/v3.01/bin/bin/../../lib/gcc/pic32mx/8.3.1\libgcc.a(_floatundidf.o)
 .comment       0x00000000000002c9       0x54 e:/microchip/xc32/v3.01/bin/bin/../../lib/gcc/pic32mx/8.3.1\libgcc.a(_divdi3.o)
 .comment       0x00000000000002c9       0x54 e:/microchip/xc32/v3.01/bin/bin/../../lib/gcc/pic32mx/8.3.1\libgcc.a(_moddi3.o)
 .comment       0x00000000000002c9       0x54 e:/microchip/xc32/v3.01/bin/bin/../../lib/gcc/pic32mx/8.3.1\libgcc.a(_udivdi3.o)
 .comment       0x00000000000002c9       0x54 e:/microchip/xc32/v3.01/bin/bin/../../lib/gcc/pic32mx/8.3.1\libgcc.a(_umoddi3.o)
 .comment       0x00000000000002c9       0x4b e:/microchip/xc32/v3.01/bin/bin/../../lib/gcc/pic32mx/8.3.1/../../../../pic32mx/lib\libpic32.a(sbrk.o)
                                         0x9f (size before relaxing)

.debug
 *.elf(.debug)
 *(.debug)

.line
 *.elf(.line)
 *(.line)

.debug_srcinfo
 *.elf(.debug_srcinfo)
 *(.debug_srcinfo)

.debug_sfnames
 *.elf(.debug_sfnames)
 *(.debug_sfnames)

.debug_aranges  0x0000000000000000     0x1518
 *.elf(.debug_aranges)
 *(.debug_aranges)
 .debug_aranges
                0x0000000000000000       0x20 e:/microchip/xc32/v3.01/bin/bin/../../lib/gcc/pic32mx/8.3.1/../../../../pic32mx/lib\software-debug-break.o
 .debug_aranges
                0x0000000000000020       0x38 build/default/debug/_ext/1701374055/Ampli_functions.o
 .debug_aranges
                0x0000000000000058       0xa8 build/default/debug/_ext/1701374055/Amplifier_Com.o
 .debug_aranges
                0x0000000000000100       0x48 build/default/debug/_ext/1701374055/CAN_Enco_Com.o
 .debug_aranges
                0x0000000000000148       0x18 build/default/debug/_ext/1701374055/Global_Vars.o
 .debug_aranges
                0x0000000000000160       0x60 build/default/debug/_ext/1701374055/Protocol.o
 .debug_aranges
                0x00000000000001c0       0x20 build/default/debug/_ext/1701374055/BoardTemp.o
 .debug_aranges
                0x00000000000001e0       0x60 build/default/debug/_ext/1701374055/AtmelFlashMem.o
 .debug_aranges
                0x0000000000000240       0x30 build/default/debug/_ext/1701374055/RTC.o
 .debug_aranges
                0x0000000000000270       0x28 build/default/debug/_ext/1701374055/KBD_5X8.o
 .debug_aranges
                0x0000000000000298       0x50 build/default/debug/_ext/1701374055/LCD_functions.o
 .debug_aranges
                0x00000000000002e8       0x30 build/default/debug/_ext/1701374055/ETH_NetBurner.o
 .debug_aranges
                0x0000000000000318       0x40 build/default/debug/_ext/1701375116/CAN_Comm.o
 .debug_aranges
                0x0000000000000358       0x30 build/default/debug/_ext/1701375116/ETH_Module_Com.o
 .debug_aranges
                0x0000000000000388       0x58 build/default/debug/_ext/1701375116/Events.o
 .debug_aranges
                0x00000000000003e0       0x30 build/default/debug/_ext/1701375116/SSI_Enco.o
 .debug_aranges
                0x0000000000000410       0x20 build/default/debug/_ext/1701375116/I2C_comm.o
 .debug_aranges
                0x0000000000000430       0x40 build/default/debug/_ext/1701375116/DataFlash_Comm.o
 .debug_aranges
                0x0000000000000470       0x28 build/default/debug/_ext/1701375116/Beeps.o
 .debug_aranges
                0x0000000000000498       0x70 build/default/debug/_ext/1701375116/RTC_Comm.o
 .debug_aranges
                0x0000000000000508       0x20 build/default/debug/_ext/1701375116/KBD_5X8_rd.o
 .debug_aranges
                0x0000000000000528       0x38 build/default/debug/_ext/1701375116/LCD_Comm.o
 .debug_aranges
                0x0000000000000560       0x30 build/default/debug/_ext/1701375116/Sys_Inits.o
 .debug_aranges
                0x0000000000000590       0x70 build/default/debug/_ext/60163342/plib_adc.o
 .debug_aranges
                0x0000000000000600       0x98 build/default/debug/_ext/60165182/plib_can1.o
 .debug_aranges
                0x0000000000000698       0x20 build/default/debug/_ext/60165520/plib_clk.o
 .debug_aranges
                0x00000000000006b8       0x60 build/default/debug/_ext/1249264884/plib_coretimer.o
 .debug_aranges
                0x0000000000000718       0x68 build/default/debug/_ext/1865200349/plib_evic.o
 .debug_aranges
                0x0000000000000780       0x60 build/default/debug/_ext/1865254177/plib_gpio.o
 .debug_aranges
                0x00000000000007e0       0x68 build/default/debug/_ext/513455433/plib_i2c2_master.o
 .debug_aranges
                0x0000000000000848       0x48 build/default/debug/_ext/298189674/plib_spi1_master.o
 .debug_aranges
                0x0000000000000890       0xa0 build/default/debug/_ext/1865657120/plib_uart3.o
 .debug_aranges
                0x0000000000000930       0x80 build/default/debug/_ext/1865657120/plib_uart1.o
 .debug_aranges
                0x00000000000009b0       0x80 build/default/debug/_ext/1865657120/plib_uart5.o
 .debug_aranges
                0x0000000000000a30       0xa0 build/default/debug/_ext/1865657120/plib_uart4.o
 .debug_aranges
                0x0000000000000ad0       0xa0 build/default/debug/_ext/1865657120/plib_uart2.o
 .debug_aranges
                0x0000000000000b70       0xa0 build/default/debug/_ext/1865657120/plib_uart6.o
 .debug_aranges
                0x0000000000000c10       0x28 build/default/debug/_ext/163028504/xc32_monitor.o
 .debug_aranges
                0x0000000000000c38       0x20 build/default/debug/_ext/1171490990/initialization.o
 .debug_aranges
                0x0000000000000c58       0x58 build/default/debug/_ext/1171490990/interrupts.o
 .debug_aranges
                0x0000000000000cb0       0x28 build/default/debug/_ext/1171490990/exceptions.o
 .debug_aranges
                0x0000000000000cd8       0x60 build/default/debug/_ext/1342495810/BCD_Utils.o
 .debug_aranges
                0x0000000000000d38       0x48 build/default/debug/_ext/1342495810/Utils.o
 .debug_aranges
                0x0000000000000d80       0x58 build/default/debug/_ext/1360937237/main.o
 .debug_aranges
                0x0000000000000dd8       0x18 build/default/debug/_ext/1360937237/Global.o
 .debug_aranges
                0x0000000000000df0       0x20 build/default/debug/_ext/1360937237/App_Utils.o
 .debug_aranges
                0x0000000000000e10       0x90 build/default/debug/_ext/1360937237/HW_Testing.o
 .debug_aranges
                0x0000000000000ea0       0x20 build/default/debug/_ext/1360937237/First_Test.o
 .debug_aranges
                0x0000000000000ec0       0x58 build/default/debug/_ext/1701374055/Para_Calculations.o
 .debug_aranges
                0x0000000000000f18       0x40 C:\Users\UT\AppData\Local\Temp\ccu2itLu.o
 .debug_aranges
                0x0000000000000f58       0x20 e:/microchip/xc32/v3.01/bin/bin/../../lib/gcc/pic32mx/8.3.1\libgcc.a(floatunsisf.o)
 .debug_aranges
                0x0000000000000f78       0x20 e:/microchip/xc32/v3.01/bin/bin/../../lib/gcc/pic32mx/8.3.1\libgcc.a(floatunsidf.o)
 .debug_aranges
                0x0000000000000f98       0x20 e:/microchip/xc32/v3.01/bin/bin/../../lib/gcc/pic32mx/8.3.1/../../../../pic32mx/lib\libpic32.a(default-on-reset.o)
 .debug_aranges
                0x0000000000000fb8       0x20 e:/microchip/xc32/v3.01/bin/bin/../../lib/gcc/pic32mx/8.3.1/../../../../pic32mx/lib\libpic32.a(default-on-bootstrap.o)
 .debug_aranges
                0x0000000000000fd8       0x20 e:/microchip/xc32/v3.01/bin/bin/../../lib/gcc/pic32mx/8.3.1/../../../../pic32mx/lib\libpic32.a(defaultinterrupt.o)
 .debug_aranges
                0x0000000000000ff8       0x20 e:/microchip/xc32/v3.01/bin/bin/../../lib/gcc/pic32mx/8.3.1/../../../../pic32mx/lib\libc.a(atoi.o)
 .debug_aranges
                0x0000000000001018       0x30 e:/microchip/xc32/v3.01/bin/bin/../../lib/gcc/pic32mx/8.3.1/../../../../pic32mx/lib\libc.a(gets.o)
 .debug_aranges
                0x0000000000001048       0x20 e:/microchip/xc32/v3.01/bin/bin/../../lib/gcc/pic32mx/8.3.1/../../../../pic32mx/lib\libc.a(putchar.o)
 .debug_aranges
                0x0000000000001068       0x28 e:/microchip/xc32/v3.01/bin/bin/../../lib/gcc/pic32mx/8.3.1/../../../../pic32mx/lib\libc.a(setbuf.o)
 .debug_aranges
                0x0000000000001090       0x20 e:/microchip/xc32/v3.01/bin/bin/../../lib/gcc/pic32mx/8.3.1/../../../../pic32mx/lib\libc.a(strcat.o)
 .debug_aranges
                0x00000000000010b0       0x20 e:/microchip/xc32/v3.01/bin/bin/../../lib/gcc/pic32mx/8.3.1/../../../../pic32mx/lib\libc.a(strchr.o)
 .debug_aranges
                0x00000000000010d0       0x20 e:/microchip/xc32/v3.01/bin/bin/../../lib/gcc/pic32mx/8.3.1/../../../../pic32mx/lib\libc.a(strncpy.o)
 .debug_aranges
                0x00000000000010f0       0x28 e:/microchip/xc32/v3.01/bin/bin/../../lib/gcc/pic32mx/8.3.1/../../../../pic32mx/lib\libc.a(strtod.o)
 .debug_aranges
                0x0000000000001118       0x20 e:/microchip/xc32/v3.01/bin/bin/../../lib/gcc/pic32mx/8.3.1/../../../../pic32mx/lib\libc.a(strstr.o)
 .debug_aranges
                0x0000000000001138       0x20 e:/microchip/xc32/v3.01/bin/bin/../../lib/gcc/pic32mx/8.3.1/../../../../pic32mx/lib\libc.a(printf_cdfFnopuxX.eo)
 .debug_aranges
                0x0000000000001158       0x20 e:/microchip/xc32/v3.01/bin/bin/../../lib/gcc/pic32mx/8.3.1/../../../../pic32mx/lib\libc.a(printf_cdnopuxX.eo)
 .debug_aranges
                0x0000000000001178       0x20 e:/microchip/xc32/v3.01/bin/bin/../../lib/gcc/pic32mx/8.3.1/../../../../pic32mx/lib\libc.a(printf_s.eo)
 .debug_aranges
                0x0000000000001198       0x20 e:/microchip/xc32/v3.01/bin/bin/../../lib/gcc/pic32mx/8.3.1/../../../../pic32mx/lib\libc.a(printf.o)
 .debug_aranges
                0x00000000000011b8       0x20 e:/microchip/xc32/v3.01/bin/bin/../../lib/gcc/pic32mx/8.3.1/../../../../pic32mx/lib\libc.a(sprintf_cdfFnopuxX.eo)
 .debug_aranges
                0x00000000000011d8       0x20 e:/microchip/xc32/v3.01/bin/bin/../../lib/gcc/pic32mx/8.3.1/../../../../pic32mx/lib\libc.a(sprintf_cdnopuxX.eo)
 .debug_aranges
                0x00000000000011f8       0x20 e:/microchip/xc32/v3.01/bin/bin/../../lib/gcc/pic32mx/8.3.1/../../../../pic32mx/lib\libc.a(fgetc.o)
 .debug_aranges
                0x0000000000001218       0x20 e:/microchip/xc32/v3.01/bin/bin/../../lib/gcc/pic32mx/8.3.1/../../../../pic32mx/lib\libc.a(_fputc_simple.o)
 .debug_aranges
                0x0000000000001238       0x28 e:/microchip/xc32/v3.01/bin/bin/../../lib/gcc/pic32mx/8.3.1/../../../../pic32mx/lib\libc.a(buf.o)
 .debug_aranges
                0x0000000000001260       0x20 e:/microchip/xc32/v3.01/bin/bin/../../lib/gcc/pic32mx/8.3.1/../../../../pic32mx/lib\libc.a(strncmp.o)
 .debug_aranges
                0x0000000000001280       0x28 e:/microchip/xc32/v3.01/bin/bin/../../lib/gcc/pic32mx/8.3.1/../../../../pic32mx/lib\libc.a(doprnt_cdfFnopuxX.eo)
 .debug_aranges
                0x00000000000012a8       0x20 e:/microchip/xc32/v3.01/bin/bin/../../lib/gcc/pic32mx/8.3.1/../../../../pic32mx/lib\libc.a(doprnt_cdnopuxX.eo)
 .debug_aranges
                0x00000000000012c8       0x20 e:/microchip/xc32/v3.01/bin/bin/../../lib/gcc/pic32mx/8.3.1/../../../../pic32mx/lib\libc.a(doprnt_s.eo)
 .debug_aranges
                0x00000000000012e8       0x30 e:/microchip/xc32/v3.01/bin/bin/../../lib/gcc/pic32mx/8.3.1/../../../../pic32mx/lib\libc.a(doprnt.o)
 .debug_aranges
                0x0000000000001318       0x20 e:/microchip/xc32/v3.01/bin/bin/../../lib/gcc/pic32mx/8.3.1/../../../../pic32mx/lib\libc.a(filbuf.o)
 .debug_aranges
                0x0000000000001338       0x20 e:/microchip/xc32/v3.01/bin/bin/../../lib/gcc/pic32mx/8.3.1/../../../../pic32mx/lib\libc.a(_flsbuf_simple.o)
 .debug_aranges
                0x0000000000001358       0x20 e:/microchip/xc32/v3.01/bin/bin/../../lib/gcc/pic32mx/8.3.1/../../../../pic32mx/lib\libc.a(fflush.o)
 .debug_aranges
                0x0000000000001378       0x20 e:/microchip/xc32/v3.01/bin/bin/../../lib/gcc/pic32mx/8.3.1/../../../../pic32mx/lib\libm.a(__strtod.o)
 .debug_aranges
                0x0000000000001398       0x20 e:/microchip/xc32/v3.01/bin/bin/../../lib/gcc/pic32mx/8.3.1/../../../../pic32mx/lib\libe.a(_fixunsdfdi.o)
 .debug_aranges
                0x00000000000013b8       0x20 e:/microchip/xc32/v3.01/bin/bin/../../lib/gcc/pic32mx/8.3.1/../../../../pic32mx/lib\libe.a(_orderdf2.o)
 .debug_aranges
                0x00000000000013d8       0x20 e:/microchip/xc32/v3.01/bin/bin/../../lib/gcc/pic32mx/8.3.1/../../../../pic32mx/lib\libe.a(_ldexp.o)
 .debug_aranges
                0x00000000000013f8       0x20 e:/microchip/xc32/v3.01/bin/bin/../../lib/gcc/pic32mx/8.3.1/../../../../pic32mx/lib\libe.a(_fixdfdi.o)
 .debug_aranges
                0x0000000000001418       0x20 e:/microchip/xc32/v3.01/bin/bin/../../lib/gcc/pic32mx/8.3.1\libgcc.a(_lshrdi3.o)
 .debug_aranges
                0x0000000000001438       0x20 e:/microchip/xc32/v3.01/bin/bin/../../lib/gcc/pic32mx/8.3.1\libgcc.a(_floatundidf.o)
 .debug_aranges
                0x0000000000001458       0x20 e:/microchip/xc32/v3.01/bin/bin/../../lib/gcc/pic32mx/8.3.1\libgcc.a(_divdi3.o)
 .debug_aranges
                0x0000000000001478       0x20 e:/microchip/xc32/v3.01/bin/bin/../../lib/gcc/pic32mx/8.3.1\libgcc.a(_moddi3.o)
 .debug_aranges
                0x0000000000001498       0x20 e:/microchip/xc32/v3.01/bin/bin/../../lib/gcc/pic32mx/8.3.1\libgcc.a(_udivdi3.o)
 .debug_aranges
                0x00000000000014b8       0x20 e:/microchip/xc32/v3.01/bin/bin/../../lib/gcc/pic32mx/8.3.1\libgcc.a(_umoddi3.o)
 .debug_aranges
                0x00000000000014d8       0x40 e:/microchip/xc32/v3.01/bin/bin/../../lib/gcc/pic32mx/8.3.1/../../../../pic32mx/lib\libpic32.a(sbrk.o)

.debug_pubnames
 *.elf(.debug_pubnames)
 *(.debug_pubnames)

.debug_info     0x0000000000000000   0x94d422
 *.elf(.debug_info .gnu.linkonce.wi.*)
 *(.debug_info .gnu.linkonce.wi.*)
 .debug_info    0x0000000000000000       0x3f e:/microchip/xc32/v3.01/bin/bin/../../lib/gcc/pic32mx/8.3.1/../../../../pic32mx/lib\software-debug-break.o
 .debug_info    0x000000000000003f    0x32a7e build/default/debug/_ext/1701374055/Ampli_functions.o
 .debug_info    0x0000000000032abd    0x33383 build/default/debug/_ext/1701374055/Amplifier_Com.o
 .debug_info    0x0000000000065e40    0x32a9d build/default/debug/_ext/1701374055/CAN_Enco_Com.o
 .debug_info    0x00000000000988dd    0x32ab8 build/default/debug/_ext/1701374055/Global_Vars.o
 .debug_info    0x00000000000cb395    0x3280d build/default/debug/_ext/1701374055/Protocol.o
 .debug_info    0x00000000000fdba2    0x325e4 build/default/debug/_ext/1701374055/BoardTemp.o
 .debug_info    0x0000000000130186    0x32ada build/default/debug/_ext/1701374055/AtmelFlashMem.o
 .debug_info    0x0000000000162c60    0x32795 build/default/debug/_ext/1701374055/RTC.o
 .debug_info    0x00000000001953f5    0x325c7 build/default/debug/_ext/1701374055/KBD_5X8.o
 .debug_info    0x00000000001c79bc    0x3283f build/default/debug/_ext/1701374055/LCD_functions.o
 .debug_info    0x00000000001fa1fb    0x3272a build/default/debug/_ext/1701374055/ETH_NetBurner.o
 .debug_info    0x000000000022c925    0x32c6c build/default/debug/_ext/1701375116/CAN_Comm.o
 .debug_info    0x000000000025f591    0x32704 build/default/debug/_ext/1701375116/ETH_Module_Com.o
 .debug_info    0x0000000000291c95    0x32c0f build/default/debug/_ext/1701375116/Events.o
 .debug_info    0x00000000002c48a4    0x3288b build/default/debug/_ext/1701375116/SSI_Enco.o
 .debug_info    0x00000000002f712f    0x32628 build/default/debug/_ext/1701375116/I2C_comm.o
 .debug_info    0x0000000000329757    0x3268f build/default/debug/_ext/1701375116/DataFlash_Comm.o
 .debug_info    0x000000000035bde6    0x324b8 build/default/debug/_ext/1701375116/Beeps.o
 .debug_info    0x000000000038e29e    0x332a8 build/default/debug/_ext/1701375116/RTC_Comm.o
 .debug_info    0x00000000003c1546    0x325b3 build/default/debug/_ext/1701375116/KBD_5X8_rd.o
 .debug_info    0x00000000003f3af9    0x32807 build/default/debug/_ext/1701375116/LCD_Comm.o
 .debug_info    0x0000000000426300    0x32a00 build/default/debug/_ext/1701375116/Sys_Inits.o
 .debug_info    0x0000000000458d00    0x326f5 build/default/debug/_ext/60163342/plib_adc.o
 .debug_info    0x000000000048b3f5    0x32c53 build/default/debug/_ext/60165182/plib_can1.o
 .debug_info    0x00000000004be048    0x32355 build/default/debug/_ext/60165520/plib_clk.o
 .debug_info    0x00000000004f039d    0x32592 build/default/debug/_ext/1249264884/plib_coretimer.o
 .debug_info    0x000000000052292f    0x327ed build/default/debug/_ext/1865200349/plib_evic.o
 .debug_info    0x000000000055511c    0x3258a build/default/debug/_ext/1865254177/plib_gpio.o
 .debug_info    0x00000000005876a6    0x3280b build/default/debug/_ext/513455433/plib_i2c2_master.o
 .debug_info    0x00000000005b9eb1    0x326f6 build/default/debug/_ext/298189674/plib_spi1_master.o
 .debug_info    0x00000000005ec5a7    0x329c2 build/default/debug/_ext/1865657120/plib_uart3.o
 .debug_info    0x000000000061ef69    0x32821 build/default/debug/_ext/1865657120/plib_uart1.o
 .debug_info    0x000000000065178a    0x32821 build/default/debug/_ext/1865657120/plib_uart5.o
 .debug_info    0x0000000000683fab    0x329c2 build/default/debug/_ext/1865657120/plib_uart4.o
 .debug_info    0x00000000006b696d    0x329c2 build/default/debug/_ext/1865657120/plib_uart2.o
 .debug_info    0x00000000006e932f    0x329c2 build/default/debug/_ext/1865657120/plib_uart6.o
 .debug_info    0x000000000071bcf1    0x32589 build/default/debug/_ext/163028504/xc32_monitor.o
 .debug_info    0x000000000074e27a    0x3261e build/default/debug/_ext/1171490990/initialization.o
 .debug_info    0x0000000000780898    0x325eb build/default/debug/_ext/1171490990/interrupts.o
 .debug_info    0x00000000007b2e83    0x3250a build/default/debug/_ext/1171490990/exceptions.o
 .debug_info    0x00000000007e538d    0x3272e build/default/debug/_ext/1342495810/BCD_Utils.o
 .debug_info    0x0000000000817abb    0x32668 build/default/debug/_ext/1342495810/Utils.o
 .debug_info    0x000000000084a123    0x33e51 build/default/debug/_ext/1360937237/main.o
 .debug_info    0x000000000087df74      0x199 build/default/debug/_ext/1360937237/Global.o
 .debug_info    0x000000000087e10d    0x32849 build/default/debug/_ext/1360937237/App_Utils.o
 .debug_info    0x00000000008b0956    0x340e2 build/default/debug/_ext/1360937237/HW_Testing.o
 .debug_info    0x00000000008e4a38    0x32e83 build/default/debug/_ext/1360937237/First_Test.o
 .debug_info    0x00000000009178bb    0x326e4 build/default/debug/_ext/1701374055/Para_Calculations.o
 .debug_info    0x0000000000949f9f       0x22 C:\Users\UT\AppData\Local\Temp\ccu2itLu.o
 .debug_info    0x0000000000949fc1       0x9d e:/microchip/xc32/v3.01/bin/bin/../../lib/gcc/pic32mx/8.3.1\libgcc.a(floatunsisf.o)
 .debug_info    0x000000000094a05e       0xaf e:/microchip/xc32/v3.01/bin/bin/../../lib/gcc/pic32mx/8.3.1\libgcc.a(floatunsidf.o)
 .debug_info    0x000000000094a10d       0x3f e:/microchip/xc32/v3.01/bin/bin/../../lib/gcc/pic32mx/8.3.1/../../../../pic32mx/lib\libpic32.a(default-on-reset.o)
 .debug_info    0x000000000094a14c       0x3f e:/microchip/xc32/v3.01/bin/bin/../../lib/gcc/pic32mx/8.3.1/../../../../pic32mx/lib\libpic32.a(default-on-bootstrap.o)
 .debug_info    0x000000000094a18b       0x40 e:/microchip/xc32/v3.01/bin/bin/../../lib/gcc/pic32mx/8.3.1/../../../../pic32mx/lib\libpic32.a(defaultinterrupt.o)
 .debug_info    0x000000000094a1cb       0x3e e:/microchip/xc32/v3.01/bin/bin/../../lib/gcc/pic32mx/8.3.1/../../../../pic32mx/lib\libc.a(atoi.o)
 .debug_info    0x000000000094a209       0x7d e:/microchip/xc32/v3.01/bin/bin/../../lib/gcc/pic32mx/8.3.1/../../../../pic32mx/lib\libc.a(gets.o)
 .debug_info    0x000000000094a286       0x3e e:/microchip/xc32/v3.01/bin/bin/../../lib/gcc/pic32mx/8.3.1/../../../../pic32mx/lib\libc.a(putchar.o)
 .debug_info    0x000000000094a2c4       0x52 e:/microchip/xc32/v3.01/bin/bin/../../lib/gcc/pic32mx/8.3.1/../../../../pic32mx/lib\libc.a(setbuf.o)
 .debug_info    0x000000000094a316       0x3e e:/microchip/xc32/v3.01/bin/bin/../../lib/gcc/pic32mx/8.3.1/../../../../pic32mx/lib\libc.a(strcat.o)
 .debug_info    0x000000000094a354       0x3e e:/microchip/xc32/v3.01/bin/bin/../../lib/gcc/pic32mx/8.3.1/../../../../pic32mx/lib\libc.a(strchr.o)
 .debug_info    0x000000000094a392       0x3e e:/microchip/xc32/v3.01/bin/bin/../../lib/gcc/pic32mx/8.3.1/../../../../pic32mx/lib\libc.a(strncpy.o)
 .debug_info    0x000000000094a3d0       0x52 e:/microchip/xc32/v3.01/bin/bin/../../lib/gcc/pic32mx/8.3.1/../../../../pic32mx/lib\libc.a(strtod.o)
 .debug_info    0x000000000094a422       0x3e e:/microchip/xc32/v3.01/bin/bin/../../lib/gcc/pic32mx/8.3.1/../../../../pic32mx/lib\libc.a(strstr.o)
 .debug_info    0x000000000094a460       0x3e e:/microchip/xc32/v3.01/bin/bin/../../lib/gcc/pic32mx/8.3.1/../../../../pic32mx/lib\libc.a(printf_cdfFnopuxX.eo)
 .debug_info    0x000000000094a49e       0x3e e:/microchip/xc32/v3.01/bin/bin/../../lib/gcc/pic32mx/8.3.1/../../../../pic32mx/lib\libc.a(printf_cdnopuxX.eo)
 .debug_info    0x000000000094a4dc       0x3e e:/microchip/xc32/v3.01/bin/bin/../../lib/gcc/pic32mx/8.3.1/../../../../pic32mx/lib\libc.a(printf_s.eo)
 .debug_info    0x000000000094a51a       0x3e e:/microchip/xc32/v3.01/bin/bin/../../lib/gcc/pic32mx/8.3.1/../../../../pic32mx/lib\libc.a(printf.o)
 .debug_info    0x000000000094a558       0x3e e:/microchip/xc32/v3.01/bin/bin/../../lib/gcc/pic32mx/8.3.1/../../../../pic32mx/lib\libc.a(sprintf_cdfFnopuxX.eo)
 .debug_info    0x000000000094a596       0x3e e:/microchip/xc32/v3.01/bin/bin/../../lib/gcc/pic32mx/8.3.1/../../../../pic32mx/lib\libc.a(sprintf_cdnopuxX.eo)
 .debug_info    0x000000000094a5d4       0x3e e:/microchip/xc32/v3.01/bin/bin/../../lib/gcc/pic32mx/8.3.1/../../../../pic32mx/lib\libc.a(fgetc.o)
 .debug_info    0x000000000094a612       0x48 e:/microchip/xc32/v3.01/bin/bin/../../lib/gcc/pic32mx/8.3.1/../../../../pic32mx/lib\libc.a(_fputc_simple.o)
 .debug_info    0x000000000094a65a       0x5c e:/microchip/xc32/v3.01/bin/bin/../../lib/gcc/pic32mx/8.3.1/../../../../pic32mx/lib\libc.a(buf.o)
 .debug_info    0x000000000094a6b6       0x3e e:/microchip/xc32/v3.01/bin/bin/../../lib/gcc/pic32mx/8.3.1/../../../../pic32mx/lib\libc.a(strncmp.o)
 .debug_info    0x000000000094a6f4       0x8b e:/microchip/xc32/v3.01/bin/bin/../../lib/gcc/pic32mx/8.3.1/../../../../pic32mx/lib\libc.a(doprnt_cdfFnopuxX.eo)
 .debug_info    0x000000000094a77f       0x3f e:/microchip/xc32/v3.01/bin/bin/../../lib/gcc/pic32mx/8.3.1/../../../../pic32mx/lib\libc.a(doprnt_cdnopuxX.eo)
 .debug_info    0x000000000094a7be       0x3f e:/microchip/xc32/v3.01/bin/bin/../../lib/gcc/pic32mx/8.3.1/../../../../pic32mx/lib\libc.a(doprnt_s.eo)
 .debug_info    0x000000000094a7fd       0x9b e:/microchip/xc32/v3.01/bin/bin/../../lib/gcc/pic32mx/8.3.1/../../../../pic32mx/lib\libc.a(doprnt.o)
 .debug_info    0x000000000094a898       0x3e e:/microchip/xc32/v3.01/bin/bin/../../lib/gcc/pic32mx/8.3.1/../../../../pic32mx/lib\libc.a(filbuf.o)
 .debug_info    0x000000000094a8d6       0x3e e:/microchip/xc32/v3.01/bin/bin/../../lib/gcc/pic32mx/8.3.1/../../../../pic32mx/lib\libc.a(_flsbuf_simple.o)
 .debug_info    0x000000000094a914       0x3e e:/microchip/xc32/v3.01/bin/bin/../../lib/gcc/pic32mx/8.3.1/../../../../pic32mx/lib\libc.a(fflush.o)
 .debug_info    0x000000000094a952       0x4b e:/microchip/xc32/v3.01/bin/bin/../../lib/gcc/pic32mx/8.3.1/../../../../pic32mx/lib\libm.a(__strtod.o)
 .debug_info    0x000000000094a99d       0x46 e:/microchip/xc32/v3.01/bin/bin/../../lib/gcc/pic32mx/8.3.1/../../../../pic32mx/lib\libe.a(_fixunsdfdi.o)
 .debug_info    0x000000000094a9e3       0x3f e:/microchip/xc32/v3.01/bin/bin/../../lib/gcc/pic32mx/8.3.1/../../../../pic32mx/lib\libe.a(_orderdf2.o)
 .debug_info    0x000000000094aa22       0x77 e:/microchip/xc32/v3.01/bin/bin/../../lib/gcc/pic32mx/8.3.1/../../../../pic32mx/lib\libe.a(_ldexp.o)
 .debug_info    0x000000000094aa99       0x3f e:/microchip/xc32/v3.01/bin/bin/../../lib/gcc/pic32mx/8.3.1/../../../../pic32mx/lib\libe.a(_fixdfdi.o)
 .debug_info    0x000000000094aad8      0x33c e:/microchip/xc32/v3.01/bin/bin/../../lib/gcc/pic32mx/8.3.1\libgcc.a(_lshrdi3.o)
 .debug_info    0x000000000094ae14      0x27f e:/microchip/xc32/v3.01/bin/bin/../../lib/gcc/pic32mx/8.3.1\libgcc.a(_floatundidf.o)
 .debug_info    0x000000000094b093      0x8aa e:/microchip/xc32/v3.01/bin/bin/../../lib/gcc/pic32mx/8.3.1\libgcc.a(_divdi3.o)
 .debug_info    0x000000000094b93d      0x907 e:/microchip/xc32/v3.01/bin/bin/../../lib/gcc/pic32mx/8.3.1\libgcc.a(_moddi3.o)
 .debug_info    0x000000000094c244      0x85c e:/microchip/xc32/v3.01/bin/bin/../../lib/gcc/pic32mx/8.3.1\libgcc.a(_udivdi3.o)
 .debug_info    0x000000000094caa0      0x8d4 e:/microchip/xc32/v3.01/bin/bin/../../lib/gcc/pic32mx/8.3.1\libgcc.a(_umoddi3.o)
 .debug_info    0x000000000094d374       0xae e:/microchip/xc32/v3.01/bin/bin/../../lib/gcc/pic32mx/8.3.1/../../../../pic32mx/lib\libpic32.a(sbrk.o)

.debug_abbrev   0x0000000000000000     0x95d4
 *.elf(.debug_abbrev)
 *(.debug_abbrev)
 .debug_abbrev  0x0000000000000000       0x2e e:/microchip/xc32/v3.01/bin/bin/../../lib/gcc/pic32mx/8.3.1/../../../../pic32mx/lib\software-debug-break.o
 .debug_abbrev  0x000000000000002e      0x2a3 build/default/debug/_ext/1701374055/Ampli_functions.o
 .debug_abbrev  0x00000000000002d1      0x35a build/default/debug/_ext/1701374055/Amplifier_Com.o
 .debug_abbrev  0x000000000000062b      0x2ce build/default/debug/_ext/1701374055/CAN_Enco_Com.o
 .debug_abbrev  0x00000000000008f9      0x1ef build/default/debug/_ext/1701374055/Global_Vars.o
 .debug_abbrev  0x0000000000000ae8      0x2e9 build/default/debug/_ext/1701374055/Protocol.o
 .debug_abbrev  0x0000000000000dd1      0x29b build/default/debug/_ext/1701374055/BoardTemp.o
 .debug_abbrev  0x000000000000106c      0x2e5 build/default/debug/_ext/1701374055/AtmelFlashMem.o
 .debug_abbrev  0x0000000000001351      0x243 build/default/debug/_ext/1701374055/RTC.o
 .debug_abbrev  0x0000000000001594      0x26a build/default/debug/_ext/1701374055/KBD_5X8.o
 .debug_abbrev  0x00000000000017fe      0x275 build/default/debug/_ext/1701374055/LCD_functions.o
 .debug_abbrev  0x0000000000001a73      0x289 build/default/debug/_ext/1701374055/ETH_NetBurner.o